Archive member included to satisfy reference by file (symbol)

C:\Temp\MPC-MKS\lpcxpresso55s69_hello_world\libs\libpower_hardabi.a(fsl_power_lib.o)
                              ./drivers/fsl_clock.o (POWER_SetVoltageForFreq)
c:/appz/nxp/mcuxpressoide_11.6.0_8187/ide/plugins/com.nxp.mcuxpresso.tools.win32_11.6.0.202112161359/tools/bin/../lib/gcc/arm-none-eabi/10.3.1/../../../../arm-none-eabi/lib/thumb/v8-m.main+fp/hard\libcr_nohost_nf.a(_cr__main.o)
                              ./startup/startup_lpc55s69_cm33_core0.o (__main)
c:/appz/nxp/mcuxpressoide_11.6.0_8187/ide/plugins/com.nxp.mcuxpresso.tools.win32_11.6.0.202112161359/tools/bin/../lib/gcc/arm-none-eabi/10.3.1/../../../../arm-none-eabi/lib/thumb/v8-m.main+fp/hard\libcr_nohost_nf.a(_cr_assert.o)
                              ./utilities/fsl_debug_console.o (__assertion_failed)
c:/appz/nxp/mcuxpressoide_11.6.0_8187/ide/plugins/com.nxp.mcuxpresso.tools.win32_11.6.0.202112161359/tools/bin/../lib/gcc/arm-none-eabi/10.3.1/../../../../arm-none-eabi/lib/thumb/v8-m.main+fp/hard\libcr_nohost_nf.a(__ciob.o)
                              c:/appz/nxp/mcuxpressoide_11.6.0_8187/ide/plugins/com.nxp.mcuxpresso.tools.win32_11.6.0.202112161359/tools/bin/../lib/gcc/arm-none-eabi/10.3.1/../../../../arm-none-eabi/lib/thumb/v8-m.main+fp/hard\libcr_nohost_nf.a(_cr_assert.o) (__Ciob)
c:/appz/nxp/mcuxpressoide_11.6.0_8187/ide/plugins/com.nxp.mcuxpresso.tools.win32_11.6.0.202112161359/tools/bin/../lib/gcc/arm-none-eabi/10.3.1/../../../../arm-none-eabi/lib/thumb/v8-m.main+fp/hard\libcr_nohost_nf.a(__sys_appexit.o)
                              c:/appz/nxp/mcuxpressoide_11.6.0_8187/ide/plugins/com.nxp.mcuxpresso.tools.win32_11.6.0.202112161359/tools/bin/../lib/gcc/arm-none-eabi/10.3.1/../../../../arm-none-eabi/lib/thumb/v8-m.main+fp/hard\libcr_nohost_nf.a(_cr_assert.o) (__sys_appexit)
c:/appz/nxp/mcuxpressoide_11.6.0_8187/ide/plugins/com.nxp.mcuxpresso.tools.win32_11.6.0.202112161359/tools/bin/../lib/gcc/arm-none-eabi/10.3.1/../../../../arm-none-eabi/lib/thumb/v8-m.main+fp/hard\libcr_c.a(memset.o)
                              ./utilities/fsl_debug_console.o (memset)
c:/appz/nxp/mcuxpressoide_11.6.0_8187/ide/plugins/com.nxp.mcuxpresso.tools.win32_11.6.0.202112161359/tools/bin/../lib/gcc/arm-none-eabi/10.3.1/../../../../arm-none-eabi/lib/thumb/v8-m.main+fp/hard\libcr_c.a(_deferredlazyseek.o)
                              c:/appz/nxp/mcuxpressoide_11.6.0_8187/ide/plugins/com.nxp.mcuxpresso.tools.win32_11.6.0.202112161359/tools/bin/../lib/gcc/arm-none-eabi/10.3.1/../../../../arm-none-eabi/lib/thumb/v8-m.main+fp/hard\libcr_nohost_nf.a(_cr_assert.o) (__flsbuf)
c:/appz/nxp/mcuxpressoide_11.6.0_8187/ide/plugins/com.nxp.mcuxpresso.tools.win32_11.6.0.202112161359/tools/bin/../lib/gcc/arm-none-eabi/10.3.1/../../../../arm-none-eabi/lib/thumb/v8-m.main+fp/hard\libcr_c.a(_fflush.o)
                              c:/appz/nxp/mcuxpressoide_11.6.0_8187/ide/plugins/com.nxp.mcuxpresso.tools.win32_11.6.0.202112161359/tools/bin/../lib/gcc/arm-none-eabi/10.3.1/../../../../arm-none-eabi/lib/thumb/v8-m.main+fp/hard\libcr_c.a(_deferredlazyseek.o) (_fflush)
c:/appz/nxp/mcuxpressoide_11.6.0_8187/ide/plugins/com.nxp.mcuxpresso.tools.win32_11.6.0.202112161359/tools/bin/../lib/gcc/arm-none-eabi/10.3.1/../../../../arm-none-eabi/lib/thumb/v8-m.main+fp/hard\libcr_c.a(_writebuf.o)
                              c:/appz/nxp/mcuxpressoide_11.6.0_8187/ide/plugins/com.nxp.mcuxpresso.tools.win32_11.6.0.202112161359/tools/bin/../lib/gcc/arm-none-eabi/10.3.1/../../../../arm-none-eabi/lib/thumb/v8-m.main+fp/hard\libcr_c.a(_deferredlazyseek.o) (_Cwritebuf)
c:/appz/nxp/mcuxpressoide_11.6.0_8187/ide/plugins/com.nxp.mcuxpresso.tools.win32_11.6.0.202112161359/tools/bin/../lib/gcc/arm-none-eabi/10.3.1/../../../../arm-none-eabi/lib/thumb/v8-m.main+fp/hard\libcr_c.a(alloc.o)
                              ./drivers/fsl_common.o (malloc)
c:/appz/nxp/mcuxpressoide_11.6.0_8187/ide/plugins/com.nxp.mcuxpresso.tools.win32_11.6.0.202112161359/tools/bin/../lib/gcc/arm-none-eabi/10.3.1/../../../../arm-none-eabi/lib/thumb/v8-m.main+fp/hard\libcr_c.a(fputs.o)
                              c:/appz/nxp/mcuxpressoide_11.6.0_8187/ide/plugins/com.nxp.mcuxpresso.tools.win32_11.6.0.202112161359/tools/bin/../lib/gcc/arm-none-eabi/10.3.1/../../../../arm-none-eabi/lib/thumb/v8-m.main+fp/hard\libcr_nohost_nf.a(_cr_assert.o) (fputs)
c:/appz/nxp/mcuxpressoide_11.6.0_8187/ide/plugins/com.nxp.mcuxpresso.tools.win32_11.6.0.202112161359/tools/bin/../lib/gcc/arm-none-eabi/10.3.1/../../../../arm-none-eabi/lib/thumb/v8-m.main+fp/hard\libcr_c.a(fseek.o)
                              c:/appz/nxp/mcuxpressoide_11.6.0_8187/ide/plugins/com.nxp.mcuxpresso.tools.win32_11.6.0.202112161359/tools/bin/../lib/gcc/arm-none-eabi/10.3.1/../../../../arm-none-eabi/lib/thumb/v8-m.main+fp/hard\libcr_c.a(_deferredlazyseek.o) (fseek)
[...]
Memory Configuration

Name             Origin             Length             Attributes
PROGRAM_FLASH    0x00000000         0x00098000         xr
SRAM             0x20000000         0x00044000         xrw
SRAMX            0x04000000         0x00008000         xrw
USB_RAM          0x40100000         0x00004000         xrw
*default*        0x00000000         0xffffffff

Linker script and memory map

LOAD ./utilities/fsl_assert.o
LOAD ./utilities/fsl_debug_console.o
LOAD ./utilities/fsl_str.o
LOAD ./startup/boot_multicore_slave.o
LOAD ./startup/startup_lpc55s69_cm33_core0.o
LOAD ./source/hello_world.o
LOAD ./source/semihost_hardfault.o
LOAD ./drivers/fsl_clock.o
LOAD ./drivers/fsl_common.o
LOAD ./drivers/fsl_ctimer.o
LOAD ./drivers/fsl_flexcomm.o
LOAD ./drivers/fsl_gpio.o
LOAD ./drivers/fsl_i2c.o
LOAD ./drivers/fsl_power.o
LOAD ./drivers/fsl_reset.o
LOAD ./drivers/fsl_spi.o
LOAD ./drivers/fsl_usart.o
LOAD ./device/system_LPC55S69_cm33_core0.o
LOAD ./component/uart/usart_adapter.o
LOAD ./component/serial_manager/serial_manager.o
LOAD ./component/serial_manager/serial_port_uart.o
LOAD ./component/lists/generic_list.o
LOAD ./board/board.o
LOAD ./board/clock_config.o
LOAD ./board/peripherals.o
LOAD ./board/pin_mux.o
LOAD C:\Temp\MPC-MKS\lpcxpresso55s69_hello_world\libs\libpower_hardabi.a
START GROUP
LOAD c:/appz/nxp/mcuxpressoide_11.6.0_8187/ide/plugins/com.nxp.mcuxpresso.tools.win32_11.6.0.202112161359/tools/bin/../lib/gcc/arm-none-eabi/10.3.1/../../../../arm-none-eabi/lib/thumb/v8-m.main+fp/hard\libcr_nohost_nf.a
LOAD c:/appz/nxp/mcuxpressoide_11.6.0_8187/ide/plugins/com.nxp.mcuxpresso.tools.win32_11.6.0.202112161359/tools/bin/../lib/gcc/arm-none-eabi/10.3.1/../../../../arm-none-eabi/lib/thumb/v8-m.main+fp/hard\libcr_c.a
LOAD c:/appz/nxp/mcuxpressoide_11.6.0_8187/ide/plugins/com.nxp.mcuxpresso.tools.win32_11.6.0.202112161359/tools/bin/../lib/gcc/arm-none-eabi/10.3.1/thumb/v8-m.main+fp/hard\libcr_eabihelpers.a
LOAD c:/appz/nxp/mcuxpressoide_11.6.0_8187/ide/plugins/com.nxp.mcuxpresso.tools.win32_11.6.0.202112161359/tools/bin/../lib/gcc/arm-none-eabi/10.3.1/thumb/v8-m.main+fp/hard\libgcc.a
END GROUP
                0x00000000                __base_PROGRAM_FLASH = 0x0
                0x00000000                __base_Flash = 0x0
                0x00098000                __top_PROGRAM_FLASH = 0x98000
                0x00098000                __top_Flash = 0x98000
                0x20000000                __base_SRAM = 0x20000000
                0x20000000                __base_RAM = 0x20000000
                0x20044000                __top_SRAM = 0x20044000
                0x20044000                __top_RAM = 0x20044000
                0x04000000                __base_SRAMX = 0x4000000
                0x04000000                __base_RAM2 = 0x4000000
                0x04008000                __top_SRAMX = 0x4008000
                0x04008000                __top_RAM2 = 0x4008000
                0x40100000                __base_USB_RAM = 0x40100000
                0x40100000                __base_RAM3 = 0x40100000
                0x40104000                __top_USB_RAM = 0x40104000
                0x40104000                __top_RAM3 = 0x40104000

.text           0x00000000     0x38d4
 FILL mask 0xff
                0x00000000                __vectors_start__ = ABSOLUTE (.)
 *(SORT_BY_ALIGNMENT(.isr_vector))
 .isr_vector    0x00000000      0x130 ./startup/startup_lpc55s69_cm33_core0.o
                0x00000000                g_pfnVectors
                0x00000000                __Vectors
                0x00000130                . = ALIGN (0x4)
                0x00000130                __section_table_start = .
                0x00000130                __data_section_table = .
                0x00000130        0x4 LONG 0x38d4 LOADADDR (.data)
                0x00000134        0x4 LONG 0x20000000 ADDR (.data)
                0x00000138        0x4 LONG 0x8 SIZEOF (.data)
                0x0000013c        0x4 LONG 0x38d4 LOADADDR (.data_RAM2)
                0x00000140        0x4 LONG 0x4000000 ADDR (.data_RAM2)
                0x00000144        0x4 LONG 0x0 SIZEOF (.data_RAM2)
                0x00000148        0x4 LONG 0x38d4 LOADADDR (.data_RAM3)
                0x0000014c        0x4 LONG 0x40100000 ADDR (.data_RAM3)
                0x00000150        0x4 LONG 0x0 SIZEOF (.data_RAM3)
                0x00000154                __data_section_table_end = .
                0x00000154                __bss_section_table = .
                0x00000154        0x4 LONG 0x20000008 ADDR (.bss)
                0x00000158        0x4 LONG 0x144 SIZEOF (.bss)
                0x0000015c        0x4 LONG 0x4000000 ADDR (.bss_RAM2)
                0x00000160        0x4 LONG 0x0 SIZEOF (.bss_RAM2)
                0x00000164        0x4 LONG 0x40100000 ADDR (.bss_RAM3)
                0x00000168        0x4 LONG 0x0 SIZEOF (.bss_RAM3)
                0x0000016c                __bss_section_table_end = .
                0x0000016c                __section_table_end = .
 *(SORT_BY_ALIGNMENT(.after_vectors*))
 .after_vectors.reset
                0x0000016c       0x4c ./startup/startup_lpc55s69_cm33_core0.o
                0x0000016c                ResetISR
 .after_vectors.init_data
                0x000001b8       0x1e ./startup/startup_lpc55s69_cm33_core0.o
                0x000001b8                data_init
 .after_vectors.init_bss
                0x000001d6       0x12 ./startup/startup_lpc55s69_cm33_core0.o
                0x000001d6                bss_init
 .after_vectors
                0x000001e8       0x14 ./startup/startup_lpc55s69_cm33_core0.o
                0x000001e8                NMI_Handler
                0x000001ec                MemManage_Handler
                0x000001ee                BusFault_Handler
                0x000001f0                UsageFault_Handler
                0x000001f2                SVC_Handler
                0x000001f4                DebugMon_Handler
                0x000001f6                PendSV_Handler
                0x000001f8                SysTick_Handler
                0x000001fa                PIN_INT2_DriverIRQHandler
                0x000001fa                Reserved56_DriverIRQHandler
                0x000001fa                PIN_INT0_DriverIRQHandler
                0x000001fa                PIN_INT3_DriverIRQHandler
                0x000001fa                SEC_VIO_DriverIRQHandler
                0x000001fa                IntDefaultHandler
                0x000001fa                USB0_DriverIRQHandler
                0x000001fa                CASER_DriverIRQHandler
                0x000001fa                MRT0_DriverIRQHandler
                0x000001fa                UTICK0_DriverIRQHandler
                0x000001fa                Reserved41_DriverIRQHandler
                0x000001fa                PIN_INT4_DriverIRQHandler
                0x000001fa                PIN_INT5_DriverIRQHandler
                0x000001fa                SEC_GPIO_INT0_IRQ0_DriverIRQHandler
                0x000001fa                GINT1_DriverIRQHandler
                0x000001fa                PIN_INT7_DriverIRQHandler
                0x000001fa                Reserved42_DriverIRQHandler
                0x000001fa                HASHCRYPT_DriverIRQHandler
                0x000001fa                USB0_NEEDCLK_DriverIRQHandler
                0x000001fa                PIN_INT6_DriverIRQHandler
                0x000001fa                PQ_DriverIRQHandler
                0x000001fa                MAILBOX_DriverIRQHandler
                0x000001fa                PIN_INT1_DriverIRQHandler
                0x000001fa                Reserved61_DriverIRQHandler
                0x000001fa                SEC_GPIO_INT0_IRQ1_DriverIRQHandler
                0x000001fa                PUF_DriverIRQHandler
                0x000001fa                RTC_DriverIRQHandler
                0x000001fa                DMA0_DriverIRQHandler
                0x000001fa                Reserved39_DriverIRQHandler
                0x000001fa                USB1_DriverIRQHandler
                0x000001fa                Reserved60_DriverIRQHandler
                0x000001fa                DMA1_DriverIRQHandler
                0x000001fa                ADC0_DriverIRQHandler
                0x000001fa                USB1_NEEDCLK_DriverIRQHandler
                0x000001fa                Reserved59_DriverIRQHandler
                0x000001fa                SDIO_DriverIRQHandler
                0x000001fa                GINT0_DriverIRQHandler
                0x000001fa                ACMP_DriverIRQHandler
                0x000001fa                Reserved57_DriverIRQHandler
                0x000001fa                Reserved55_DriverIRQHandler
                0x000001fa                Reserved46_DriverIRQHandler
                0x000001fa                USB1_UTMI_DriverIRQHandler
                0x000001fa                WDT_BOD_DriverIRQHandler
                0x000001fa                SCT0_DriverIRQHandler
                0x000001fa                PLU_DriverIRQHandler
                0x000001fa                OS_EVENT_DriverIRQHandler
                0x000001fa                SEC_HYPERVISOR_CALL_DriverIRQHandler
 *(SORT_BY_ALIGNMENT(.text*))
 *fill*         0x000001fc        0x4 ff
 .text.CLOCK_SetFLASHAccessCyclesForFreq
                0x00000200       0x80 ./drivers/fsl_clock.o
                0x00000200                CLOCK_SetFLASHAccessCyclesForFreq
 .text.DbgConsole_ReadOneCharacter
                0x00000280       0x34 ./utilities/fsl_debug_console.o
                0x00000280                DbgConsole_ReadOneCharacter
 .text.DbgConsole_SendDataReliable
                0x000002b4       0x58 ./utilities/fsl_debug_console.o
                0x000002b4                DbgConsole_SendDataReliable
 .text.DbgConsole_ReadCharacter
                0x0000030c       0x3c ./utilities/fsl_debug_console.o
                0x0000030c                DbgConsole_ReadCharacter
 .text.DbgConsole_Init
                0x00000348      0x104 ./utilities/fsl_debug_console.o
                0x00000348                DbgConsole_Init
 .text.DbgConsole_Printf
                0x0000044c       0x7c ./utilities/fsl_debug_console.o
                0x0000044c                DbgConsole_Printf
 .text.Timer_IRQ
                0x000004c8       0x1c ./source/hello_world.o
                0x000004c8                Timer_IRQ
 .text.main     0x000004e4       0x50 ./source/hello_world.o
                0x000004e4                main
 .text.POWER_DisablePD
                0x00000534       0x20 ./drivers/fsl_clock.o
 .text.CLOCK_AttachClk
                0x00000554       0x98 ./drivers/fsl_clock.o
                0x00000554                CLOCK_AttachClk
 .text.CLOCK_SetClkDiv
                0x000005ec       0x5c ./drivers/fsl_clock.o
                0x000005ec                CLOCK_SetClkDiv
 .text.CLOCK_SetupFROClocking
                0x00000648       0x94 ./drivers/fsl_clock.o
                0x00000648                CLOCK_SetupFROClocking
 .text.__NVIC_EnableIRQ
                0x000006dc       0x3c ./drivers/fsl_ctimer.o
 .text.CTIMER_GetInstance
                0x00000718       0x54 ./drivers/fsl_ctimer.o
 .text.CTIMER_Init
                0x0000076c       0x74 ./drivers/fsl_ctimer.o
                0x0000076c                CTIMER_Init
 .text.CTIMER_SetupMatch
                0x000007e0      0x11c ./drivers/fsl_ctimer.o
                0x000007e0                CTIMER_SetupMatch
 .text.CTIMER_RegisterCallBack
                0x000008fc       0x3c ./drivers/fsl_ctimer.o
                0x000008fc                CTIMER_RegisterCallBack
 .text.CTIMER_GenericIRQHandler
                0x00000938       0xb4 ./drivers/fsl_ctimer.o
                0x00000938                CTIMER_GenericIRQHandler
 .text.FLEXCOMM_GetInstance
                0x000009ec       0x44 ./drivers/fsl_flexcomm.o
                0x000009ec                FLEXCOMM_GetInstance
 .text.FLEXCOMM_Init
                0x00000a30       0x5c ./drivers/fsl_flexcomm.o
                0x00000a30                FLEXCOMM_Init
 .text.FLEXCOMM0_DriverIRQHandler
                0x00000a8c       0x38 ./drivers/fsl_flexcomm.o
                0x00000a8c                FLEXCOMM0_DriverIRQHandler
 .text.FLEXCOMM1_DriverIRQHandler
                0x00000ac4       0x38 ./drivers/fsl_flexcomm.o
                0x00000ac4                FLEXCOMM1_DriverIRQHandler
 .text.FLEXCOMM2_DriverIRQHandler
                0x00000afc       0x38 ./drivers/fsl_flexcomm.o
                0x00000afc                FLEXCOMM2_DriverIRQHandler
 .text.FLEXCOMM3_DriverIRQHandler
                0x00000b34       0x38 ./drivers/fsl_flexcomm.o
                0x00000b34                FLEXCOMM3_DriverIRQHandler
 .text.FLEXCOMM4_DriverIRQHandler
                0x00000b6c       0x38 ./drivers/fsl_flexcomm.o
                0x00000b6c                FLEXCOMM4_DriverIRQHandler
 .text.FLEXCOMM5_DriverIRQHandler
                0x00000ba4       0x38 ./drivers/fsl_flexcomm.o
                0x00000ba4                FLEXCOMM5_DriverIRQHandler
 .text.FLEXCOMM6_DriverIRQHandler
                0x00000bdc       0x38 ./drivers/fsl_flexcomm.o
                0x00000bdc                FLEXCOMM6_DriverIRQHandler
 .text.FLEXCOMM7_DriverIRQHandler
                0x00000c14       0x38 ./drivers/fsl_flexcomm.o
                0x00000c14                FLEXCOMM7_DriverIRQHandler
 .text.FLEXCOMM8_DriverIRQHandler
                0x00000c4c       0x38 ./drivers/fsl_flexcomm.o
                0x00000c4c                FLEXCOMM8_DriverIRQHandler
 .text.RESET_SetPeripheralReset
                0x00000c84       0x5c ./drivers/fsl_reset.o
                0x00000c84                RESET_SetPeripheralReset
 .text.RESET_ClearPeripheralReset
                0x00000ce0       0x60 ./drivers/fsl_reset.o
                0x00000ce0                RESET_ClearPeripheralReset
 .text.USART_Init
                0x00000d40      0x180 ./drivers/fsl_usart.o
                0x00000d40                USART_Init
 .text.USART_GetDefaultConfig
                0x00000ec0       0x74 ./drivers/fsl_usart.o
                0x00000ec0                USART_GetDefaultConfig
 .text.USART_SetBaudRate
                0x00000f34      0x110 ./drivers/fsl_usart.o
                0x00000f34                USART_SetBaudRate
 .text.USART_WriteBlocking
                0x00001044       0x88 ./drivers/fsl_usart.o
                0x00001044                USART_WriteBlocking
 .text.USART_ReadBlocking
                0x000010cc      0x10c ./drivers/fsl_usart.o
                0x000010cc                USART_ReadBlocking
 .text.SystemInit
                0x000011d8       0x64 ./device/system_LPC55S69_cm33_core0.o
                0x000011d8                SystemInit
 .text.HAL_UartInit
                0x0000123c      0x108 ./component/uart/usart_adapter.o
                0x0000123c                HAL_UartInit
 .text.HAL_UartReceiveBlocking
                0x00001344       0x6c ./component/uart/usart_adapter.o
                0x00001344                HAL_UartReceiveBlocking
 .text.HAL_UartSendBlocking
                0x000013b0       0x64 ./component/uart/usart_adapter.o
                0x000013b0                HAL_UartSendBlocking
 .text.SerialManager_Write
                0x00001414       0x6c ./component/serial_manager/serial_manager.o
 .text.SerialManager_Read
                0x00001480       0x6c ./component/serial_manager/serial_manager.o
 .text.SerialManager_Init
                0x000014ec       0x74 ./component/serial_manager/serial_manager.o
                0x000014ec                SerialManager_Init
 .text.SerialManager_OpenWriteHandle
                0x00001560       0x58 ./component/serial_manager/serial_manager.o
                0x00001560                SerialManager_OpenWriteHandle
 .text.SerialManager_OpenReadHandle
                0x000015b8       0x60 ./component/serial_manager/serial_manager.o
                0x000015b8                SerialManager_OpenReadHandle
 .text.Serial_UartInit
                0x00001618       0x80 ./component/serial_manager/serial_port_uart.o
                0x00001618                Serial_UartInit
 .text.Serial_UartWrite
                0x00001698       0x58 ./component/serial_manager/serial_port_uart.o
                0x00001698                Serial_UartWrite
 .text.Serial_UartRead
                0x000016f0       0x58 ./component/serial_manager/serial_port_uart.o
                0x000016f0                Serial_UartRead
 .text.BOARD_InitDebugConsole
                0x00001748       0x38 ./board/board.o
                0x00001748                BOARD_InitDebugConsole
 .text.POWER_DisablePD
                0x00001780       0x20 ./board/clock_config.o
 .text.BOARD_BootClockFROHF96M
                0x000017a0       0x80 ./board/clock_config.o
                0x000017a0                BOARD_BootClockFROHF96M
 .text.CTIMER0_init
                0x00001820       0x34 ./board/peripherals.o
 .text.CTIMER2_init
                0x00001854       0x28 ./board/peripherals.o
 .text.BOARD_InitPins
                0x0000187c       0x8c ./board/pin_mux.o
                0x0000187c                BOARD_InitPins
 .text.nio_set_system_voltage
                0x00001908       0xc0 C:\Temp\MPC-MKS\lpcxpresso55s69_hello_world\libs\libpower_hardabi.a(fsl_power_lib.o)
                0x00001908                nio_set_system_voltage
 .text.POWER_SetVoltageForFreq
                0x000019c8       0x28 C:\Temp\MPC-MKS\lpcxpresso55s69_hello_world\libs\libpower_hardabi.a(fsl_power_lib.o)
                0x000019c8                POWER_SetVoltageForFreq
 .text.__assertion_failed
                0x000019f0       0x4c c:/appz/nxp/mcuxpressoide_11.6.0_8187/ide/plugins/com.nxp.mcuxpresso.tools.win32_11.6.0.202112161359/tools/bin/../lib/gcc/arm-none-eabi/10.3.1/../../../../arm-none-eabi/lib/thumb/v8-m.main+fp/hard\libcr_nohost_nf.a(_cr_assert.o)
                0x000019f0                __assertion_failed
 .text._Cwritebuf
                0x00001a3c       0x6c c:/appz/nxp/mcuxpressoide_11.6.0_8187/ide/plugins/com.nxp.mcuxpresso.tools.win32_11.6.0.202112161359/tools/bin/../lib/gcc/arm-none-eabi/10.3.1/../../../../arm-none-eabi/lib/thumb/v8-m.main+fp/hard\libcr_c.a(_writebuf.o)
                0x00001a3c                _Cwritebuf
 .text.malloc   0x00001aa8       0xc8 c:/appz/nxp/mcuxpressoide_11.6.0_8187/ide/plugins/com.nxp.mcuxpresso.tools.win32_11.6.0.202112161359/tools/bin/../lib/gcc/arm-none-eabi/10.3.1/../../../../arm-none-eabi/lib/thumb/v8-m.main+fp/hard\libcr_c.a(alloc.o)
                0x00001aa8                malloc
 .text._Csys_alloc
                0x00001b70       0x20 c:/appz/nxp/mcuxpressoide_11.6.0_8187/ide/plugins/com.nxp.mcuxpresso.tools.win32_11.6.0.202112161359/tools/bin/../lib/gcc/arm-none-eabi/10.3.1/../../../../arm-none-eabi/lib/thumb/v8-m.main+fp/hard\libcr_c.a(alloc.o)
                0x00001b70                _Csys_alloc
 .text.fseek    0x00001b90       0xfc c:/appz/nxp/mcuxpressoide_11.6.0_8187/ide/plugins/com.nxp.mcuxpresso.tools.win32_11.6.0.202112161359/tools/bin/../lib/gcc/arm-none-eabi/10.3.1/../../../../arm-none-eabi/lib/thumb/v8-m.main+fp/hard\libcr_c.a(fseek.o)
                0x00001b90                fseek
 .text.ftell    0x00001c8c       0x44 c:/appz/nxp/mcuxpressoide_11.6.0_8187/ide/plugins/com.nxp.mcuxpresso.tools.win32_11.6.0.202112161359/tools/bin/../lib/gcc/arm-none-eabi/10.3.1/../../../../arm-none-eabi/lib/thumb/v8-m.main+fp/hard\libcr_c.a(ftell.o)
                0x00001c8c                ftell
 .text._initio  0x00001cd0       0x78 c:/appz/nxp/mcuxpressoide_11.6.0_8187/ide/plugins/com.nxp.mcuxpresso.tools.win32_11.6.0.202112161359/tools/bin/../lib/gcc/arm-none-eabi/10.3.1/../../../../arm-none-eabi/lib/thumb/v8-m.main+fp/hard\libcr_c.a(initio.o)
                0x00001cd0                _initio
 .text._sbrk    0x00001d48       0x3c c:/appz/nxp/mcuxpressoide_11.6.0_8187/ide/plugins/com.nxp.mcuxpresso.tools.win32_11.6.0.202112161359/tools/bin/../lib/gcc/arm-none-eabi/10.3.1/../../../../arm-none-eabi/lib/thumb/v8-m.main+fp/hard\libcr_c.a(_cr_sbrk.o)
                0x00001d48                _sbrk
 .text.fflush   0x00001d84       0x3c c:/appz/nxp/mcuxpressoide_11.6.0_8187/ide/plugins/com.nxp.mcuxpresso.tools.win32_11.6.0.202112161359/tools/bin/../lib/gcc/arm-none-eabi/10.3.1/../../../../arm-none-eabi/lib/thumb/v8-m.main+fp/hard\libcr_c.a(fflush.o)
                0x00001d84                fflush
 .text.__check_heap_overflow
                0x00001dc0       0x18 c:/appz/nxp/mcuxpressoide_11.6.0_8187/ide/plugins/com.nxp.mcuxpresso.tools.win32_11.6.0.202112161359/tools/bin/../lib/gcc/arm-none-eabi/10.3.1/../../../../arm-none-eabi/lib/thumb/v8-m.main+fp/hard\libcr_c.a(_cr_check_heap.o)
                0x00001dc0                __check_heap_overflow
 .text.__aeabi_dmul
                0x00001dd8       0xfc c:/appz/nxp/mcuxpressoide_11.6.0_8187/ide/plugins/com.nxp.mcuxpresso.tools.win32_11.6.0.202112161359/tools/bin/../lib/gcc/arm-none-eabi/10.3.1/thumb/v8-m.main+fp/hard\libcr_eabihelpers.a(double.o)
                0x00001dd8                __aeabi_dmul
 .text.__aeabi_d2f
                0x00001ed4       0x58 c:/appz/nxp/mcuxpressoide_11.6.0_8187/ide/plugins/com.nxp.mcuxpresso.tools.win32_11.6.0.202112161359/tools/bin/../lib/gcc/arm-none-eabi/10.3.1/thumb/v8-m.main+fp/hard\libcr_eabihelpers.a(double.o)
                0x00001ed4                __aeabi_d2f
 .text.__aeabi_f2d
                0x00001f2c       0x38 c:/appz/nxp/mcuxpressoide_11.6.0_8187/ide/plugins/com.nxp.mcuxpresso.tools.win32_11.6.0.202112161359/tools/bin/../lib/gcc/arm-none-eabi/10.3.1/thumb/v8-m.main+fp/hard\libcr_eabihelpers.a(float.o)
                0x00001f2c                __aeabi_f2d
 .text.DbgConsole_PrintCallback
                0x00001f64       0x66 ./utilities/fsl_debug_console.o
 .text.DbgConsole_Putchar
                0x00001fca       0x1c ./utilities/fsl_debug_console.o
                0x00001fca                DbgConsole_Putchar
 .text.DbgConsole_Getchar
                0x00001fe6       0x1c ./utilities/fsl_debug_console.o
                0x00001fe6                DbgConsole_Getchar
 .text.ConvertRadixNumToString
                0x00002002      0x114 ./utilities/fsl_str.o
 .text.StrFormatPrintf
                0x00002116      0x30c ./utilities/fsl_str.o
                0x00002116                StrFormatPrintf
 .text.WDT_BOD_IRQHandler
                0x00002422        0x8 ./startup/startup_lpc55s69_cm33_core0.o
                0x00002422                WDT_BOD_IRQHandler
 .text.DMA0_IRQHandler
                0x0000242a        0x8 ./startup/startup_lpc55s69_cm33_core0.o
                0x0000242a                DMA0_IRQHandler
 .text.GINT0_IRQHandler
                0x00002432        0x8 ./startup/startup_lpc55s69_cm33_core0.o
                0x00002432                GINT0_IRQHandler
 .text.GINT1_IRQHandler
                0x0000243a        0x8 ./startup/startup_lpc55s69_cm33_core0.o
                0x0000243a                GINT1_IRQHandler
 .text.PIN_INT0_IRQHandler
                0x00002442        0x8 ./startup/startup_lpc55s69_cm33_core0.o
                0x00002442                PIN_INT0_IRQHandler
 .text.PIN_INT1_IRQHandler
                0x0000244a        0x8 ./startup/startup_lpc55s69_cm33_core0.o
                0x0000244a                PIN_INT1_IRQHandler
 .text.PIN_INT2_IRQHandler
                0x00002452        0x8 ./startup/startup_lpc55s69_cm33_core0.o
                0x00002452                PIN_INT2_IRQHandler
 .text.PIN_INT3_IRQHandler
                0x0000245a        0x8 ./startup/startup_lpc55s69_cm33_core0.o
                0x0000245a                PIN_INT3_IRQHandler
 .text.UTICK0_IRQHandler
                0x00002462        0x8 ./startup/startup_lpc55s69_cm33_core0.o
                0x00002462                UTICK0_IRQHandler
 .text.MRT0_IRQHandler
                0x0000246a        0x8 ./startup/startup_lpc55s69_cm33_core0.o
                0x0000246a                MRT0_IRQHandler
 .text.CTIMER0_IRQHandler
                0x00002472        0x8 ./startup/startup_lpc55s69_cm33_core0.o
                0x00002472                CTIMER0_IRQHandler
 .text.CTIMER1_IRQHandler
                0x0000247a        0x8 ./startup/startup_lpc55s69_cm33_core0.o
                0x0000247a                CTIMER1_IRQHandler
 .text.SCT0_IRQHandler
                0x00002482        0x8 ./startup/startup_lpc55s69_cm33_core0.o
                0x00002482                SCT0_IRQHandler
 .text.CTIMER3_IRQHandler
                0x0000248a        0x8 ./startup/startup_lpc55s69_cm33_core0.o
                0x0000248a                CTIMER3_IRQHandler
 .text.FLEXCOMM0_IRQHandler
                0x00002492        0x8 ./startup/startup_lpc55s69_cm33_core0.o
                0x00002492                FLEXCOMM0_IRQHandler
 .text.FLEXCOMM1_IRQHandler
                0x0000249a        0x8 ./startup/startup_lpc55s69_cm33_core0.o
                0x0000249a                FLEXCOMM1_IRQHandler
 .text.FLEXCOMM2_IRQHandler
                0x000024a2        0x8 ./startup/startup_lpc55s69_cm33_core0.o
                0x000024a2                FLEXCOMM2_IRQHandler
 .text.FLEXCOMM3_IRQHandler
                0x000024aa        0x8 ./startup/startup_lpc55s69_cm33_core0.o
                0x000024aa                FLEXCOMM3_IRQHandler
 .text.FLEXCOMM4_IRQHandler
                0x000024b2        0x8 ./startup/startup_lpc55s69_cm33_core0.o
                0x000024b2                FLEXCOMM4_IRQHandler
 .text.FLEXCOMM5_IRQHandler
                0x000024ba        0x8 ./startup/startup_lpc55s69_cm33_core0.o
                0x000024ba                FLEXCOMM5_IRQHandler
 .text.FLEXCOMM6_IRQHandler
                0x000024c2        0x8 ./startup/startup_lpc55s69_cm33_core0.o
                0x000024c2                FLEXCOMM6_IRQHandler
 .text.FLEXCOMM7_IRQHandler
                0x000024ca        0x8 ./startup/startup_lpc55s69_cm33_core0.o
                0x000024ca                FLEXCOMM7_IRQHandler
 .text.ADC0_IRQHandler
                0x000024d2        0x8 ./startup/startup_lpc55s69_cm33_core0.o
                0x000024d2                ADC0_IRQHandler
 .text.Reserved39_IRQHandler
                0x000024da        0x8 ./startup/startup_lpc55s69_cm33_core0.o
                0x000024da                Reserved39_IRQHandler
 .text.ACMP_IRQHandler
                0x000024e2        0x8 ./startup/startup_lpc55s69_cm33_core0.o
                0x000024e2                ACMP_IRQHandler
 .text.Reserved41_IRQHandler
                0x000024ea        0x8 ./startup/startup_lpc55s69_cm33_core0.o
                0x000024ea                Reserved41_IRQHandler
 .text.Reserved42_IRQHandler
                0x000024f2        0x8 ./startup/startup_lpc55s69_cm33_core0.o
                0x000024f2                Reserved42_IRQHandler
 .text.USB0_NEEDCLK_IRQHandler
                0x000024fa        0x8 ./startup/startup_lpc55s69_cm33_core0.o
                0x000024fa                USB0_NEEDCLK_IRQHandler
 .text.USB0_IRQHandler
                0x00002502        0x8 ./startup/startup_lpc55s69_cm33_core0.o
                0x00002502                USB0_IRQHandler
 .text.RTC_IRQHandler
                0x0000250a        0x8 ./startup/startup_lpc55s69_cm33_core0.o
                0x0000250a                RTC_IRQHandler
 .text.Reserved46_IRQHandler
                0x00002512        0x8 ./startup/startup_lpc55s69_cm33_core0.o
                0x00002512                Reserved46_IRQHandler
 .text.MAILBOX_IRQHandler
                0x0000251a        0x8 ./startup/startup_lpc55s69_cm33_core0.o
                0x0000251a                MAILBOX_IRQHandler
 .text.PIN_INT4_IRQHandler
                0x00002522        0x8 ./startup/startup_lpc55s69_cm33_core0.o
                0x00002522                PIN_INT4_IRQHandler
 .text.PIN_INT5_IRQHandler
                0x0000252a        0x8 ./startup/startup_lpc55s69_cm33_core0.o
                0x0000252a                PIN_INT5_IRQHandler
 .text.PIN_INT6_IRQHandler
                0x00002532        0x8 ./startup/startup_lpc55s69_cm33_core0.o
                0x00002532                PIN_INT6_IRQHandler
 .text.PIN_INT7_IRQHandler
                0x0000253a        0x8 ./startup/startup_lpc55s69_cm33_core0.o
                0x0000253a                PIN_INT7_IRQHandler
 .text.CTIMER2_IRQHandler
                0x00002542        0x8 ./startup/startup_lpc55s69_cm33_core0.o
                0x00002542                CTIMER2_IRQHandler
 .text.CTIMER4_IRQHandler
                0x0000254a        0x8 ./startup/startup_lpc55s69_cm33_core0.o
                0x0000254a                CTIMER4_IRQHandler
 .text.OS_EVENT_IRQHandler
                0x00002552        0x8 ./startup/startup_lpc55s69_cm33_core0.o
                0x00002552                OS_EVENT_IRQHandler
 .text.Reserved55_IRQHandler
                0x0000255a        0x8 ./startup/startup_lpc55s69_cm33_core0.o
                0x0000255a                Reserved55_IRQHandler
 .text.Reserved56_IRQHandler
                0x00002562        0x8 ./startup/startup_lpc55s69_cm33_core0.o
                0x00002562                Reserved56_IRQHandler
 .text.Reserved57_IRQHandler
                0x0000256a        0x8 ./startup/startup_lpc55s69_cm33_core0.o
                0x0000256a                Reserved57_IRQHandler
 .text.SDIO_IRQHandler
                0x00002572        0x8 ./startup/startup_lpc55s69_cm33_core0.o
                0x00002572                SDIO_IRQHandler
 .text.Reserved59_IRQHandler
                0x0000257a        0x8 ./startup/startup_lpc55s69_cm33_core0.o
                0x0000257a                Reserved59_IRQHandler
 .text.Reserved60_IRQHandler
                0x00002582        0x8 ./startup/startup_lpc55s69_cm33_core0.o
                0x00002582                Reserved60_IRQHandler
 .text.Reserved61_IRQHandler
                0x0000258a        0x8 ./startup/startup_lpc55s69_cm33_core0.o
                0x0000258a                Reserved61_IRQHandler
 .text.USB1_UTMI_IRQHandler
                0x00002592        0x8 ./startup/startup_lpc55s69_cm33_core0.o
                0x00002592                USB1_UTMI_IRQHandler
 .text.USB1_IRQHandler
                0x0000259a        0x8 ./startup/startup_lpc55s69_cm33_core0.o
                0x0000259a                USB1_IRQHandler
 .text.USB1_NEEDCLK_IRQHandler
                0x000025a2        0x8 ./startup/startup_lpc55s69_cm33_core0.o
                0x000025a2                USB1_NEEDCLK_IRQHandler
 .text.SEC_HYPERVISOR_CALL_IRQHandler
                0x000025aa        0x8 ./startup/startup_lpc55s69_cm33_core0.o
                0x000025aa                SEC_HYPERVISOR_CALL_IRQHandler
 .text.SEC_GPIO_INT0_IRQ0_IRQHandler
                0x000025b2        0x8 ./startup/startup_lpc55s69_cm33_core0.o
                0x000025b2                SEC_GPIO_INT0_IRQ0_IRQHandler
 .text.SEC_GPIO_INT0_IRQ1_IRQHandler
                0x000025ba        0x8 ./startup/startup_lpc55s69_cm33_core0.o
                0x000025ba                SEC_GPIO_INT0_IRQ1_IRQHandler
 .text.PLU_IRQHandler
                0x000025c2        0x8 ./startup/startup_lpc55s69_cm33_core0.o
                0x000025c2                PLU_IRQHandler
 .text.SEC_VIO_IRQHandler
                0x000025ca        0x8 ./startup/startup_lpc55s69_cm33_core0.o
                0x000025ca                SEC_VIO_IRQHandler
 .text.HASHCRYPT_IRQHandler
                0x000025d2        0x8 ./startup/startup_lpc55s69_cm33_core0.o
                0x000025d2                HASHCRYPT_IRQHandler
 .text.CASER_IRQHandler
                0x000025da        0x8 ./startup/startup_lpc55s69_cm33_core0.o
                0x000025da                CASER_IRQHandler
 .text.PUF_IRQHandler
                0x000025e2        0x8 ./startup/startup_lpc55s69_cm33_core0.o
                0x000025e2                PUF_IRQHandler
 .text.PQ_IRQHandler
                0x000025ea        0x8 ./startup/startup_lpc55s69_cm33_core0.o
                0x000025ea                PQ_IRQHandler
 .text.DMA1_IRQHandler
                0x000025f2        0x8 ./startup/startup_lpc55s69_cm33_core0.o
                0x000025f2                DMA1_IRQHandler
 .text.FLEXCOMM8_IRQHandler
                0x000025fa        0x8 ./startup/startup_lpc55s69_cm33_core0.o
                0x000025fa                FLEXCOMM8_IRQHandler
 .text.CTIMER_StartTimer
                0x00002602       0x20 ./source/hello_world.o
 .text.HardFault_Handler
                0x00002622       0x2c ./source/semihost_hardfault.o
                0x00002622                HardFault_Handler
 .text.CLOCK_EnableClock
                0x0000264e       0x30 ./drivers/fsl_ctimer.o
 .text.EnableIRQ
                0x0000267e       0x2c ./drivers/fsl_ctimer.o
 .text.CTIMER_GetStatusFlags
                0x000026aa       0x18 ./drivers/fsl_ctimer.o
 .text.CTIMER_ClearStatusFlags
                0x000026c2       0x1c ./drivers/fsl_ctimer.o
 .text.CTIMER0_DriverIRQHandler
                0x000026de        0xe ./drivers/fsl_ctimer.o
                0x000026de                CTIMER0_DriverIRQHandler
 .text.CTIMER1_DriverIRQHandler
                0x000026ec        0xe ./drivers/fsl_ctimer.o
                0x000026ec                CTIMER1_DriverIRQHandler
 .text.CTIMER2_DriverIRQHandler
                0x000026fa        0xe ./drivers/fsl_ctimer.o
                0x000026fa                CTIMER2_DriverIRQHandler
 .text.CTIMER3_DriverIRQHandler
                0x00002708        0xe ./drivers/fsl_ctimer.o
                0x00002708                CTIMER3_DriverIRQHandler
 .text.CTIMER4_DriverIRQHandler
                0x00002716        0xe ./drivers/fsl_ctimer.o
                0x00002716                CTIMER4_DriverIRQHandler
 .text.CLOCK_EnableClock
                0x00002724       0x30 ./drivers/fsl_flexcomm.o
 .text.FLEXCOMM_PeripheralIsPresent
                0x00002754       0x64 ./drivers/fsl_flexcomm.o
 .text.FLEXCOMM_SetPeriph
                0x000027b8       0x74 ./drivers/fsl_flexcomm.o
 .text.RESET_PeripheralReset
                0x0000282c       0x1c ./drivers/fsl_reset.o
                0x0000282c                RESET_PeripheralReset
 .text.USART_EnableContinuousSCLK
                0x00002848       0x38 ./drivers/fsl_usart.o
 .text.SystemInitHook
                0x00002880        0xe ./device/system_LPC55S69_cm33_core0.o
                0x00002880                SystemInitHook
 .text.HAL_UartGetStatus
                0x0000288e       0x22 ./component/uart/usart_adapter.o
 .text.SerialManager_StartWriting
                0x000028b0       0x4a ./component/serial_manager/serial_manager.o
 .text.SerialManager_StartReading
                0x000028fa       0x4a ./component/serial_manager/serial_manager.o
 .text.SerialManager_WriteBlocking
                0x00002944       0x20 ./component/serial_manager/serial_manager.o
                0x00002944                SerialManager_WriteBlocking
 .text.SerialManager_ReadBlocking
                0x00002964       0x20 ./component/serial_manager/serial_manager.o
                0x00002964                SerialManager_ReadBlocking
 .text.BOARD_InitBootClocks
                0x00002984        0xc ./board/clock_config.o
                0x00002984                BOARD_InitBootClocks
 .text.BOARD_InitPeripherals
                0x00002990       0x10 ./board/peripherals.o
                0x00002990                BOARD_InitPeripherals
 .text.BOARD_InitBootPeripherals
                0x000029a0        0xc ./board/peripherals.o
                0x000029a0                BOARD_InitBootPeripherals
 .text.CLOCK_EnableClock
                0x000029ac       0x30 ./board/pin_mux.o
 .text.IOCON_PinMuxSet
                0x000029dc       0x2e ./board/pin_mux.o
 .text.__main   0x00002a0a        0xe c:/appz/nxp/mcuxpressoide_11.6.0_8187/ide/plugins/com.nxp.mcuxpresso.tools.win32_11.6.0.202112161359/tools/bin/../lib/gcc/arm-none-eabi/10.3.1/../../../../arm-none-eabi/lib/thumb/v8-m.main+fp/hard\libcr_nohost_nf.a(_cr__main.o)
                0x00002a0a                __main
 .text.__sys_appexit
                0x00002a18        0x2 c:/appz/nxp/mcuxpressoide_11.6.0_8187/ide/plugins/com.nxp.mcuxpresso.tools.win32_11.6.0.202112161359/tools/bin/../lib/gcc/arm-none-eabi/10.3.1/../../../../arm-none-eabi/lib/thumb/v8-m.main+fp/hard\libcr_nohost_nf.a(__sys_appexit.o)
                0x00002a18                __sys_appexit
                0x00002a18                __exit
 .text.memset   0x00002a1a        0x4 c:/appz/nxp/mcuxpressoide_11.6.0_8187/ide/plugins/com.nxp.mcuxpresso.tools.win32_11.6.0.202112161359/tools/bin/../lib/gcc/arm-none-eabi/10.3.1/../../../../arm-none-eabi/lib/thumb/v8-m.main+fp/hard\libcr_c.a(memset.o)
                0x00002a1a                memset
 .text._deferredlazyseek
                0x00002a1e       0x40 c:/appz/nxp/mcuxpressoide_11.6.0_8187/ide/plugins/com.nxp.mcuxpresso.tools.win32_11.6.0.202112161359/tools/bin/../lib/gcc/arm-none-eabi/10.3.1/../../../../arm-none-eabi/lib/thumb/v8-m.main+fp/hard\libcr_c.a(_deferredlazyseek.o)
                0x00002a1e                _deferredlazyseek
 .text.__flsbuf
                0x00002a5e      0x140 c:/appz/nxp/mcuxpressoide_11.6.0_8187/ide/plugins/com.nxp.mcuxpresso.tools.win32_11.6.0.202112161359/tools/bin/../lib/gcc/arm-none-eabi/10.3.1/../../../../arm-none-eabi/lib/thumb/v8-m.main+fp/hard\libcr_c.a(_deferredlazyseek.o)
                0x00002a5e                __flsbuf
 .text._fflush  0x00002b9e       0x52 c:/appz/nxp/mcuxpressoide_11.6.0_8187/ide/plugins/com.nxp.mcuxpresso.tools.win32_11.6.0.202112161359/tools/bin/../lib/gcc/arm-none-eabi/10.3.1/../../../../arm-none-eabi/lib/thumb/v8-m.main+fp/hard\libcr_c.a(_fflush.o)
                0x00002b9e                _fflush
 .text.free     0x00002bf0       0x30 c:/appz/nxp/mcuxpressoide_11.6.0_8187/ide/plugins/com.nxp.mcuxpresso.tools.win32_11.6.0.202112161359/tools/bin/../lib/gcc/arm-none-eabi/10.3.1/../../../../arm-none-eabi/lib/thumb/v8-m.main+fp/hard\libcr_c.a(alloc.o)
                0x00002bf0                free
 .text.fputs    0x00002c20       0x2c c:/appz/nxp/mcuxpressoide_11.6.0_8187/ide/plugins/com.nxp.mcuxpresso.tools.win32_11.6.0.202112161359/tools/bin/../lib/gcc/arm-none-eabi/10.3.1/../../../../arm-none-eabi/lib/thumb/v8-m.main+fp/hard\libcr_c.a(fputs.o)
                0x00002c20                fputs
 .text.setvbuf  0x00002c4c       0x3e c:/appz/nxp/mcuxpressoide_11.6.0_8187/ide/plugins/com.nxp.mcuxpresso.tools.win32_11.6.0.202112161359/tools/bin/../lib/gcc/arm-none-eabi/10.3.1/../../../../arm-none-eabi/lib/thumb/v8-m.main+fp/hard\libcr_c.a(setvbuf.o)
                0x00002c4c                setvbuf
 .text.strlen   0x00002c8a       0x48 c:/appz/nxp/mcuxpressoide_11.6.0_8187/ide/plugins/com.nxp.mcuxpresso.tools.win32_11.6.0.202112161359/tools/bin/../lib/gcc/arm-none-eabi/10.3.1/../../../../arm-none-eabi/lib/thumb/v8-m.main+fp/hard\libcr_c.a(strlen.o)
                0x00002c8a                strlen
 .text._fdopen  0x00002cd2       0x68 c:/appz/nxp/mcuxpressoide_11.6.0_8187/ide/plugins/com.nxp.mcuxpresso.tools.win32_11.6.0.202112161359/tools/bin/../lib/gcc/arm-none-eabi/10.3.1/../../../../arm-none-eabi/lib/thumb/v8-m.main+fp/hard\libcr_c.a(_fdopen.o)
                0x00002cd2                _fdopen
 .text.fclose   0x00002d3a       0x58 c:/appz/nxp/mcuxpressoide_11.6.0_8187/ide/plugins/com.nxp.mcuxpresso.tools.win32_11.6.0.202112161359/tools/bin/../lib/gcc/arm-none-eabi/10.3.1/../../../../arm-none-eabi/lib/thumb/v8-m.main+fp/hard\libcr_c.a(fclose.o)
                0x00002d3a                fclose
 .text.remove   0x00002d92       0x14 c:/appz/nxp/mcuxpressoide_11.6.0_8187/ide/plugins/com.nxp.mcuxpresso.tools.win32_11.6.0.202112161359/tools/bin/../lib/gcc/arm-none-eabi/10.3.1/../../../../arm-none-eabi/lib/thumb/v8-m.main+fp/hard\libcr_c.a(remove.o)
                0x00002d92                remove
 .text._do_fflush
                0x00002da6       0x40 c:/appz/nxp/mcuxpressoide_11.6.0_8187/ide/plugins/com.nxp.mcuxpresso.tools.win32_11.6.0.202112161359/tools/bin/../lib/gcc/arm-none-eabi/10.3.1/../../../../arm-none-eabi/lib/thumb/v8-m.main+fp/hard\libcr_c.a(_do_fflush.o)
                0x00002da6                _do_fflush
 .text.__aeabi_memset_lowlevel
                0x00002de6       0x32 c:/appz/nxp/mcuxpressoide_11.6.0_8187/ide/plugins/com.nxp.mcuxpresso.tools.win32_11.6.0.202112161359/tools/bin/../lib/gcc/arm-none-eabi/10.3.1/thumb/v8-m.main+fp/hard\libcr_eabihelpers.a(memcpy.o)
                0x00002de6                __aeabi_lowlevel_memset
 .text.__sys_close
                0x00002e18        0x6 c:/appz/nxp/mcuxpressoide_11.6.0_8187/ide/plugins/com.nxp.mcuxpresso.tools.win32_11.6.0.202112161359/tools/bin/../lib/gcc/arm-none-eabi/10.3.1/../../../../arm-none-eabi/lib/thumb/v8-m.main+fp/hard\libcr_nohost_nf.a(__sys_close.o)
                0x00002e18                __sys_close
 .text.__sys_flen
                0x00002e1e        0x6 c:/appz/nxp/mcuxpressoide_11.6.0_8187/ide/plugins/com.nxp.mcuxpresso.tools.win32_11.6.0.202112161359/tools/bin/../lib/gcc/arm-none-eabi/10.3.1/../../../../arm-none-eabi/lib/thumb/v8-m.main+fp/hard\libcr_nohost_nf.a(__sys_flen.o)
                0x00002e1e                __sys_flen
 .text.__sys_istty
                0x00002e24        0x6 c:/appz/nxp/mcuxpressoide_11.6.0_8187/ide/plugins/com.nxp.mcuxpresso.tools.win32_11.6.0.202112161359/tools/bin/../lib/gcc/arm-none-eabi/10.3.1/../../../../arm-none-eabi/lib/thumb/v8-m.main+fp/hard\libcr_nohost_nf.a(__sys_istty.o)
                0x00002e24                __sys_istty
 .text.__sys_remove
                0x00002e2a        0x6 c:/appz/nxp/mcuxpressoide_11.6.0_8187/ide/plugins/com.nxp.mcuxpresso.tools.win32_11.6.0.202112161359/tools/bin/../lib/gcc/arm-none-eabi/10.3.1/../../../../arm-none-eabi/lib/thumb/v8-m.main+fp/hard\libcr_nohost_nf.a(__sys_remove.o)
                0x00002e2a                __sys_remove
 .text.__sys_seek
                0x00002e30        0x6 c:/appz/nxp/mcuxpressoide_11.6.0_8187/ide/plugins/com.nxp.mcuxpresso.tools.win32_11.6.0.202112161359/tools/bin/../lib/gcc/arm-none-eabi/10.3.1/../../../../arm-none-eabi/lib/thumb/v8-m.main+fp/hard\libcr_nohost_nf.a(__sys_seek.o)
                0x00002e30                __sys_seek
 .text.__sys_tmpnam
                0x00002e36        0x6 c:/appz/nxp/mcuxpressoide_11.6.0_8187/ide/plugins/com.nxp.mcuxpresso.tools.win32_11.6.0.202112161359/tools/bin/../lib/gcc/arm-none-eabi/10.3.1/../../../../arm-none-eabi/lib/thumb/v8-m.main+fp/hard\libcr_nohost_nf.a(__sys_tmpnam.o)
                0x00002e36                __sys_tmpnam
 .text.__sys_write
                0x00002e3c        0x4 c:/appz/nxp/mcuxpressoide_11.6.0_8187/ide/plugins/com.nxp.mcuxpresso.tools.win32_11.6.0.202112161359/tools/bin/../lib/gcc/arm-none-eabi/10.3.1/../../../../arm-none-eabi/lib/thumb/v8-m.main+fp/hard\libcr_nohost_nf.a(__sys_write.o)
                0x00002e3c                __sys_write
 *(SORT_BY_ALIGNMENT(.rodata) SORT_BY_ALIGNMENT(.rodata.*) SORT_BY_ALIGNMENT(.constdata) SORT_BY_ALIGNMENT(.constdata.*))
 .rodata.DbgConsole_SendDataReliable.str1.4
                0x00002e40       0x4c ./utilities/fsl_debug_console.o
 .rodata.DbgConsole_ReadCharacter.str1.4
                0x00002e8c       0x1d ./utilities/fsl_debug_console.o
 *fill*         0x00002ea9        0x3 ff
 .rodata.DbgConsole_Init.str1.4
                0x00002eac       0xca ./utilities/fsl_debug_console.o
 *fill*         0x00002f76        0x2 ff
 .rodata.Timer_IRQ.str1.4
                0x00002f78       0x10 ./source/hello_world.o
 .rodata.main.str1.4
                0x00002f88        0xf ./source/hello_world.o
 *fill*         0x00002f97        0x1 ff
 .rodata.s_ctimerBases
                0x00002f98       0x14 ./drivers/fsl_ctimer.o
 .rodata.s_ctimerClocks
                0x00002fac        0xa ./drivers/fsl_ctimer.o
 *fill*         0x00002fb6        0x2 ff
 .rodata.s_ctimerResets
                0x00002fb8       0x14 ./drivers/fsl_ctimer.o
 .rodata.s_ctimerIRQ
                0x00002fcc        0x5 ./drivers/fsl_ctimer.o
 *fill*         0x00002fd1        0x3 ff
 .rodata.CTIMER_GetInstance.str1.4
                0x00002fd4       0x2e ./drivers/fsl_ctimer.o
 *fill*         0x00003002        0x2 ff
 .rodata.CTIMER_Init.str1.4
                0x00003004       0x19 ./drivers/fsl_ctimer.o
 *fill*         0x0000301d        0x3 ff
 .rodata.s_flexcommBaseAddrs
                0x00003020       0x24 ./drivers/fsl_flexcomm.o
 .rodata.s_flexcommClocks
                0x00003044       0x12 ./drivers/fsl_flexcomm.o
 *fill*         0x00003056        0x2 ff
 .rodata.s_flexcommResets
                0x00003058       0x24 ./drivers/fsl_flexcomm.o
 .rodata.FLEXCOMM_GetInstance.str1.4
                0x0000307c       0x1a ./drivers/fsl_flexcomm.o
 *fill*         0x00003096        0x2 ff
 .rodata.FLEXCOMM0_DriverIRQHandler.str1.4
                0x00003098       0x2d ./drivers/fsl_flexcomm.o
 *fill*         0x000030c5        0x3 ff
 .rodata.FLEXCOMM1_DriverIRQHandler.str1.4
                0x000030c8       0x2d ./drivers/fsl_flexcomm.o
 *fill*         0x000030f5        0x3 ff
 .rodata.FLEXCOMM2_DriverIRQHandler.str1.4
                0x000030f8       0x2d ./drivers/fsl_flexcomm.o
 *fill*         0x00003125        0x3 ff
 .rodata.FLEXCOMM3_DriverIRQHandler.str1.4
                0x00003128       0x2d ./drivers/fsl_flexcomm.o
 *fill*         0x00003155        0x3 ff
 .rodata.FLEXCOMM4_DriverIRQHandler.str1.4
                0x00003158       0x2d ./drivers/fsl_flexcomm.o
 *fill*         0x00003185        0x3 ff
 .rodata.FLEXCOMM5_DriverIRQHandler.str1.4
                0x00003188       0x2d ./drivers/fsl_flexcomm.o
 *fill*         0x000031b5        0x3 ff
 .rodata.FLEXCOMM6_DriverIRQHandler.str1.4
                0x000031b8       0x2d ./drivers/fsl_flexcomm.o
 *fill*         0x000031e5        0x3 ff
 .rodata.FLEXCOMM7_DriverIRQHandler.str1.4
                0x000031e8       0x2d ./drivers/fsl_flexcomm.o
 *fill*         0x00003215        0x3 ff
 .rodata.FLEXCOMM8_DriverIRQHandler.str1.4
                0x00003218       0x2d ./drivers/fsl_flexcomm.o
 *fill*         0x00003245        0x3 ff
 .rodata.RESET_SetPeripheralReset.str1.4
                0x00003248       0x1e ./drivers/fsl_reset.o
 *fill*         0x00003266        0x2 ff
 .rodata.RESET_ClearPeripheralReset.str1.4
                0x00003268       0x1e ./drivers/fsl_reset.o
 *fill*         0x00003286        0x2 ff
 .rodata.USART_Init.str1.4
                0x00003288       0x4e ./drivers/fsl_usart.o
 *fill*         0x000032d6        0x2 ff
 .rodata.USART_GetDefaultConfig.str1.4
                0x000032d8       0x21 ./drivers/fsl_usart.o
 *fill*         0x000032f9        0x3 ff
 .rodata.USART_SetBaudRate.str1.4
                0x000032fc       0x51 ./drivers/fsl_usart.o
 *fill*         0x0000334d        0x3 ff
 .rodata.USART_WriteBlocking.str1.4
                0x00003350       0x36 ./drivers/fsl_usart.o
 *fill*         0x00003386        0x2 ff
 .rodata.USART_ReadBlocking.str1.4
                0x00003388       0x36 ./drivers/fsl_usart.o
 *fill*         0x000033be        0x2 ff
 .rodata.s_UsartAdapterBase
                0x000033c0       0x20 ./component/uart/usart_adapter.o
 .rodata.HAL_UartInit.str1.4
                0x000033e0       0xdb ./component/uart/usart_adapter.o
 *fill*         0x000034bb        0x1 ff
 .rodata.HAL_UartReceiveBlocking.str1.4
                0x000034bc       0x59 ./component/uart/usart_adapter.o
 *fill*         0x00003515        0x3 ff
 .rodata.HAL_UartSendBlocking.str1.4
                0x00003518       0x59 ./component/uart/usart_adapter.o
 *fill*         0x00003571        0x3 ff
 .rodata.SerialManager_Write.str1.4
                0x00003574       0x82 ./component/serial_manager/serial_manager.o
 *fill*         0x000035f6        0x2 ff
 .rodata.SerialManager_Read.str1.4
                0x000035f8       0x82 ./component/serial_manager/serial_manager.o
 *fill*         0x0000367a        0x2 ff
 .rodata.SerialManager_Init.str1.4
                0x0000367c       0x44 ./component/serial_manager/serial_manager.o
 .rodata.SerialManager_OpenWriteHandle.str1.4
                0x000036c0       0x47 ./component/serial_manager/serial_manager.o
 *fill*         0x00003707        0x1 ff
 .rodata.SerialManager_OpenReadHandle.str1.4
                0x00003708       0x4b ./component/serial_manager/serial_manager.o
 *fill*         0x00003753        0x1 ff
 .rodata.Serial_UartInit.str1.4
                0x00003754       0x4e ./component/serial_manager/serial_port_uart.o
 *fill*         0x000037a2        0x2 ff
 .rodata.Serial_UartWrite.str1.4
                0x000037a4       0x68 ./component/serial_manager/serial_port_uart.o
 .rodata.Serial_UartRead.str1.4
                0x0000380c       0x68 ./component/serial_manager/serial_port_uart.o
 .rodata.CTIMER0_config
                0x00003874        0x8 ./board/peripherals.o
                0x00003874                CTIMER0_config
 .rodata.CTIMER0_Match_0_config
                0x0000387c        0xc ./board/peripherals.o
                0x0000387c                CTIMER0_Match_0_config
 .rodata.CTIMER2_config
                0x00003888        0x8 ./board/peripherals.o
                0x00003888                CTIMER2_config
 .rodata.CTIMER2_Match_1_config
                0x00003890        0xc ./board/peripherals.o
                0x00003890                CTIMER2_Match_1_config
 .rodata.__num_Ciob_streams
                0x0000389c        0x4 c:/appz/nxp/mcuxpressoide_11.6.0_8187/ide/plugins/com.nxp.mcuxpresso.tools.win32_11.6.0.202112161359/tools/bin/../lib/gcc/arm-none-eabi/10.3.1/../../../../arm-none-eabi/lib/thumb/v8-m.main+fp/hard\libcr_nohost_nf.a(__ciob.o)
                0x0000389c                __num_Ciob_streams
 .rodata.__assertion_failed.str1.1
                0x000038a0       0x15 c:/appz/nxp/mcuxpressoide_11.6.0_8187/ide/plugins/com.nxp.mcuxpresso.tools.win32_11.6.0.202112161359/tools/bin/../lib/gcc/arm-none-eabi/10.3.1/../../../../arm-none-eabi/lib/thumb/v8-m.main+fp/hard\libcr_nohost_nf.a(_cr_assert.o)
 .rodata._Csys_alloc.str1.1
                0x000038b5       0x18 c:/appz/nxp/mcuxpressoide_11.6.0_8187/ide/plugins/com.nxp.mcuxpresso.tools.win32_11.6.0.202112161359/tools/bin/../lib/gcc/arm-none-eabi/10.3.1/../../../../arm-none-eabi/lib/thumb/v8-m.main+fp/hard\libcr_c.a(alloc.o)
 .rodata._initio.str1.1
                0x000038cd        0x4 c:/appz/nxp/mcuxpressoide_11.6.0_8187/ide/plugins/com.nxp.mcuxpresso.tools.win32_11.6.0.202112161359/tools/bin/../lib/gcc/arm-none-eabi/10.3.1/../../../../arm-none-eabi/lib/thumb/v8-m.main+fp/hard\libcr_c.a(initio.o)
                0x000038d4                . = ALIGN (0x4)
 *fill*         0x000038d1        0x3 ff
                0x000038d4                _etext = .

.glue_7         0x000038d4        0x0
 .glue_7        0x000038d4        0x0 linker stubs

.glue_7t        0x000038d4        0x0
 .glue_7t       0x000038d4        0x0 linker stubs

.vfp11_veneer   0x000038d4        0x0
 .vfp11_veneer  0x000038d4        0x0 linker stubs

.v4_bx          0x000038d4        0x0
 .v4_bx         0x000038d4        0x0 linker stubs

.iplt           0x000038d4        0x0
 .iplt          0x000038d4        0x0 ./utilities/fsl_debug_console.o

.rel.dyn        0x000038d4        0x0
 .rel.iplt      0x000038d4        0x0 ./utilities/fsl_debug_console.o

.m_usb_data
 *(SORT_BY_ALIGNMENT(m_usb_global))

.data_RAM2      0x04000000        0x0 load address 0x000038d4
 FILL mask 0xff
                [!provide]                PROVIDE (__start_data_RAM2 = .)
                [!provide]                PROVIDE (__start_data_SRAMX = .)
 *(SORT_BY_ALIGNMENT(.ramfunc.$RAM2))
 *(SORT_BY_ALIGNMENT(.ramfunc.$SRAMX))
 *(SORT_BY_ALIGNMENT(.data.$RAM2))
 *(SORT_BY_ALIGNMENT(.data.$SRAMX))
 *(SORT_BY_ALIGNMENT(.data.$RAM2.*))
 *(SORT_BY_ALIGNMENT(.data.$SRAMX.*))
                0x04000000                . = ALIGN (0x4)
                [!provide]                PROVIDE (__end_data_RAM2 = .)
                [!provide]                PROVIDE (__end_data_SRAMX = .)

.data_RAM3      0x40100000        0x0 load address 0x000038d4
 FILL mask 0xff
                [!provide]                PROVIDE (__start_data_RAM3 = .)
                [!provide]                PROVIDE (__start_data_USB_RAM = .)
 *(SORT_BY_ALIGNMENT(.ramfunc.$RAM3))
 *(SORT_BY_ALIGNMENT(.ramfunc.$USB_RAM))
 *(SORT_BY_ALIGNMENT(.data.$RAM3))
 *(SORT_BY_ALIGNMENT(.data.$USB_RAM))
 *(SORT_BY_ALIGNMENT(.data.$RAM3.*))
 *(SORT_BY_ALIGNMENT(.data.$USB_RAM.*))
                0x40100000                . = ALIGN (0x4)
                [!provide]                PROVIDE (__end_data_RAM3 = .)
                [!provide]                PROVIDE (__end_data_USB_RAM = .)

.uninit_RESERVED
                0x20000000        0x0
                0x20000000                _start_uninit_RESERVED = .
 *(SORT_BY_ALIGNMENT(.bss.$RESERVED*))
                0x20000000                . = ALIGN (0x4)
                0x20000000                _end_uninit_RESERVED = .

.data           0x20000000        0x8 load address 0x000038d4
 FILL mask 0xff
                0x20000000                _data = .
                [!provide]                PROVIDE (__start_data_RAM = .)
                [!provide]                PROVIDE (__start_data_SRAM = .)
 *(SORT_BY_ALIGNMENT(vtable))
 *(SORT_BY_ALIGNMENT(.ramfunc*))
 *(SORT_BY_ALIGNMENT(CodeQuickAccess))
 *(SORT_BY_ALIGNMENT(DataQuickAccess))
 *(SORT_BY_ALIGNMENT(RamFunction))
 *(SORT_BY_ALIGNMENT(.data*))
 .data.SystemCoreClock
                0x20000000        0x4 ./device/system_LPC55S69_cm33_core0.o
                0x20000000                SystemCoreClock
 .data.CTIMER0_callback
                0x20000004        0x4 ./board/peripherals.o
                0x20000004                CTIMER0_callback
                0x20000008                . = ALIGN (0x4)
                0x20000008                _edata = .
                [!provide]                PROVIDE (__end_data_RAM = .)
                [!provide]                PROVIDE (__end_data_SRAM = .)

.igot.plt       0x20000008        0x0 load address 0x000038dc
 .igot.plt      0x20000008        0x0 ./utilities/fsl_debug_console.o

.bss_RAM2       0x04000000        0x0
                [!provide]                PROVIDE (__start_bss_RAM2 = .)
                [!provide]                PROVIDE (__start_bss_SRAMX = .)
 *(SORT_BY_ALIGNMENT(.bss.$RAM2))
 *(SORT_BY_ALIGNMENT(.bss.$SRAMX))
 *(SORT_BY_ALIGNMENT(.bss.$RAM2.*))
 *(SORT_BY_ALIGNMENT(.bss.$SRAMX.*))
                0x04000000                . = ALIGN ((. != 0x0)?0x4:0x1)
                [!provide]                PROVIDE (__end_bss_RAM2 = .)
                [!provide]                PROVIDE (__end_bss_SRAMX = .)

.bss_RAM3       0x40100000        0x0
                [!provide]                PROVIDE (__start_bss_RAM3 = .)
                [!provide]                PROVIDE (__start_bss_USB_RAM = .)
 *(SORT_BY_ALIGNMENT(.bss.$RAM3))
 *(SORT_BY_ALIGNMENT(.bss.$USB_RAM))
 *(SORT_BY_ALIGNMENT(.bss.$RAM3.*))
 *(SORT_BY_ALIGNMENT(.bss.$USB_RAM.*))
                0x40100000                . = ALIGN ((. != 0x0)?0x4:0x1)
                [!provide]                PROVIDE (__end_bss_RAM3 = .)
                [!provide]                PROVIDE (__end_bss_USB_RAM = .)

.bss            0x20000008      0x144
                0x20000008                _bss = .
                [!provide]                PROVIDE (__start_bss_RAM = .)
                [!provide]                PROVIDE (__start_bss_SRAM = .)
 *(SORT_BY_ALIGNMENT(.bss*))
 .bss.s_debugConsoleState
                0x20000008       0x1c ./utilities/fsl_debug_console.o
 .bss.g_serialHandle
                0x20000024        0x4 ./utilities/fsl_debug_console.o
                0x20000024                g_serialHandle
 .bss.s_ctimerCallback
                0x20000028       0x14 ./drivers/fsl_ctimer.o
 .bss.ctimerCallbackType
                0x2000003c        0x5 ./drivers/fsl_ctimer.o
 *fill*         0x20000041        0x3 
 .bss.s_flexcommIrqHandler
                0x20000044       0x24 ./drivers/fsl_flexcomm.o
 .bss.s_flexcommHandle
                0x20000068       0x24 ./drivers/fsl_flexcomm.o
 .bss.__Ciob    0x2000008c       0xb4 c:/appz/nxp/mcuxpressoide_11.6.0_8187/ide/plugins/com.nxp.mcuxpresso.tools.win32_11.6.0.202112161359/tools/bin/../lib/gcc/arm-none-eabi/10.3.1/../../../../arm-none-eabi/lib/thumb/v8-m.main+fp/hard\libcr_nohost_nf.a(__ciob.o)
                0x2000008c                __Ciob
 .bss.__end_of_heap
                0x20000140        0x4 c:/appz/nxp/mcuxpressoide_11.6.0_8187/ide/plugins/com.nxp.mcuxpresso.tools.win32_11.6.0.202112161359/tools/bin/../lib/gcc/arm-none-eabi/10.3.1/../../../../arm-none-eabi/lib/thumb/v8-m.main+fp/hard\libcr_c.a(__init_alloc.o)
                0x20000140                __end_of_heap
 .bss.__heaps   0x20000144        0x4 c:/appz/nxp/mcuxpressoide_11.6.0_8187/ide/plugins/com.nxp.mcuxpresso.tools.win32_11.6.0.202112161359/tools/bin/../lib/gcc/arm-none-eabi/10.3.1/../../../../arm-none-eabi/lib/thumb/v8-m.main+fp/hard\libcr_c.a(__init_alloc.o)
                0x20000144                __heaps
 .bss.errno     0x20000148        0x4 c:/appz/nxp/mcuxpressoide_11.6.0_8187/ide/plugins/com.nxp.mcuxpresso.tools.win32_11.6.0.202112161359/tools/bin/../lib/gcc/arm-none-eabi/10.3.1/../../../../arm-none-eabi/lib/thumb/v8-m.main+fp/hard\libcr_c.a(errno.o)
                0x20000148                errno
 *(SORT_BY_ALIGNMENT(COMMON))
                0x2000014c                . = ALIGN (0x4)
                0x2000014c                _ebss = .
                [!provide]                PROVIDE (__end_bss_RAM = .)
                [!provide]                PROVIDE (__end_bss_SRAM = .)
                [!provide]                PROVIDE (end = .)

.noinit_RAM2    0x04000000        0x0
                [!provide]                PROVIDE (__start_noinit_RAM2 = .)
                [!provide]                PROVIDE (__start_noinit_SRAMX = .)
 *(SORT_BY_ALIGNMENT(.noinit.$RAM2))
 *(SORT_BY_ALIGNMENT(.noinit.$SRAMX))
 *(SORT_BY_ALIGNMENT(.noinit.$RAM2.*))
 *(SORT_BY_ALIGNMENT(.noinit.$SRAMX.*))
                0x04000000                . = ALIGN (0x4)
                [!provide]                PROVIDE (__end_noinit_RAM2 = .)
                [!provide]                PROVIDE (__end_noinit_SRAMX = .)

.noinit_RAM3    0x40100000        0x0
                [!provide]                PROVIDE (__start_noinit_RAM3 = .)
                [!provide]                PROVIDE (__start_noinit_USB_RAM = .)
 *(SORT_BY_ALIGNMENT(.noinit.$RAM3))
 *(SORT_BY_ALIGNMENT(.noinit.$USB_RAM))
 *(SORT_BY_ALIGNMENT(.noinit.$RAM3.*))
 *(SORT_BY_ALIGNMENT(.noinit.$USB_RAM.*))
                0x40100000                . = ALIGN (0x4)
                [!provide]                PROVIDE (__end_noinit_RAM3 = .)
                [!provide]                PROVIDE (__end_noinit_USB_RAM = .)

.noinit         0x2000014c        0x0
                0x2000014c                _noinit = .
                [!provide]                PROVIDE (__start_noinit_RAM = .)
                [!provide]                PROVIDE (__start_noinit_SRAM = .)
 *(SORT_BY_ALIGNMENT(.noinit*))
                0x2000014c                . = ALIGN (0x4)
                0x2000014c                _end_noinit = .
                [!provide]                PROVIDE (__end_noinit_RAM = .)
                [!provide]                PROVIDE (__end_noinit_SRAM = .)

.ARM.extab
 *(SORT_BY_ALIGNMENT(.ARM.extab*) SORT_BY_ALIGNMENT(.gnu.linkonce.armextab.*))

.ARM.exidx      0x000038dc        0x0
                0x000038dc                __exidx_start = .
 *(SORT_BY_ALIGNMENT(.ARM.exidx*) SORT_BY_ALIGNMENT(.gnu.linkonce.armexidx.*))
                0x000038dc                __exidx_end = .
                0x00001000                _HeapSize = 0x1000

.heap           0x2000014c     0x1000
                0x2000014c                _pvHeapStart = .
                0x2000114c                . = (. + _HeapSize)
 *fill*         0x2000014c     0x1000 
                0x2000114c                . = ALIGN (0x4)
                0x2000114c                _pvHeapLimit = .
                0x00001000                _StackSize = 0x1000

.heap2stackfill
                0x2000114c     0x1000
                0x2000214c                . = (. + _StackSize)
 *fill*         0x2000114c     0x1000 

.stack          0x20043000        0x0
                0x20043000                _vStackBase = .
                0x20043000                . = ALIGN (0x4)
                0x20044000                _vStackTop = (. + _StackSize)
                0xdffb90ba                PROVIDE (__valid_user_code_checksum = (0x0 - ((((((_vStackTop + (ResetISR + 0x1)) + (NMI_Handler + 0x1)) + (HardFault_Handler + 0x1)) + (DEFINED (MemManage_Handler)?MemManage_Handler:0x0 + 0x1)) + (DEFINED (BusFault_Handler)?BusFault_Handler:0x0 + 0x1)) + (DEFINED (UsageFault_Handler)?UsageFault_Handler:0x0 + 0x1))))
                0x00000000                _image_start = LOADADDR (.text)
                0x000038dc                _image_end = (LOADADDR (.data) + SIZEOF (.data))
                0x000038dc                _image_size = (_image_end - _image_start)
OUTPUT(lpcxpresso55s69_hello_world.axf elf32-littlearm)
LOAD linker stubs

.debug_info     0x00000000    0x15257
 .debug_info    0x00000000      0xa79 ./utilities/fsl_debug_console.o
 .debug_info    0x00000a79      0x4eb ./utilities/fsl_str.o
 .debug_info    0x00000f64      0x6f4 ./startup/startup_lpc55s69_cm33_core0.o
 .debug_info    0x00001658      0x70b ./source/hello_world.o
 .debug_info    0x00001d63       0x3c ./source/semihost_hardfault.o
 .debug_info    0x00001d9f     0x392c ./drivers/fsl_clock.o
 .debug_info    0x000056cb     0x2385 ./drivers/fsl_ctimer.o
 .debug_info    0x00007a50     0x1bab ./drivers/fsl_flexcomm.o
 .debug_info    0x000095fb     0x1069 ./drivers/fsl_reset.o
 .debug_info    0x0000a664     0x15e0 ./drivers/fsl_usart.o
 .debug_info    0x0000bc44     0x1692 ./device/system_LPC55S69_cm33_core0.o
 .debug_info    0x0000d2d6      0xb62 ./component/uart/usart_adapter.o
 .debug_info    0x0000de38      0x6ed ./component/serial_manager/serial_manager.o
 .debug_info    0x0000e525      0x484 ./component/serial_manager/serial_port_uart.o
 .debug_info    0x0000e9a9      0x81f ./board/board.o
 .debug_info    0x0000f1c8     0x1802 ./board/clock_config.o
 .debug_info    0x000109ca      0x76d ./board/peripherals.o
 .debug_info    0x00011137     0x1133 ./board/pin_mux.o
 .debug_info    0x0001226a     0x2fed C:\Temp\MPC-MKS\lpcxpresso55s69_hello_world\libs\libpower_hardabi.a(fsl_power_lib.o)

.debug_abbrev   0x00000000     0x24b2
 .debug_abbrev  0x00000000      0x1ee ./utilities/fsl_debug_console.o
 .debug_abbrev  0x000001ee      0x17a ./utilities/fsl_str.o
 .debug_abbrev  0x00000368      0x165 ./startup/startup_lpc55s69_cm33_core0.o
 .debug_abbrev  0x000004cd      0x15c ./source/hello_world.o
 .debug_abbrev  0x00000629       0x31 ./source/semihost_hardfault.o
 .debug_abbrev  0x0000065a      0x374 ./drivers/fsl_clock.o
 .debug_abbrev  0x000009ce      0x34a ./drivers/fsl_ctimer.o
 .debug_abbrev  0x00000d18      0x2a9 ./drivers/fsl_flexcomm.o
 .debug_abbrev  0x00000fc1      0x15a ./drivers/fsl_reset.o
 .debug_abbrev  0x0000111b      0x347 ./drivers/fsl_usart.o
 .debug_abbrev  0x00001462      0x1e7 ./device/system_LPC55S69_cm33_core0.o
 .debug_abbrev  0x00001649      0x1cf ./component/uart/usart_adapter.o
 .debug_abbrev  0x00001818      0x144 ./component/serial_manager/serial_manager.o
 .debug_abbrev  0x0000195c      0x127 ./component/serial_manager/serial_port_uart.o
 .debug_abbrev  0x00001a83       0xd1 ./board/board.o
 .debug_abbrev  0x00001b54      0x1bd ./board/clock_config.o
 .debug_abbrev  0x00001d11      0x187 ./board/peripherals.o
 .debug_abbrev  0x00001e98      0x1d9 ./board/pin_mux.o
 .debug_abbrev  0x00002071      0x441 C:\Temp\MPC-MKS\lpcxpresso55s69_hello_world\libs\libpower_hardabi.a(fsl_power_lib.o)

.debug_aranges  0x00000000      0xad8
 .debug_aranges
                0x00000000       0x80 ./utilities/fsl_debug_console.o
 .debug_aranges
                0x00000080       0x38 ./utilities/fsl_str.o
 .debug_aranges
                0x000000b8      0x260 ./startup/startup_lpc55s69_cm33_core0.o
 .debug_aranges
                0x00000318       0x30 ./source/hello_world.o
 .debug_aranges
                0x00000348       0x20 ./source/semihost_hardfault.o
 .debug_aranges
                0x00000368      0x218 ./drivers/fsl_clock.o
 .debug_aranges
                0x00000580       0xd8 ./drivers/fsl_ctimer.o
 .debug_aranges
                0x00000658       0x90 ./drivers/fsl_flexcomm.o
 .debug_aranges
                0x000006e8       0x30 ./drivers/fsl_reset.o
 .debug_aranges
                0x00000718       0xe0 ./drivers/fsl_usart.o
 .debug_aranges
                0x000007f8       0x88 ./device/system_LPC55S69_cm33_core0.o
 .debug_aranges
                0x00000880       0x40 ./component/uart/usart_adapter.o
 .debug_aranges
                0x000008c0       0x88 ./component/serial_manager/serial_manager.o
 .debug_aranges
                0x00000948       0x38 ./component/serial_manager/serial_port_uart.o
 .debug_aranges
                0x00000980       0x28 ./board/board.o
 .debug_aranges
                0x000009a8       0x40 ./board/clock_config.o
 .debug_aranges
                0x000009e8       0x38 ./board/peripherals.o
 .debug_aranges
                0x00000a20       0x38 ./board/pin_mux.o
 .debug_aranges
                0x00000a58       0x80 C:\Temp\MPC-MKS\lpcxpresso55s69_hello_world\libs\libpower_hardabi.a(fsl_power_lib.o)

.debug_ranges   0x00000000      0xa48
 .debug_ranges  0x00000000       0x70 ./utilities/fsl_debug_console.o
 .debug_ranges  0x00000070       0x28 ./utilities/fsl_str.o
 .debug_ranges  0x00000098      0x250 ./startup/startup_lpc55s69_cm33_core0.o
 .debug_ranges  0x000002e8       0x20 ./source/hello_world.o
 .debug_ranges  0x00000308       0x10 ./source/semihost_hardfault.o
 .debug_ranges  0x00000318      0x208 ./drivers/fsl_clock.o
 .debug_ranges  0x00000520       0xc8 ./drivers/fsl_ctimer.o
 .debug_ranges  0x000005e8       0x80 ./drivers/fsl_flexcomm.o
 .debug_ranges  0x00000668       0x20 ./drivers/fsl_reset.o
 .debug_ranges  0x00000688       0xd0 ./drivers/fsl_usart.o
 .debug_ranges  0x00000758       0x78 ./device/system_LPC55S69_cm33_core0.o
 .debug_ranges  0x000007d0       0x30 ./component/uart/usart_adapter.o
 .debug_ranges  0x00000800       0x78 ./component/serial_manager/serial_manager.o
 .debug_ranges  0x00000878       0x28 ./component/serial_manager/serial_port_uart.o
 .debug_ranges  0x000008a0       0x18 ./board/board.o
 .debug_ranges  0x000008b8       0x30 ./board/clock_config.o
 .debug_ranges  0x000008e8       0x28 ./board/peripherals.o
 .debug_ranges  0x00000910       0x28 ./board/pin_mux.o
 .debug_ranges  0x00000938      0x110 C:\Temp\MPC-MKS\lpcxpresso55s69_hello_world\libs\libpower_hardabi.a(fsl_power_lib.o)

.debug_macro    0x00000000     0x235a
 .debug_macro   0x00000000      0x196 ./utilities/fsl_debug_console.o
 .debug_macro   0x00000196       0x16 ./utilities/fsl_debug_console.o
 .debug_macro   0x000001ac       0x10 ./utilities/fsl_debug_console.o
 .debug_macro   0x000001bc       0x28 ./utilities/fsl_debug_console.o
 .debug_macro   0x000001e4       0x56 ./utilities/fsl_debug_console.o
 .debug_macro   0x0000023a       0x34 ./utilities/fsl_debug_console.o
 .debug_macro   0x0000026e      0x13d ./utilities/fsl_str.o
 .debug_macro   0x000003ab       0xc4 ./utilities/fsl_str.o
 .debug_macro   0x0000046f       0x1c ./utilities/fsl_str.o
 .debug_macro   0x0000048b       0x29 ./startup/startup_lpc55s69_cm33_core0.o
 .debug_macro   0x000004b4      0x19b ./source/hello_world.o
 .debug_macro   0x0000064f       0x28 ./source/hello_world.o
 .debug_macro   0x00000677       0x10 ./source/hello_world.o
 .debug_macro   0x00000687       0xf6 ./source/hello_world.o
 .debug_macro   0x0000077d      0x255 ./source/hello_world.o
 .debug_macro   0x000009d2       0x10 ./source/hello_world.o
 .debug_macro   0x000009e2       0x3a ./source/hello_world.o
 .debug_macro   0x00000a1c       0x52 ./source/hello_world.o
 .debug_macro   0x00000a6e       0x11 ./source/semihost_hardfault.o
 .debug_macro   0x00000a7f      0x1bd ./drivers/fsl_clock.o
 .debug_macro   0x00000c3c      0x41f ./drivers/fsl_clock.o
 .debug_macro   0x0000105b      0x12e ./drivers/fsl_ctimer.o
 .debug_macro   0x00001189      0x127 ./drivers/fsl_flexcomm.o
 .debug_macro   0x000012b0       0x10 ./drivers/fsl_flexcomm.o
 .debug_macro   0x000012c0      0x11e ./drivers/fsl_reset.o
 .debug_macro   0x000013de      0x136 ./drivers/fsl_usart.o
 .debug_macro   0x00001514       0x16 ./drivers/fsl_usart.o
 .debug_macro   0x0000152a       0xc1 ./device/system_LPC55S69_cm33_core0.o
 .debug_macro   0x000015eb      0x133 ./component/uart/usart_adapter.o
 .debug_macro   0x0000171e       0x1c ./component/uart/usart_adapter.o
 .debug_macro   0x0000173a       0x22 ./component/uart/usart_adapter.o
 .debug_macro   0x0000175c      0x151 ./component/serial_manager/serial_manager.o
 .debug_macro   0x000018ad      0x142 ./component/serial_manager/serial_port_uart.o
 .debug_macro   0x000019ef       0x22 ./component/serial_manager/serial_port_uart.o
 .debug_macro   0x00001a11      0x172 ./board/board.o
 .debug_macro   0x00001b83      0x13e ./board/clock_config.o
 .debug_macro   0x00001cc1      0x419 ./board/clock_config.o
 .debug_macro   0x000020da       0x22 ./board/clock_config.o
 .debug_macro   0x000020fc      0x134 ./board/peripherals.o
 .debug_macro   0x00002230      0x12a ./board/pin_mux.o

.debug_line     0x00000000     0x8007
 .debug_line    0x00000000      0x70f ./utilities/fsl_debug_console.o
 .debug_line    0x0000070f      0xa09 ./utilities/fsl_str.o
 .debug_line    0x00001118      0x6ad ./startup/startup_lpc55s69_cm33_core0.o
 .debug_line    0x000017c5      0x4f3 ./source/hello_world.o
 .debug_line    0x00001cb8       0x59 ./source/semihost_hardfault.o
 .debug_line    0x00001d11     0x176f ./drivers/fsl_clock.o
 .debug_line    0x00003480      0x850 ./drivers/fsl_ctimer.o
 .debug_line    0x00003cd0      0x5d2 ./drivers/fsl_flexcomm.o
 .debug_line    0x000042a2      0x3a8 ./drivers/fsl_reset.o
 .debug_line    0x0000464a      0xd4e ./drivers/fsl_usart.o
 .debug_line    0x00005398      0x6c2 ./device/system_LPC55S69_cm33_core0.o
 .debug_line    0x00005a5a      0x4b0 ./component/uart/usart_adapter.o
 .debug_line    0x00005f0a      0x67a ./component/serial_manager/serial_manager.o
 .debug_line    0x00006584      0x4dc ./component/serial_manager/serial_port_uart.o
 .debug_line    0x00006a60      0x45d ./board/board.o
 .debug_line    0x00006ebd      0x40e ./board/clock_config.o
 .debug_line    0x000072cb      0x3b7 ./board/peripherals.o
 .debug_line    0x00007682      0x416 ./board/pin_mux.o
 .debug_line    0x00007a98      0x56f C:\Temp\MPC-MKS\lpcxpresso55s69_hello_world\libs\libpower_hardabi.a(fsl_power_lib.o)

.debug_str      0x00000000    0xcdafb
 .debug_str     0x00000000    0xc2c24 ./utilities/fsl_debug_console.o
                              0xc2d70 (size before relaxing)
 .debug_str     0x000c2c24      0x6ce ./utilities/fsl_str.o
                              0xc1eff (size before relaxing)
 .debug_str     0x000c32f2      0x677 ./startup/startup_lpc55s69_cm33_core0.o
                               0x34ba (size before relaxing)
 .debug_str     0x000c3969     0x2855 ./source/hello_world.o
                              0xc41a3 (size before relaxing)
 .debug_str     0x000c61be       0x1f ./source/semihost_hardfault.o
                               0x2e0f (size before relaxing)
 .debug_str     0x000c61dd     0x40bd ./drivers/fsl_clock.o
                              0xc6e6f (size before relaxing)
 .debug_str     0x000ca29a     0x109c ./drivers/fsl_ctimer.o
                              0xc404f (size before relaxing)
 .debug_str     0x000cb336      0x322 ./drivers/fsl_flexcomm.o
                              0xc3b7b (size before relaxing)
 .debug_str     0x000cb658       0xae ./drivers/fsl_reset.o
                              0xc24e8 (size before relaxing)
 .debug_str     0x000cb706      0xba2 ./drivers/fsl_usart.o
                              0xc3224 (size before relaxing)
 .debug_str     0x000cc2a8      0x23a ./device/system_LPC55S69_cm33_core0.o
                              0xc03cd (size before relaxing)
 .debug_str     0x000cc4e2      0x33f ./component/uart/usart_adapter.o
                              0xc296a (size before relaxing)
 .debug_str     0x000cc821      0x388 ./component/serial_manager/serial_manager.o
                              0xc1dd2 (size before relaxing)
 .debug_str     0x000ccba9       0xfc ./component/serial_manager/serial_port_uart.o
                              0xc1e80 (size before relaxing)
 .debug_str     0x000ccca5       0x54 ./board/board.o
                              0xc4556 (size before relaxing)
 .debug_str     0x000cccf9       0x7c ./board/clock_config.o
                              0xc4aab (size before relaxing)
 .debug_str     0x000ccd75       0xbe ./board/peripherals.o
                              0xc2457 (size before relaxing)
 .debug_str     0x000cce33       0x92 ./board/pin_mux.o
                              0xc2b16 (size before relaxing)
 .debug_str     0x000ccec5      0xc36 C:\Temp\MPC-MKS\lpcxpresso55s69_hello_world\libs\libpower_hardabi.a(fsl_power_lib.o)
                               0x392f (size before relaxing)

.comment        0x00000000       0xc8
 .comment       0x00000000       0x49 ./utilities/fsl_debug_console.o
                                 0x4a (size before relaxing)
 .comment       0x00000049       0x4a ./utilities/fsl_str.o
 .comment       0x00000049       0x4a ./startup/startup_lpc55s69_cm33_core0.o
 .comment       0x00000049       0x4a ./source/hello_world.o
 .comment       0x00000049       0x4a ./source/semihost_hardfault.o
 .comment       0x00000049       0x4a ./drivers/fsl_clock.o
 .comment       0x00000049       0x4a ./drivers/fsl_ctimer.o
 .comment       0x00000049       0x4a ./drivers/fsl_flexcomm.o
 .comment       0x00000049       0x4a ./drivers/fsl_reset.o
 .comment       0x00000049       0x4a ./drivers/fsl_usart.o
 .comment       0x00000049       0x4a ./device/system_LPC55S69_cm33_core0.o
 .comment       0x00000049       0x4a ./component/uart/usart_adapter.o
 .comment       0x00000049       0x4a ./component/serial_manager/serial_manager.o
 .comment       0x00000049       0x4a ./component/serial_manager/serial_port_uart.o
 .comment       0x00000049       0x4a ./board/board.o
 .comment       0x00000049       0x4a ./board/clock_config.o
 .comment       0x00000049       0x4a ./board/peripherals.o
 .comment       0x00000049       0x4a ./board/pin_mux.o
 .comment       0x00000049       0x7f C:\Temp\MPC-MKS\lpcxpresso55s69_hello_world\libs\libpower_hardabi.a(fsl_power_lib.o)
                                 0x80 (size before relaxing)
 .comment       0x000000c8       0x4a c:/appz/nxp/mcuxpressoide_11.6.0_8187/ide/plugins/com.nxp.mcuxpresso.tools.win32_11.6.0.202112161359/tools/bin/../lib/gcc/arm-none-eabi/10.3.1/../../../../arm-none-eabi/lib/thumb/v8-m.main+fp/hard\libcr_nohost_nf.a(_cr__main.o)
 .comment       0x000000c8       0x4a c:/appz/nxp/mcuxpressoide_11.6.0_8187/ide/plugins/com.nxp.mcuxpresso.tools.win32_11.6.0.202112161359/tools/bin/../lib/gcc/arm-none-eabi/10.3.1/../../../../arm-none-eabi/lib/thumb/v8-m.main+fp/hard\libcr_nohost_nf.a(_cr_assert.o)
 .comment       0x000000c8       0x4a c:/appz/nxp/mcuxpressoide_11.6.0_8187/ide/plugins/com.nxp.mcuxpresso.tools.win32_11.6.0.202112161359/tools/bin/../lib/gcc/arm-none-eabi/10.3.1/../../../../arm-none-eabi/lib/thumb/v8-m.main+fp/hard\libcr_nohost_nf.a(__ciob.o)
 .comment       0x000000c8       0x4a c:/appz/nxp/mcuxpressoide_11.6.0_8187/ide/plugins/com.nxp.mcuxpresso.tools.win32_11.6.0.202112161359/tools/bin/../lib/gcc/arm-none-eabi/10.3.1/../../../../arm-none-eabi/lib/thumb/v8-m.main+fp/hard\libcr_nohost_nf.a(__sys_appexit.o)
 .comment       0x000000c8       0x4a c:/appz/nxp/mcuxpressoide_11.6.0_8187/ide/plugins/com.nxp.mcuxpresso.tools.win32_11.6.0.202112161359/tools/bin/../lib/gcc/arm-none-eabi/10.3.1/../../../../arm-none-eabi/lib/thumb/v8-m.main+fp/hard\libcr_c.a(memset.o)
 .comment       0x000000c8       0x4a c:/appz/nxp/mcuxpressoide_11.6.0_8187/ide/plugins/com.nxp.mcuxpresso.tools.win32_11.6.0.202112161359/tools/bin/../lib/gcc/arm-none-eabi/10.3.1/../../../../arm-none-eabi/lib/thumb/v8-m.main+fp/hard\libcr_c.a(_deferredlazyseek.o)
 .comment       0x000000c8       0x4a c:/appz/nxp/mcuxpressoide_11.6.0_8187/ide/plugins/com.nxp.mcuxpresso.tools.win32_11.6.0.202112161359/tools/bin/../lib/gcc/arm-none-eabi/10.3.1/../../../../arm-none-eabi/lib/thumb/v8-m.main+fp/hard\libcr_c.a(_fflush.o)
 .comment       0x000000c8       0x4a c:/appz/nxp/mcuxpressoide_11.6.0_8187/ide/plugins/com.nxp.mcuxpresso.tools.win32_11.6.0.202112161359/tools/bin/../lib/gcc/arm-none-eabi/10.3.1/../../../../arm-none-eabi/lib/thumb/v8-m.main+fp/hard\libcr_c.a(_writebuf.o)
 .comment       0x000000c8       0x4a c:/appz/nxp/mcuxpressoide_11.6.0_8187/ide/plugins/com.nxp.mcuxpresso.tools.win32_11.6.0.202112161359/tools/bin/../lib/gcc/arm-none-eabi/10.3.1/../../../../arm-none-eabi/lib/thumb/v8-m.main+fp/hard\libcr_c.a(alloc.o)
 .comment       0x000000c8       0x4a c:/appz/nxp/mcuxpressoide_11.6.0_8187/ide/plugins/com.nxp.mcuxpresso.tools.win32_11.6.0.202112161359/tools/bin/../lib/gcc/arm-none-eabi/10.3.1/../../../../arm-none-eabi/lib/thumb/v8-m.main+fp/hard\libcr_c.a(fputs.o)
 .comment       0x000000c8       0x4a c:/appz/nxp/mcuxpressoide_11.6.0_8187/ide/plugins/com.nxp.mcuxpresso.tools.win32_11.6.0.202112161359/tools/bin/../lib/gcc/arm-none-eabi/10.3.1/../../../../arm-none-eabi/lib/thumb/v8-m.main+fp/hard\libcr_c.a(fseek.o)
 .comment       0x000000c8       0x4a c:/appz/nxp/mcuxpressoide_11.6.0_8187/ide/plugins/com.nxp.mcuxpresso.tools.win32_11.6.0.202112161359/tools/bin/../lib/gcc/arm-none-eabi/10.3.1/../../../../arm-none-eabi/lib/thumb/v8-m.main+fp/hard\libcr_c.a(ftell.o)
 .comment       0x000000c8       0x4a c:/appz/nxp/mcuxpressoide_11.6.0_8187/ide/plugins/com.nxp.mcuxpresso.tools.win32_11.6.0.202112161359/tools/bin/../lib/gcc/arm-none-eabi/10.3.1/../../../../arm-none-eabi/lib/thumb/v8-m.main+fp/hard\libcr_c.a(initio.o)
 .comment       0x000000c8       0x4a c:/appz/nxp/mcuxpressoide_11.6.0_8187/ide/plugins/com.nxp.mcuxpresso.tools.win32_11.6.0.202112161359/tools/bin/../lib/gcc/arm-none-eabi/10.3.1/../../../../arm-none-eabi/lib/thumb/v8-m.main+fp/hard\libcr_c.a(setvbuf.o)
 .comment       0x000000c8       0x4a c:/appz/nxp/mcuxpressoide_11.6.0_8187/ide/plugins/com.nxp.mcuxpresso.tools.win32_11.6.0.202112161359/tools/bin/../lib/gcc/arm-none-eabi/10.3.1/../../../../arm-none-eabi/lib/thumb/v8-m.main+fp/hard\libcr_c.a(strlen.o)
 .comment       0x000000c8       0x4a c:/appz/nxp/mcuxpressoide_11.6.0_8187/ide/plugins/com.nxp.mcuxpresso.tools.win32_11.6.0.202112161359/tools/bin/../lib/gcc/arm-none-eabi/10.3.1/../../../../arm-none-eabi/lib/thumb/v8-m.main+fp/hard\libcr_c.a(__init_alloc.o)
 .comment       0x000000c8       0x4a c:/appz/nxp/mcuxpressoide_11.6.0_8187/ide/plugins/com.nxp.mcuxpresso.tools.win32_11.6.0.202112161359/tools/bin/../lib/gcc/arm-none-eabi/10.3.1/../../../../arm-none-eabi/lib/thumb/v8-m.main+fp/hard\libcr_c.a(_cr_sbrk.o)
 .comment       0x000000c8       0x4a c:/appz/nxp/mcuxpressoide_11.6.0_8187/ide/plugins/com.nxp.mcuxpresso.tools.win32_11.6.0.202112161359/tools/bin/../lib/gcc/arm-none-eabi/10.3.1/../../../../arm-none-eabi/lib/thumb/v8-m.main+fp/hard\libcr_c.a(_fdopen.o)
 .comment       0x000000c8       0x4a c:/appz/nxp/mcuxpressoide_11.6.0_8187/ide/plugins/com.nxp.mcuxpresso.tools.win32_11.6.0.202112161359/tools/bin/../lib/gcc/arm-none-eabi/10.3.1/../../../../arm-none-eabi/lib/thumb/v8-m.main+fp/hard\libcr_c.a(errno.o)
 .comment       0x000000c8       0x4a c:/appz/nxp/mcuxpressoide_11.6.0_8187/ide/plugins/com.nxp.mcuxpresso.tools.win32_11.6.0.202112161359/tools/bin/../lib/gcc/arm-none-eabi/10.3.1/../../../../arm-none-eabi/lib/thumb/v8-m.main+fp/hard\libcr_c.a(fclose.o)
 .comment       0x000000c8       0x4a c:/appz/nxp/mcuxpressoide_11.6.0_8187/ide/plugins/com.nxp.mcuxpresso.tools.win32_11.6.0.202112161359/tools/bin/../lib/gcc/arm-none-eabi/10.3.1/../../../../arm-none-eabi/lib/thumb/v8-m.main+fp/hard\libcr_c.a(fflush.o)
 .comment       0x000000c8       0x4a c:/appz/nxp/mcuxpressoide_11.6.0_8187/ide/plugins/com.nxp.mcuxpresso.tools.win32_11.6.0.202112161359/tools/bin/../lib/gcc/arm-none-eabi/10.3.1/../../../../arm-none-eabi/lib/thumb/v8-m.main+fp/hard\libcr_c.a(remove.o)
 .comment       0x000000c8       0x4a c:/appz/nxp/mcuxpressoide_11.6.0_8187/ide/plugins/com.nxp.mcuxpresso.tools.win32_11.6.0.202112161359/tools/bin/../lib/gcc/arm-none-eabi/10.3.1/../../../../arm-none-eabi/lib/thumb/v8-m.main+fp/hard\libcr_c.a(_cr_check_heap.o)
 .comment       0x000000c8       0x4a c:/appz/nxp/mcuxpressoide_11.6.0_8187/ide/plugins/com.nxp.mcuxpresso.tools.win32_11.6.0.202112161359/tools/bin/../lib/gcc/arm-none-eabi/10.3.1/../../../../arm-none-eabi/lib/thumb/v8-m.main+fp/hard\libcr_c.a(_do_fflush.o)
 .comment       0x000000c8       0x4a c:/appz/nxp/mcuxpressoide_11.6.0_8187/ide/plugins/com.nxp.mcuxpresso.tools.win32_11.6.0.202112161359/tools/bin/../lib/gcc/arm-none-eabi/10.3.1/thumb/v8-m.main+fp/hard\libcr_eabihelpers.a(double.o)
 .comment       0x000000c8       0x4a c:/appz/nxp/mcuxpressoide_11.6.0_8187/ide/plugins/com.nxp.mcuxpresso.tools.win32_11.6.0.202112161359/tools/bin/../lib/gcc/arm-none-eabi/10.3.1/thumb/v8-m.main+fp/hard\libcr_eabihelpers.a(float.o)
 .comment       0x000000c8       0x4a c:/appz/nxp/mcuxpressoide_11.6.0_8187/ide/plugins/com.nxp.mcuxpresso.tools.win32_11.6.0.202112161359/tools/bin/../lib/gcc/arm-none-eabi/10.3.1/../../../../arm-none-eabi/lib/thumb/v8-m.main+fp/hard\libcr_nohost_nf.a(__sys_close.o)
 .comment       0x000000c8       0x4a c:/appz/nxp/mcuxpressoide_11.6.0_8187/ide/plugins/com.nxp.mcuxpresso.tools.win32_11.6.0.202112161359/tools/bin/../lib/gcc/arm-none-eabi/10.3.1/../../../../arm-none-eabi/lib/thumb/v8-m.main+fp/hard\libcr_nohost_nf.a(__sys_flen.o)
 .comment       0x000000c8       0x4a c:/appz/nxp/mcuxpressoide_11.6.0_8187/ide/plugins/com.nxp.mcuxpresso.tools.win32_11.6.0.202112161359/tools/bin/../lib/gcc/arm-none-eabi/10.3.1/../../../../arm-none-eabi/lib/thumb/v8-m.main+fp/hard\libcr_nohost_nf.a(__sys_istty.o)
 .comment       0x000000c8       0x4a c:/appz/nxp/mcuxpressoide_11.6.0_8187/ide/plugins/com.nxp.mcuxpresso.tools.win32_11.6.0.202112161359/tools/bin/../lib/gcc/arm-none-eabi/10.3.1/../../../../arm-none-eabi/lib/thumb/v8-m.main+fp/hard\libcr_nohost_nf.a(__sys_remove.o)
 .comment       0x000000c8       0x4a c:/appz/nxp/mcuxpressoide_11.6.0_8187/ide/plugins/com.nxp.mcuxpresso.tools.win32_11.6.0.202112161359/tools/bin/../lib/gcc/arm-none-eabi/10.3.1/../../../../arm-none-eabi/lib/thumb/v8-m.main+fp/hard\libcr_nohost_nf.a(__sys_seek.o)
 .comment       0x000000c8       0x4a c:/appz/nxp/mcuxpressoide_11.6.0_8187/ide/plugins/com.nxp.mcuxpresso.tools.win32_11.6.0.202112161359/tools/bin/../lib/gcc/arm-none-eabi/10.3.1/../../../../arm-none-eabi/lib/thumb/v8-m.main+fp/hard\libcr_nohost_nf.a(__sys_tmpnam.o)
 .comment       0x000000c8       0x4a c:/appz/nxp/mcuxpressoide_11.6.0_8187/ide/plugins/com.nxp.mcuxpresso.tools.win32_11.6.0.202112161359/tools/bin/../lib/gcc/arm-none-eabi/10.3.1/../../../../arm-none-eabi/lib/thumb/v8-m.main+fp/hard\libcr_nohost_nf.a(__sys_write.o)

.ARM.attributes
                0x00000000       0x38
 .ARM.attributes
                0x00000000       0x3a ./utilities/fsl_debug_console.o
 .ARM.attributes
                0x0000003a       0x3a ./utilities/fsl_str.o
 .ARM.attributes
                0x00000074       0x3a ./startup/startup_lpc55s69_cm33_core0.o
 .ARM.attributes
                0x000000ae       0x3a ./source/hello_world.o
 .ARM.attributes
                0x000000e8       0x3a ./source/semihost_hardfault.o
 .ARM.attributes
                0x00000122       0x3a ./drivers/fsl_clock.o
 .ARM.attributes
                0x0000015c       0x3a ./drivers/fsl_ctimer.o
 .ARM.attributes
                0x00000196       0x3a ./drivers/fsl_flexcomm.o
 .ARM.attributes
                0x000001d0       0x3a ./drivers/fsl_reset.o
 .ARM.attributes
                0x0000020a       0x3a ./drivers/fsl_usart.o
 .ARM.attributes
                0x00000244       0x3a ./device/system_LPC55S69_cm33_core0.o
 .ARM.attributes
                0x0000027e       0x3a ./component/uart/usart_adapter.o
 .ARM.attributes
                0x000002b8       0x3a ./component/serial_manager/serial_manager.o
 .ARM.attributes
                0x000002f2       0x3a ./component/serial_manager/serial_port_uart.o
 .ARM.attributes
                0x0000032c       0x3a ./board/board.o
 .ARM.attributes
                0x00000366       0x3a ./board/clock_config.o
 .ARM.attributes
                0x000003a0       0x3a ./board/peripherals.o
 .ARM.attributes
                0x000003da       0x3a ./board/pin_mux.o
 .ARM.attributes
                0x00000414       0x3c C:\Temp\MPC-MKS\lpcxpresso55s69_hello_world\libs\libpower_hardabi.a(fsl_power_lib.o)
 .ARM.attributes
                0x00000450       0x3a c:/appz/nxp/mcuxpressoide_11.6.0_8187/ide/plugins/com.nxp.mcuxpresso.tools.win32_11.6.0.202112161359/tools/bin/../lib/gcc/arm-none-eabi/10.3.1/../../../../arm-none-eabi/lib/thumb/v8-m.main+fp/hard\libcr_nohost_nf.a(_cr__main.o)
 .ARM.attributes
                0x0000048a       0x3a c:/appz/nxp/mcuxpressoide_11.6.0_8187/ide/plugins/com.nxp.mcuxpresso.tools.win32_11.6.0.202112161359/tools/bin/../lib/gcc/arm-none-eabi/10.3.1/../../../../arm-none-eabi/lib/thumb/v8-m.main+fp/hard\libcr_nohost_nf.a(_cr_assert.o)
 .ARM.attributes
                0x000004c4       0x3a c:/appz/nxp/mcuxpressoide_11.6.0_8187/ide/plugins/com.nxp.mcuxpresso.tools.win32_11.6.0.202112161359/tools/bin/../lib/gcc/arm-none-eabi/10.3.1/../../../../arm-none-eabi/lib/thumb/v8-m.main+fp/hard\libcr_nohost_nf.a(__ciob.o)
 .ARM.attributes
                0x000004fe       0x3a c:/appz/nxp/mcuxpressoide_11.6.0_8187/ide/plugins/com.nxp.mcuxpresso.tools.win32_11.6.0.202112161359/tools/bin/../lib/gcc/arm-none-eabi/10.3.1/../../../../arm-none-eabi/lib/thumb/v8-m.main+fp/hard\libcr_nohost_nf.a(__sys_appexit.o)
 .ARM.attributes
                0x00000538       0x3a c:/appz/nxp/mcuxpressoide_11.6.0_8187/ide/plugins/com.nxp.mcuxpresso.tools.win32_11.6.0.202112161359/tools/bin/../lib/gcc/arm-none-eabi/10.3.1/../../../../arm-none-eabi/lib/thumb/v8-m.main+fp/hard\libcr_c.a(memset.o)
 .ARM.attributes
                0x00000572       0x3a c:/appz/nxp/mcuxpressoide_11.6.0_8187/ide/plugins/com.nxp.mcuxpresso.tools.win32_11.6.0.202112161359/tools/bin/../lib/gcc/arm-none-eabi/10.3.1/../../../../arm-none-eabi/lib/thumb/v8-m.main+fp/hard\libcr_c.a(_deferredlazyseek.o)
 .ARM.attributes
                0x000005ac       0x3a c:/appz/nxp/mcuxpressoide_11.6.0_8187/ide/plugins/com.nxp.mcuxpresso.tools.win32_11.6.0.202112161359/tools/bin/../lib/gcc/arm-none-eabi/10.3.1/../../../../arm-none-eabi/lib/thumb/v8-m.main+fp/hard\libcr_c.a(_fflush.o)
 .ARM.attributes
                0x000005e6       0x3a c:/appz/nxp/mcuxpressoide_11.6.0_8187/ide/plugins/com.nxp.mcuxpresso.tools.win32_11.6.0.202112161359/tools/bin/../lib/gcc/arm-none-eabi/10.3.1/../../../../arm-none-eabi/lib/thumb/v8-m.main+fp/hard\libcr_c.a(_writebuf.o)
 .ARM.attributes
                0x00000620       0x3a c:/appz/nxp/mcuxpressoide_11.6.0_8187/ide/plugins/com.nxp.mcuxpresso.tools.win32_11.6.0.202112161359/tools/bin/../lib/gcc/arm-none-eabi/10.3.1/../../../../arm-none-eabi/lib/thumb/v8-m.main+fp/hard\libcr_c.a(alloc.o)
 .ARM.attributes
                0x0000065a       0x3a c:/appz/nxp/mcuxpressoide_11.6.0_8187/ide/plugins/com.nxp.mcuxpresso.tools.win32_11.6.0.202112161359/tools/bin/../lib/gcc/arm-none-eabi/10.3.1/../../../../arm-none-eabi/lib/thumb/v8-m.main+fp/hard\libcr_c.a(fputs.o)
 .ARM.attributes
                0x00000694       0x3a c:/appz/nxp/mcuxpressoide_11.6.0_8187/ide/plugins/com.nxp.mcuxpresso.tools.win32_11.6.0.202112161359/tools/bin/../lib/gcc/arm-none-eabi/10.3.1/../../../../arm-none-eabi/lib/thumb/v8-m.main+fp/hard\libcr_c.a(fseek.o)
 .ARM.attributes
                0x000006ce       0x3a c:/appz/nxp/mcuxpressoide_11.6.0_8187/ide/plugins/com.nxp.mcuxpresso.tools.win32_11.6.0.202112161359/tools/bin/../lib/gcc/arm-none-eabi/10.3.1/../../../../arm-none-eabi/lib/thumb/v8-m.main+fp/hard\libcr_c.a(ftell.o)
 .ARM.attributes
                0x00000708       0x3a c:/appz/nxp/mcuxpressoide_11.6.0_8187/ide/plugins/com.nxp.mcuxpresso.tools.win32_11.6.0.202112161359/tools/bin/../lib/gcc/arm-none-eabi/10.3.1/../../../../arm-none-eabi/lib/thumb/v8-m.main+fp/hard\libcr_c.a(initio.o)
 .ARM.attributes
                0x00000742       0x3a c:/appz/nxp/mcuxpressoide_11.6.0_8187/ide/plugins/com.nxp.mcuxpresso.tools.win32_11.6.0.202112161359/tools/bin/../lib/gcc/arm-none-eabi/10.3.1/../../../../arm-none-eabi/lib/thumb/v8-m.main+fp/hard\libcr_c.a(setvbuf.o)
 .ARM.attributes
                0x0000077c       0x3a c:/appz/nxp/mcuxpressoide_11.6.0_8187/ide/plugins/com.nxp.mcuxpresso.tools.win32_11.6.0.202112161359/tools/bin/../lib/gcc/arm-none-eabi/10.3.1/../../../../arm-none-eabi/lib/thumb/v8-m.main+fp/hard\libcr_c.a(strlen.o)
 .ARM.attributes
                0x000007b6       0x3a c:/appz/nxp/mcuxpressoide_11.6.0_8187/ide/plugins/com.nxp.mcuxpresso.tools.win32_11.6.0.202112161359/tools/bin/../lib/gcc/arm-none-eabi/10.3.1/../../../../arm-none-eabi/lib/thumb/v8-m.main+fp/hard\libcr_c.a(__init_alloc.o)
 .ARM.attributes
                0x000007f0       0x3a c:/appz/nxp/mcuxpressoide_11.6.0_8187/ide/plugins/com.nxp.mcuxpresso.tools.win32_11.6.0.202112161359/tools/bin/../lib/gcc/arm-none-eabi/10.3.1/../../../../arm-none-eabi/lib/thumb/v8-m.main+fp/hard\libcr_c.a(_cr_sbrk.o)
 .ARM.attributes
                0x0000082a       0x3a c:/appz/nxp/mcuxpressoide_11.6.0_8187/ide/plugins/com.nxp.mcuxpresso.tools.win32_11.6.0.202112161359/tools/bin/../lib/gcc/arm-none-eabi/10.3.1/../../../../arm-none-eabi/lib/thumb/v8-m.main+fp/hard\libcr_c.a(_fdopen.o)
 .ARM.attributes
                0x00000864       0x3a c:/appz/nxp/mcuxpressoide_11.6.0_8187/ide/plugins/com.nxp.mcuxpresso.tools.win32_11.6.0.202112161359/tools/bin/../lib/gcc/arm-none-eabi/10.3.1/../../../../arm-none-eabi/lib/thumb/v8-m.main+fp/hard\libcr_c.a(errno.o)
 .ARM.attributes
                0x0000089e       0x3a c:/appz/nxp/mcuxpressoide_11.6.0_8187/ide/plugins/com.nxp.mcuxpresso.tools.win32_11.6.0.202112161359/tools/bin/../lib/gcc/arm-none-eabi/10.3.1/../../../../arm-none-eabi/lib/thumb/v8-m.main+fp/hard\libcr_c.a(fclose.o)
 .ARM.attributes
                0x000008d8       0x3a c:/appz/nxp/mcuxpressoide_11.6.0_8187/ide/plugins/com.nxp.mcuxpresso.tools.win32_11.6.0.202112161359/tools/bin/../lib/gcc/arm-none-eabi/10.3.1/../../../../arm-none-eabi/lib/thumb/v8-m.main+fp/hard\libcr_c.a(fflush.o)
 .ARM.attributes
                0x00000912       0x3a c:/appz/nxp/mcuxpressoide_11.6.0_8187/ide/plugins/com.nxp.mcuxpresso.tools.win32_11.6.0.202112161359/tools/bin/../lib/gcc/arm-none-eabi/10.3.1/../../../../arm-none-eabi/lib/thumb/v8-m.main+fp/hard\libcr_c.a(remove.o)
 .ARM.attributes
                0x0000094c       0x3a c:/appz/nxp/mcuxpressoide_11.6.0_8187/ide/plugins/com.nxp.mcuxpresso.tools.win32_11.6.0.202112161359/tools/bin/../lib/gcc/arm-none-eabi/10.3.1/../../../../arm-none-eabi/lib/thumb/v8-m.main+fp/hard\libcr_c.a(_cr_check_heap.o)
 .ARM.attributes
                0x00000986       0x3a c:/appz/nxp/mcuxpressoide_11.6.0_8187/ide/plugins/com.nxp.mcuxpresso.tools.win32_11.6.0.202112161359/tools/bin/../lib/gcc/arm-none-eabi/10.3.1/../../../../arm-none-eabi/lib/thumb/v8-m.main+fp/hard\libcr_c.a(_do_fflush.o)
 .ARM.attributes
                0x000009c0       0x3a c:/appz/nxp/mcuxpressoide_11.6.0_8187/ide/plugins/com.nxp.mcuxpresso.tools.win32_11.6.0.202112161359/tools/bin/../lib/gcc/arm-none-eabi/10.3.1/thumb/v8-m.main+fp/hard\libcr_eabihelpers.a(double.o)
 .ARM.attributes
                0x000009fa       0x3a c:/appz/nxp/mcuxpressoide_11.6.0_8187/ide/plugins/com.nxp.mcuxpresso.tools.win32_11.6.0.202112161359/tools/bin/../lib/gcc/arm-none-eabi/10.3.1/thumb/v8-m.main+fp/hard\libcr_eabihelpers.a(float.o)
 .ARM.attributes
                0x00000a34       0x26 c:/appz/nxp/mcuxpressoide_11.6.0_8187/ide/plugins/com.nxp.mcuxpresso.tools.win32_11.6.0.202112161359/tools/bin/../lib/gcc/arm-none-eabi/10.3.1/thumb/v8-m.main+fp/hard\libcr_eabihelpers.a(memcpy.o)
 .ARM.attributes
                0x00000a5a       0x3a c:/appz/nxp/mcuxpressoide_11.6.0_8187/ide/plugins/com.nxp.mcuxpresso.tools.win32_11.6.0.202112161359/tools/bin/../lib/gcc/arm-none-eabi/10.3.1/../../../../arm-none-eabi/lib/thumb/v8-m.main+fp/hard\libcr_nohost_nf.a(__sys_close.o)
 .ARM.attributes
                0x00000a94       0x3a c:/appz/nxp/mcuxpressoide_11.6.0_8187/ide/plugins/com.nxp.mcuxpresso.tools.win32_11.6.0.202112161359/tools/bin/../lib/gcc/arm-none-eabi/10.3.1/../../../../arm-none-eabi/lib/thumb/v8-m.main+fp/hard\libcr_nohost_nf.a(__sys_flen.o)
 .ARM.attributes
                0x00000ace       0x3a c:/appz/nxp/mcuxpressoide_11.6.0_8187/ide/plugins/com.nxp.mcuxpresso.tools.win32_11.6.0.202112161359/tools/bin/../lib/gcc/arm-none-eabi/10.3.1/../../../../arm-none-eabi/lib/thumb/v8-m.main+fp/hard\libcr_nohost_nf.a(__sys_istty.o)
 .ARM.attributes
                0x00000b08       0x3a c:/appz/nxp/mcuxpressoide_11.6.0_8187/ide/plugins/com.nxp.mcuxpresso.tools.win32_11.6.0.202112161359/tools/bin/../lib/gcc/arm-none-eabi/10.3.1/../../../../arm-none-eabi/lib/thumb/v8-m.main+fp/hard\libcr_nohost_nf.a(__sys_remove.o)
 .ARM.attributes
                0x00000b42       0x3a c:/appz/nxp/mcuxpressoide_11.6.0_8187/ide/plugins/com.nxp.mcuxpresso.tools.win32_11.6.0.202112161359/tools/bin/../lib/gcc/arm-none-eabi/10.3.1/../../../../arm-none-eabi/lib/thumb/v8-m.main+fp/hard\libcr_nohost_nf.a(__sys_seek.o)
 .ARM.attributes
                0x00000b7c       0x3a c:/appz/nxp/mcuxpressoide_11.6.0_8187/ide/plugins/com.nxp.mcuxpresso.tools.win32_11.6.0.202112161359/tools/bin/../lib/gcc/arm-none-eabi/10.3.1/../../../../arm-none-eabi/lib/thumb/v8-m.main+fp/hard\libcr_nohost_nf.a(__sys_tmpnam.o)
 .ARM.attributes
                0x00000bb6       0x3a c:/appz/nxp/mcuxpressoide_11.6.0_8187/ide/plugins/com.nxp.mcuxpresso.tools.win32_11.6.0.202112161359/tools/bin/../lib/gcc/arm-none-eabi/10.3.1/../../../../arm-none-eabi/lib/thumb/v8-m.main+fp/hard\libcr_nohost_nf.a(__sys_write.o)

.debug_frame    0x00000000     0x25d4
 .debug_frame   0x00000000      0x208 ./utilities/fsl_debug_console.o
 .debug_frame   0x00000208       0xb4 ./utilities/fsl_str.o
 .debug_frame   0x000002bc      0x694 ./startup/startup_lpc55s69_cm33_core0.o
 .debug_frame   0x00000950       0x7c ./source/hello_world.o
 .debug_frame   0x000009cc       0x20 ./source/semihost_hardfault.o