11:49:11 **** Incremental Build of configuration Debug for project lpcxpresso55s69_hello_world_s ****
make -r -j4 all 
make[1]: Nothing to be done for 'main-build'.
Performing post-build steps
arm-none-eabi-size "lpcxpresso55s69_hello_world_s.axf"; # arm-none-eabi-objcopy -v -O binary "lpcxpresso55s69_hello_world_s.axf" "lpcxpresso55s69_hello_world_s.bin" ; # checksum -p LPC55S69 -d "lpcxpresso55s69_hello_world_s.bin";
   text	   data	    bss	    dec	    hex	filename
  13272	    104	   4204	  17580	   44ac	lpcxpresso55s69_hello_world_s.axf
 
11:49:19 **** Incremental Build of configuration Debug for project lpcxpresso55s69_hello_world_s ****
make -r -j4 all 
make[1]: Nothing to be done for 'main-build'.
Performing post-build steps
arm-none-eabi-size "lpcxpresso55s69_hello_world_s.axf"; # arm-none-eabi-objcopy -v -O binary "lpcxpresso55s69_hello_world_s.axf" "lpcxpresso55s69_hello_world_s.bin" ; # checksum -p LPC55S69 -d "lpcxpresso55s69_hello_world_s.bin";
   text	   data	    bss	    dec	    hex	filename
  13272	    104	   4204	  17580	   44ac	lpcxpresso55s69_hello_world_s.axf
 
11:49:22 **** Incremental Build of configuration Debug for project lpcxpresso55s69_hello_world_s ****
make -r -j4 all 
make[1]: Nothing to be done for 'main-build'.
Performing post-build steps
arm-none-eabi-size "lpcxpresso55s69_hello_world_s.axf"; # arm-none-eabi-objcopy -v -O binary "lpcxpresso55s69_hello_world_s.axf" "lpcxpresso55s69_hello_world_s.bin" ; # checksum -p LPC55S69 -d "lpcxpresso55s69_hello_world_s.bin";
   text	   data	    bss	    dec	    hex	filename
  13272	    104	   4204	  17580	   44ac	lpcxpresso55s69_hello_world_s.axf
 
11:49:23 **** Incremental Build of configuration Debug for project lpcxpresso55s69_hello_world_ns ****
make -r -j4 all 
make[1]: Nothing to be done for 'main-build'.
Performing post-build steps
arm-none-eabi-size "lpcxpresso55s69_hello_world_ns.axf"; # arm-none-eabi-objcopy -v -O binary "lpcxpresso55s69_hello_world_ns.axf" "lpcxpresso55s69_hello_world_ns.bin" ; # checksum -p LPC55S69 -d "lpcxpresso55s69_hello_world_ns.bin";
   text	   data	    bss	    dec	    hex	filename
   5040	      0	   8296	  13336	   3418	lpcxpresso55s69_hello_world_ns.axf
 
11:51:33 **** Incremental Build of configuration Debug for project lpcxpresso55s69_hello_world_s ****
make -r -j4 all 
make[1]: Nothing to be done for 'main-build'.
Performing post-build steps
arm-none-eabi-size "lpcxpresso55s69_hello_world_s.axf"; # arm-none-eabi-objcopy -v -O binary "lpcxpresso55s69_hello_world_s.axf" "lpcxpresso55s69_hello_world_s.bin" ; # checksum -p LPC55S69 -d "lpcxpresso55s69_hello_world_s.bin";
   text	   data	    bss	    dec	    hex	filename
  13272	    104	   4204	  17580	   44ac	lpcxpresso55s69_hello_world_s.axf
 
11:51:36 **** Incremental Build of configuration Debug for project lpcxpresso55s69_hello_world_s ****
make -r -j4 all 
make[1]: Nothing to be done for 'main-build'.
Performing post-build steps
arm-none-eabi-size "lpcxpresso55s69_hello_world_s.axf"; # arm-none-eabi-objcopy -v -O binary "lpcxpresso55s69_hello_world_s.axf" "lpcxpresso55s69_hello_world_s.bin" ; # checksum -p LPC55S69 -d "lpcxpresso55s69_hello_world_s.bin";
   text	   data	    bss	    dec	    hex	filename
  13272	    104	   4204	  17580	   44ac	lpcxpresso55s69_hello_world_s.axf
 
11:51:38 **** Incremental Build of configuration Debug for project lpcxpresso55s69_hello_world_ns ****
make -r -j4 all 
make[1]: Nothing to be done for 'main-build'.
Performing post-build steps
arm-none-eabi-size "lpcxpresso55s69_hello_world_ns.axf"; # arm-none-eabi-objcopy -v -O binary "lpcxpresso55s69_hello_world_ns.axf" "lpcxpresso55s69_hello_world_ns.bin" ; # checksum -p LPC55S69 -d "lpcxpresso55s69_hello_world_ns.bin";
   text	   data	    bss	    dec	    hex	filename
   5040	      0	   8296	  13336	   3418	lpcxpresso55s69_hello_world_ns.axf
 
