11:23:26 **** Incremental Build of configuration Debug for project LPC55S69_Project1 ****
make -r -j4 all 
make[1]: Nothing to be done for 'main-build'.
Performing post-build steps
arm-none-eabi-size "LPC55S69_Project1.axf"; # arm-none-eabi-objcopy -v -O binary "LPC55S69_Project1.axf" "LPC55S69_Project1.bin" ; # checksum -p LPC55S69 -d "LPC55S69_Project1.bin";
   text	   data	    bss	    dec	    hex	filename
  15180	      4	   8488	  23672	   5c78	LPC55S69_Project1.axf
 

11:23:26 Build Finished. 0 errors, 0 warnings. (took 264ms)

