10:08:33 **** Build of configuration Debug for project lpcxpresso55s69_led_blinky ****
make -r -j4 all 
Building file: ../utilities/fsl_assert.c
Building file: ../utilities/fsl_debug_console.c
Building file: ../utilities/fsl_str.c
Building file: ../startup/boot_multicore_slave.c
Invoking: MCU C Compiler
Invoking: MCU C Compiler
arm-none-eabi-gcc -std=gnu99 -DCPU_LPC55S69JBD100 -DCPU_LPC55S69JBD100_cm33 -DCPU_LPC55S69JBD100_cm33_core0 -DARM_MATH_CM33 -DSDK_DEBUGCONSOLE=1 -DCR_INTEGER_PRINTF -DPRINTF_FLOAT_ENABLE=0 -D__MCUXPRESSO -D__USE_CMSIS -DDEBUG -D__REDLIB__ -I"C:\Temp\MPC-MKS\lpcxpresso55s69_led_blinky\source" -I"C:\Temp\MPC-MKS\lpcxpresso55s69_led_blinky" -I"C:\Temp\MPC-MKS\lpcxpresso55s69_led_blinky\drivers" -I"C:\Temp\MPC-MKS\lpcxpresso55s69_led_blinky\device" -I"C:\Temp\MPC-MKS\lpcxpresso55s69_led_blinky\startup" -I"C:\Temp\MPC-MKS\lpcxpresso55s69_led_blinky\utilities" -I"C:\Temp\MPC-MKS\lpcxpresso55s69_led_blinky\component\uart" -I"C:\Temp\MPC-MKS\lpcxpresso55s69_led_blinky\component\serial_manager" -I"C:\Temp\MPC-MKS\lpcxpresso55s69_led_blinky\component\lists" -I"C:\Temp\MPC-MKS\lpcxpresso55s69_led_blinky\CMSIS" -I"C:\Temp\MPC-MKS\lpcxpresso55s69_led_blinky\board" -O0 -fno-common -g3 -Wall -c  -ffunction-sections  -fdata-sections  -ffreestanding  -fno-builtin  -mcpu=cortex-m33 -fmerge-constants -fmacro-prefix-map="../utilities/"= -mcpu=cortex-m33 -mfpu=fpv5-sp-d16 -mfloat-abi=hard -mthumb -D__REDLIB__ -fstack-usage -specs=redlib.specs -MMD -MP -MF"utilities/fsl_assert.d" -MT"utilities/fsl_assert.o" -MT"utilities/fsl_assert.d" -o "utilities/fsl_assert.o" "../utilities/fsl_assert.c"
Invoking: MCU C Compiler
arm-none-eabi-gcc -std=gnu99 -DCPU_LPC55S69JBD100 -DCPU_LPC55S69JBD100_cm33 -DCPU_LPC55S69JBD100_cm33_core0 -DARM_MATH_CM33 -DSDK_DEBUGCONSOLE=1 -DCR_INTEGER_PRINTF -DPRINTF_FLOAT_ENABLE=0 -D__MCUXPRESSO -D__USE_CMSIS -DDEBUG -D__REDLIB__ -I"C:\Temp\MPC-MKS\lpcxpresso55s69_led_blinky\source" -I"C:\Temp\MPC-MKS\lpcxpresso55s69_led_blinky" -I"C:\Temp\MPC-MKS\lpcxpresso55s69_led_blinky\drivers" -I"C:\Temp\MPC-MKS\lpcxpresso55s69_led_blinky\device" -I"C:\Temp\MPC-MKS\lpcxpresso55s69_led_blinky\startup" -I"C:\Temp\MPC-MKS\lpcxpresso55s69_led_blinky\utilities" -I"C:\Temp\MPC-MKS\lpcxpresso55s69_led_blinky\component\uart" -I"C:\Temp\MPC-MKS\lpcxpresso55s69_led_blinky\component\serial_manager" -I"C:\Temp\MPC-MKS\lpcxpresso55s69_led_blinky\component\lists" -I"C:\Temp\MPC-MKS\lpcxpresso55s69_led_blinky\CMSIS" -I"C:\Temp\MPC-MKS\lpcxpresso55s69_led_blinky\board" -O0 -fno-common -g3 -Wall -c  -ffunction-sections  -fdata-sections  -ffreestanding  -fno-builtin  -mcpu=cortex-m33 -fmerge-constants -fmacro-prefix-map="../utilities/"= -mcpu=cortex-m33 -mfpu=fpv5-sp-d16 -mfloat-abi=hard -mthumb -D__REDLIB__ -fstack-usage -specs=redlib.specs -MMD -MP -MF"utilities/fsl_debug_console.d" -MT"utilities/fsl_debug_console.o" -MT"utilities/fsl_debug_console.d" -o "utilities/fsl_debug_console.o" "../utilities/fsl_debug_console.c"
Invoking: MCU C Compiler
arm-none-eabi-gcc -std=gnu99 -DCPU_LPC55S69JBD100 -DCPU_LPC55S69JBD100_cm33 -DCPU_LPC55S69JBD100_cm33_core0 -DARM_MATH_CM33 -DSDK_DEBUGCONSOLE=1 -DCR_INTEGER_PRINTF -DPRINTF_FLOAT_ENABLE=0 -D__MCUXPRESSO -D__USE_CMSIS -DDEBUG -D__REDLIB__ -I"C:\Temp\MPC-MKS\lpcxpresso55s69_led_blinky\source" -I"C:\Temp\MPC-MKS\lpcxpresso55s69_led_blinky" -I"C:\Temp\MPC-MKS\lpcxpresso55s69_led_blinky\drivers" -I"C:\Temp\MPC-MKS\lpcxpresso55s69_led_blinky\device" -I"C:\Temp\MPC-MKS\lpcxpresso55s69_led_blinky\startup" -I"C:\Temp\MPC-MKS\lpcxpresso55s69_led_blinky\utilities" -I"C:\Temp\MPC-MKS\lpcxpresso55s69_led_blinky\component\uart" -I"C:\Temp\MPC-MKS\lpcxpresso55s69_led_blinky\component\serial_manager" -I"C:\Temp\MPC-MKS\lpcxpresso55s69_led_blinky\component\lists" -I"C:\Temp\MPC-MKS\lpcxpresso55s69_led_blinky\CMSIS" -I"C:\Temp\MPC-MKS\lpcxpresso55s69_led_blinky\board" -O0 -fno-common -g3 -Wall -c  -ffunction-sections  -fdata-sections  -ffreestanding  -fno-builtin  -mcpu=cortex-m33 -fmerge-constants -fmacro-prefix-map="../utilities/"= -mcpu=cortex-m33 -mfpu=fpv5-sp-d16 -mfloat-abi=hard -mthumb -D__REDLIB__ -fstack-usage -specs=redlib.specs -MMD -MP -MF"utilities/fsl_str.d" -MT"utilities/fsl_str.o" -MT"utilities/fsl_str.d" -o "utilities/fsl_str.o" "../utilities/fsl_str.c"
arm-none-eabi-gcc -std=gnu99 -DCPU_LPC55S69JBD100 -DCPU_LPC55S69JBD100_cm33 -DCPU_LPC55S69JBD100_cm33_core0 -DARM_MATH_CM33 -DSDK_DEBUGCONSOLE=1 -DCR_INTEGER_PRINTF -DPRINTF_FLOAT_ENABLE=0 -D__MCUXPRESSO -D__USE_CMSIS -DDEBUG -D__REDLIB__ -I"C:\Temp\MPC-MKS\lpcxpresso55s69_led_blinky\source" -I"C:\Temp\MPC-MKS\lpcxpresso55s69_led_blinky" -I"C:\Temp\MPC-MKS\lpcxpresso55s69_led_blinky\drivers" -I"C:\Temp\MPC-MKS\lpcxpresso55s69_led_blinky\device" -I"C:\Temp\MPC-MKS\lpcxpresso55s69_led_blinky\startup" -I"C:\Temp\MPC-MKS\lpcxpresso55s69_led_blinky\utilities" -I"C:\Temp\MPC-MKS\lpcxpresso55s69_led_blinky\component\uart" -I"C:\Temp\MPC-MKS\lpcxpresso55s69_led_blinky\component\serial_manager" -I"C:\Temp\MPC-MKS\lpcxpresso55s69_led_blinky\component\lists" -I"C:\Temp\MPC-MKS\lpcxpresso55s69_led_blinky\CMSIS" -I"C:\Temp\MPC-MKS\lpcxpresso55s69_led_blinky\board" -O0 -fno-common -g3 -Wall -c  -ffunction-sections  -fdata-sections  -ffreestanding  -fno-builtin  -mcpu=cortex-m33 -fmerge-constants -fmacro-prefix-map="../startup/"= -mcpu=cortex-m33 -mfpu=fpv5-sp-d16 -mfloat-abi=hard -mthumb -D__REDLIB__ -fstack-usage -specs=redlib.specs -MMD -MP -MF"startup/boot_multicore_slave.d" -MT"startup/boot_multicore_slave.o" -MT"startup/boot_multicore_slave.d" -o "startup/boot_multicore_slave.o" "../startup/boot_multicore_slave.c"
Finished building: ../utilities/fsl_str.c
 
Building file: ../startup/startup_lpc55s69_cm33_core0.c
Invoking: MCU C Compiler
arm-none-eabi-gcc -std=gnu99 -DCPU_LPC55S69JBD100 -DCPU_LPC55S69JBD100_cm33 -DCPU_LPC55S69JBD100_cm33_core0 -DARM_MATH_CM33 -DSDK_DEBUGCONSOLE=1 -DCR_INTEGER_PRINTF -DPRINTF_FLOAT_ENABLE=0 -D__MCUXPRESSO -D__USE_CMSIS -DDEBUG -D__REDLIB__ -I"C:\Temp\MPC-MKS\lpcxpresso55s69_led_blinky\source" -I"C:\Temp\MPC-MKS\lpcxpresso55s69_led_blinky" -I"C:\Temp\MPC-MKS\lpcxpresso55s69_led_blinky\drivers" -I"C:\Temp\MPC-MKS\lpcxpresso55s69_led_blinky\device" -I"C:\Temp\MPC-MKS\lpcxpresso55s69_led_blinky\startup" -I"C:\Temp\MPC-MKS\lpcxpresso55s69_led_blinky\utilities" -I"C:\Temp\MPC-MKS\lpcxpresso55s69_led_blinky\component\uart" -I"C:\Temp\MPC-MKS\lpcxpresso55s69_led_blinky\component\serial_manager" -I"C:\Temp\MPC-MKS\lpcxpresso55s69_led_blinky\component\lists" -I"C:\Temp\MPC-MKS\lpcxpresso55s69_led_blinky\CMSIS" -I"C:\Temp\MPC-MKS\lpcxpresso55s69_led_blinky\board" -O0 -fno-common -g3 -Wall -c  -ffunction-sections  -fdata-sections  -ffreestanding  -fno-builtin  -mcpu=cortex-m33 -fmerge-constants -fmacro-prefix-map="../startup/"= -mcpu=cortex-m33 -mfpu=fpv5-sp-d16 -mfloat-abi=hard -mthumb -D__REDLIB__ -fstack-usage -specs=redlib.specs -MMD -MP -MF"startup/startup_lpc55s69_cm33_core0.d" -MT"startup/startup_lpc55s69_cm33_core0.o" -MT"startup/startup_lpc55s69_cm33_core0.d" -o "startup/startup_lpc55s69_cm33_core0.o" "../startup/startup_lpc55s69_cm33_core0.c"
Finished building: ../utilities/fsl_debug_console.c
 
Building file: ../source/led_blinky.c
Invoking: MCU C Compiler
arm-none-eabi-gcc -std=gnu99 -DCPU_LPC55S69JBD100 -DCPU_LPC55S69JBD100_cm33 -DCPU_LPC55S69JBD100_cm33_core0 -DARM_MATH_CM33 -DSDK_DEBUGCONSOLE=1 -DCR_INTEGER_PRINTF -DPRINTF_FLOAT_ENABLE=0 -D__MCUXPRESSO -D__USE_CMSIS -DDEBUG -D__REDLIB__ -I"C:\Temp\MPC-MKS\lpcxpresso55s69_led_blinky\source" -I"C:\Temp\MPC-MKS\lpcxpresso55s69_led_blinky" -I"C:\Temp\MPC-MKS\lpcxpresso55s69_led_blinky\drivers" -I"C:\Temp\MPC-MKS\lpcxpresso55s69_led_blinky\device" -I"C:\Temp\MPC-MKS\lpcxpresso55s69_led_blinky\startup" -I"C:\Temp\MPC-MKS\lpcxpresso55s69_led_blinky\utilities" -I"C:\Temp\MPC-MKS\lpcxpresso55s69_led_blinky\component\uart" -I"C:\Temp\MPC-MKS\lpcxpresso55s69_led_blinky\component\serial_manager" -I"C:\Temp\MPC-MKS\lpcxpresso55s69_led_blinky\component\lists" -I"C:\Temp\MPC-MKS\lpcxpresso55s69_led_blinky\CMSIS" -I"C:\Temp\MPC-MKS\lpcxpresso55s69_led_blinky\board" -O0 -fno-common -g3 -Wall -c  -ffunction-sections  -fdata-sections  -ffreestanding  -fno-builtin  -mcpu=cortex-m33 -fmerge-constants -fmacro-prefix-map="../source/"= -mcpu=cortex-m33 -mfpu=fpv5-sp-d16 -mfloat-abi=hard -mthumb -D__REDLIB__ -fstack-usage -specs=redlib.specs -MMD -MP -MF"source/led_blinky.d" -MT"source/led_blinky.o" -MT"source/led_blinky.d" -o "source/led_blinky.o" "../source/led_blinky.c"
Finished building: ../utilities/fsl_assert.c
 
Building file: ../source/semihost_hardfault.c
Invoking: MCU C Compiler
arm-none-eabi-gcc -std=gnu99 -DCPU_LPC55S69JBD100 -DCPU_LPC55S69JBD100_cm33 -DCPU_LPC55S69JBD100_cm33_core0 -DARM_MATH_CM33 -DSDK_DEBUGCONSOLE=1 -DCR_INTEGER_PRINTF -DPRINTF_FLOAT_ENABLE=0 -D__MCUXPRESSO -D__USE_CMSIS -DDEBUG -D__REDLIB__ -I"C:\Temp\MPC-MKS\lpcxpresso55s69_led_blinky\source" -I"C:\Temp\MPC-MKS\lpcxpresso55s69_led_blinky" -I"C:\Temp\MPC-MKS\lpcxpresso55s69_led_blinky\drivers" -I"C:\Temp\MPC-MKS\lpcxpresso55s69_led_blinky\device" -I"C:\Temp\MPC-MKS\lpcxpresso55s69_led_blinky\startup" -I"C:\Temp\MPC-MKS\lpcxpresso55s69_led_blinky\utilities" -I"C:\Temp\MPC-MKS\lpcxpresso55s69_led_blinky\component\uart" -I"C:\Temp\MPC-MKS\lpcxpresso55s69_led_blinky\component\serial_manager" -I"C:\Temp\MPC-MKS\lpcxpresso55s69_led_blinky\component\lists" -I"C:\Temp\MPC-MKS\lpcxpresso55s69_led_blinky\CMSIS" -I"C:\Temp\MPC-MKS\lpcxpresso55s69_led_blinky\board" -O0 -fno-common -g3 -Wall -c  -ffunction-sections  -fdata-sections  -ffreestanding  -fno-builtin  -mcpu=cortex-m33 -fmerge-constants -fmacro-prefix-map="../source/"= -mcpu=cortex-m33 -mfpu=fpv5-sp-d16 -mfloat-abi=hard -mthumb -D__REDLIB__ -fstack-usage -specs=redlib.specs -MMD -MP -MF"source/semihost_hardfault.d" -MT"source/semihost_hardfault.o" -MT"source/semihost_hardfault.d" -o "source/semihost_hardfault.o" "../source/semihost_hardfault.c"
Finished building: ../startup/startup_lpc55s69_cm33_core0.c
 
Building file: ../drivers/fsl_clock.c
Invoking: MCU C Compiler
arm-none-eabi-gcc -std=gnu99 -DCPU_LPC55S69JBD100 -DCPU_LPC55S69JBD100_cm33 -DCPU_LPC55S69JBD100_cm33_core0 -DARM_MATH_CM33 -DSDK_DEBUGCONSOLE=1 -DCR_INTEGER_PRINTF -DPRINTF_FLOAT_ENABLE=0 -D__MCUXPRESSO -D__USE_CMSIS -DDEBUG -D__REDLIB__ -I"C:\Temp\MPC-MKS\lpcxpresso55s69_led_blinky\source" -I"C:\Temp\MPC-MKS\lpcxpresso55s69_led_blinky" -I"C:\Temp\MPC-MKS\lpcxpresso55s69_led_blinky\drivers" -I"C:\Temp\MPC-MKS\lpcxpresso55s69_led_blinky\device" -I"C:\Temp\MPC-MKS\lpcxpresso55s69_led_blinky\startup" -I"C:\Temp\MPC-MKS\lpcxpresso55s69_led_blinky\utilities" -I"C:\Temp\MPC-MKS\lpcxpresso55s69_led_blinky\component\uart" -I"C:\Temp\MPC-MKS\lpcxpresso55s69_led_blinky\component\serial_manager" -I"C:\Temp\MPC-MKS\lpcxpresso55s69_led_blinky\component\lists" -I"C:\Temp\MPC-MKS\lpcxpresso55s69_led_blinky\CMSIS" -I"C:\Temp\MPC-MKS\lpcxpresso55s69_led_blinky\board" -O0 -fno-common -g3 -Wall -c  -ffunction-sections  -fdata-sections  -ffreestanding  -fno-builtin  -mcpu=cortex-m33 -fmerge-constants -fmacro-prefix-map="../drivers/"= -mcpu=cortex-m33 -mfpu=fpv5-sp-d16 -mfloat-abi=hard -mthumb -D__REDLIB__ -fstack-usage -specs=redlib.specs -MMD -MP -MF"drivers/fsl_clock.d" -MT"drivers/fsl_clock.o" -MT"drivers/fsl_clock.d" -o "drivers/fsl_clock.o" "../drivers/fsl_clock.c"
Finished building: ../source/semihost_hardfault.c
 
Building file: ../drivers/fsl_common.c
Invoking: MCU C Compiler
arm-none-eabi-gcc -std=gnu99 -DCPU_LPC55S69JBD100 -DCPU_LPC55S69JBD100_cm33 -DCPU_LPC55S69JBD100_cm33_core0 -DARM_MATH_CM33 -DSDK_DEBUGCONSOLE=1 -DCR_INTEGER_PRINTF -DPRINTF_FLOAT_ENABLE=0 -D__MCUXPRESSO -D__USE_CMSIS -DDEBUG -D__REDLIB__ -I"C:\Temp\MPC-MKS\lpcxpresso55s69_led_blinky\source" -I"C:\Temp\MPC-MKS\lpcxpresso55s69_led_blinky" -I"C:\Temp\MPC-MKS\lpcxpresso55s69_led_blinky\drivers" -I"C:\Temp\MPC-MKS\lpcxpresso55s69_led_blinky\device" -I"C:\Temp\MPC-MKS\lpcxpresso55s69_led_blinky\startup" -I"C:\Temp\MPC-MKS\lpcxpresso55s69_led_blinky\utilities" -I"C:\Temp\MPC-MKS\lpcxpresso55s69_led_blinky\component\uart" -I"C:\Temp\MPC-MKS\lpcxpresso55s69_led_blinky\component\serial_manager" -I"C:\Temp\MPC-MKS\lpcxpresso55s69_led_blinky\component\lists" -I"C:\Temp\MPC-MKS\lpcxpresso55s69_led_blinky\CMSIS" -I"C:\Temp\MPC-MKS\lpcxpresso55s69_led_blinky\board" -O0 -fno-common -g3 -Wall -c  -ffunction-sections  -fdata-sections  -ffreestanding  -fno-builtin  -mcpu=cortex-m33 -fmerge-constants -fmacro-prefix-map="../drivers/"= -mcpu=cortex-m33 -mfpu=fpv5-sp-d16 -mfloat-abi=hard -mthumb -D__REDLIB__ -fstack-usage -specs=redlib.specs -MMD -MP -MF"drivers/fsl_common.d" -MT"drivers/fsl_common.o" -MT"drivers/fsl_common.d" -o "drivers/fsl_common.o" "../drivers/fsl_common.c"
Finished building: ../source/led_blinky.c
 
Building file: ../drivers/fsl_flexcomm.c
Invoking: MCU C Compiler
arm-none-eabi-gcc -std=gnu99 -DCPU_LPC55S69JBD100 -DCPU_LPC55S69JBD100_cm33 -DCPU_LPC55S69JBD100_cm33_core0 -DARM_MATH_CM33 -DSDK_DEBUGCONSOLE=1 -DCR_INTEGER_PRINTF -DPRINTF_FLOAT_ENABLE=0 -D__MCUXPRESSO -D__USE_CMSIS -DDEBUG -D__REDLIB__ -I"C:\Temp\MPC-MKS\lpcxpresso55s69_led_blinky\source" -I"C:\Temp\MPC-MKS\lpcxpresso55s69_led_blinky" -I"C:\Temp\MPC-MKS\lpcxpresso55s69_led_blinky\drivers" -I"C:\Temp\MPC-MKS\lpcxpresso55s69_led_blinky\device" -I"C:\Temp\MPC-MKS\lpcxpresso55s69_led_blinky\startup" -I"C:\Temp\MPC-MKS\lpcxpresso55s69_led_blinky\utilities" -I"C:\Temp\MPC-MKS\lpcxpresso55s69_led_blinky\component\uart" -I"C:\Temp\MPC-MKS\lpcxpresso55s69_led_blinky\component\serial_manager" -I"C:\Temp\MPC-MKS\lpcxpresso55s69_led_blinky\component\lists" -I"C:\Temp\MPC-MKS\lpcxpresso55s69_led_blinky\CMSIS" -I"C:\Temp\MPC-MKS\lpcxpresso55s69_led_blinky\board" -O0 -fno-common -g3 -Wall -c  -ffunction-sections  -fdata-sections  -ffreestanding  -fno-builtin  -mcpu=cortex-m33 -fmerge-constants -fmacro-prefix-map="../drivers/"= -mcpu=cortex-m33 -mfpu=fpv5-sp-d16 -mfloat-abi=hard -mthumb -D__REDLIB__ -fstack-usage -specs=redlib.specs -MMD -MP -MF"drivers/fsl_flexcomm.d" -MT"drivers/fsl_flexcomm.o" -MT"drivers/fsl_flexcomm.d" -o "drivers/fsl_flexcomm.o" "../drivers/fsl_flexcomm.c"
Finished building: ../drivers/fsl_common.c
Finished building: ../drivers/fsl_clock.c
 
 
Building file: ../drivers/fsl_gpio.c
Building file: ../drivers/fsl_power.c
Invoking: MCU C Compiler
arm-none-eabi-gcc -std=gnu99 -DCPU_LPC55S69JBD100 -DCPU_LPC55S69JBD100_cm33 -DCPU_LPC55S69JBD100_cm33_core0 -DARM_MATH_CM33 -DSDK_DEBUGCONSOLE=1 -DCR_INTEGER_PRINTF -DPRINTF_FLOAT_ENABLE=0 -D__MCUXPRESSO -D__USE_CMSIS -DDEBUG -D__REDLIB__ -I"C:\Temp\MPC-MKS\lpcxpresso55s69_led_blinky\source" -I"C:\Temp\MPC-MKS\lpcxpresso55s69_led_blinky" -I"C:\Temp\MPC-MKS\lpcxpresso55s69_led_blinky\drivers" -I"C:\Temp\MPC-MKS\lpcxpresso55s69_led_blinky\device" -I"C:\Temp\MPC-MKS\lpcxpresso55s69_led_blinky\startup" -I"C:\Temp\MPC-MKS\lpcxpresso55s69_led_blinky\utilities" -I"C:\Temp\MPC-MKS\lpcxpresso55s69_led_blinky\component\uart" -I"C:\Temp\MPC-MKS\lpcxpresso55s69_led_blinky\component\serial_manager" -I"C:\Temp\MPC-MKS\lpcxpresso55s69_led_blinky\component\lists" -I"C:\Temp\MPC-MKS\lpcxpresso55s69_led_blinky\CMSIS" -I"C:\Temp\MPC-MKS\lpcxpresso55s69_led_blinky\board" -O0 -fno-common -g3 -Wall -c  -ffunction-sections  -fdata-sections  -ffreestanding  -fno-builtin  -mcpu=cortex-m33 -fmerge-constants -fmacro-prefix-map="../drivers/"= -mcpu=cortex-m33 -mfpu=fpv5-sp-d16 -mfloat-abi=hard -mthumb -D__REDLIB__ -fstack-usage -specs=redlib.specs -MMD -MP -MF"drivers/fsl_gpio.d" -MT"drivers/fsl_gpio.o" -MT"drivers/fsl_gpio.d" -o "drivers/fsl_gpio.o" "../drivers/fsl_gpio.c"
Invoking: MCU C Compiler
arm-none-eabi-gcc -std=gnu99 -DCPU_LPC55S69JBD100 -DCPU_LPC55S69JBD100_cm33 -DCPU_LPC55S69JBD100_cm33_core0 -DARM_MATH_CM33 -DSDK_DEBUGCONSOLE=1 -DCR_INTEGER_PRINTF -DPRINTF_FLOAT_ENABLE=0 -D__MCUXPRESSO -D__USE_CMSIS -DDEBUG -D__REDLIB__ -I"C:\Temp\MPC-MKS\lpcxpresso55s69_led_blinky\source" -I"C:\Temp\MPC-MKS\lpcxpresso55s69_led_blinky" -I"C:\Temp\MPC-MKS\lpcxpresso55s69_led_blinky\drivers" -I"C:\Temp\MPC-MKS\lpcxpresso55s69_led_blinky\device" -I"C:\Temp\MPC-MKS\lpcxpresso55s69_led_blinky\startup" -I"C:\Temp\MPC-MKS\lpcxpresso55s69_led_blinky\utilities" -I"C:\Temp\MPC-MKS\lpcxpresso55s69_led_blinky\component\uart" -I"C:\Temp\MPC-MKS\lpcxpresso55s69_led_blinky\component\serial_manager" -I"C:\Temp\MPC-MKS\lpcxpresso55s69_led_blinky\component\lists" -I"C:\Temp\MPC-MKS\lpcxpresso55s69_led_blinky\CMSIS" -I"C:\Temp\MPC-MKS\lpcxpresso55s69_led_blinky\board" -O0 -fno-common -g3 -Wall -c  -ffunction-sections  -fdata-sections  -ffreestanding  -fno-builtin  -mcpu=cortex-m33 -fmerge-constants -fmacro-prefix-map="../drivers/"= -mcpu=cortex-m33 -mfpu=fpv5-sp-d16 -mfloat-abi=hard -mthumb -D__REDLIB__ -fstack-usage -specs=redlib.specs -MMD -MP -MF"drivers/fsl_power.d" -MT"drivers/fsl_power.o" -MT"drivers/fsl_power.d" -o "drivers/fsl_power.o" "../drivers/fsl_power.c"
Finished building: ../drivers/fsl_flexcomm.c
 
Building file: ../drivers/fsl_reset.c
Invoking: MCU C Compiler
arm-none-eabi-gcc -std=gnu99 -DCPU_LPC55S69JBD100 -DCPU_LPC55S69JBD100_cm33 -DCPU_LPC55S69JBD100_cm33_core0 -DARM_MATH_CM33 -DSDK_DEBUGCONSOLE=1 -DCR_INTEGER_PRINTF -DPRINTF_FLOAT_ENABLE=0 -D__MCUXPRESSO -D__USE_CMSIS -DDEBUG -D__REDLIB__ -I"C:\Temp\MPC-MKS\lpcxpresso55s69_led_blinky\source" -I"C:\Temp\MPC-MKS\lpcxpresso55s69_led_blinky" -I"C:\Temp\MPC-MKS\lpcxpresso55s69_led_blinky\drivers" -I"C:\Temp\MPC-MKS\lpcxpresso55s69_led_blinky\device" -I"C:\Temp\MPC-MKS\lpcxpresso55s69_led_blinky\startup" -I"C:\Temp\MPC-MKS\lpcxpresso55s69_led_blinky\utilities" -I"C:\Temp\MPC-MKS\lpcxpresso55s69_led_blinky\component\uart" -I"C:\Temp\MPC-MKS\lpcxpresso55s69_led_blinky\component\serial_manager" -I"C:\Temp\MPC-MKS\lpcxpresso55s69_led_blinky\component\lists" -I"C:\Temp\MPC-MKS\lpcxpresso55s69_led_blinky\CMSIS" -I"C:\Temp\MPC-MKS\lpcxpresso55s69_led_blinky\board" -O0 -fno-common -g3 -Wall -c  -ffunction-sections  -fdata-sections  -ffreestanding  -fno-builtin  -mcpu=cortex-m33 -fmerge-constants -fmacro-prefix-map="../drivers/"= -mcpu=cortex-m33 -mfpu=fpv5-sp-d16 -mfloat-abi=hard -mthumb -D__REDLIB__ -fstack-usage -specs=redlib.specs -MMD -MP -MF"drivers/fsl_reset.d" -MT"drivers/fsl_reset.o" -MT"drivers/fsl_reset.d" -o "drivers/fsl_reset.o" "../drivers/fsl_reset.c"
Finished building: ../drivers/fsl_power.c
 
Finished building: ../drivers/fsl_gpio.c
Building file: ../drivers/fsl_usart.c
 
Invoking: MCU C Compiler
arm-none-eabi-gcc -std=gnu99 -DCPU_LPC55S69JBD100 -DCPU_LPC55S69JBD100_cm33 -DCPU_LPC55S69JBD100_cm33_core0 -DARM_MATH_CM33 -DSDK_DEBUGCONSOLE=1 -DCR_INTEGER_PRINTF -DPRINTF_FLOAT_ENABLE=0 -D__MCUXPRESSO -D__USE_CMSIS -DDEBUG -D__REDLIB__ -I"C:\Temp\MPC-MKS\lpcxpresso55s69_led_blinky\source" -I"C:\Temp\MPC-MKS\lpcxpresso55s69_led_blinky" -I"C:\Temp\MPC-MKS\lpcxpresso55s69_led_blinky\drivers" -I"C:\Temp\MPC-MKS\lpcxpresso55s69_led_blinky\device" -I"C:\Temp\MPC-MKS\lpcxpresso55s69_led_blinky\startup" -I"C:\Temp\MPC-MKS\lpcxpresso55s69_led_blinky\utilities" -I"C:\Temp\MPC-MKS\lpcxpresso55s69_led_blinky\component\uart" -I"C:\Temp\MPC-MKS\lpcxpresso55s69_led_blinky\component\serial_manager" -I"C:\Temp\MPC-MKS\lpcxpresso55s69_led_blinky\component\lists" -I"C:\Temp\MPC-MKS\lpcxpresso55s69_led_blinky\CMSIS" -I"C:\Temp\MPC-MKS\lpcxpresso55s69_led_blinky\board" -O0 -fno-common -g3 -Wall -c  -ffunction-sections  -fdata-sections  -ffreestanding  -fno-builtin  -mcpu=cortex-m33 -fmerge-constants -fmacro-prefix-map="../drivers/"= -mcpu=cortex-m33 -mfpu=fpv5-sp-d16 -mfloat-abi=hard -mthumb -D__REDLIB__ -fstack-usage -specs=redlib.specs -MMD -MP -MF"drivers/fsl_usart.d" -MT"drivers/fsl_usart.o" -MT"drivers/fsl_usart.d" -o "drivers/fsl_usart.o" "../drivers/fsl_usart.c"
Building file: ../device/system_LPC55S69_cm33_core0.c
Invoking: MCU C Compiler
arm-none-eabi-gcc -std=gnu99 -DCPU_LPC55S69JBD100 -DCPU_LPC55S69JBD100_cm33 -DCPU_LPC55S69JBD100_cm33_core0 -DARM_MATH_CM33 -DSDK_DEBUGCONSOLE=1 -DCR_INTEGER_PRINTF -DPRINTF_FLOAT_ENABLE=0 -D__MCUXPRESSO -D__USE_CMSIS -DDEBUG -D__REDLIB__ -I"C:\Temp\MPC-MKS\lpcxpresso55s69_led_blinky\source" -I"C:\Temp\MPC-MKS\lpcxpresso55s69_led_blinky" -I"C:\Temp\MPC-MKS\lpcxpresso55s69_led_blinky\drivers" -I"C:\Temp\MPC-MKS\lpcxpresso55s69_led_blinky\device" -I"C:\Temp\MPC-MKS\lpcxpresso55s69_led_blinky\startup" -I"C:\Temp\MPC-MKS\lpcxpresso55s69_led_blinky\utilities" -I"C:\Temp\MPC-MKS\lpcxpresso55s69_led_blinky\component\uart" -I"C:\Temp\MPC-MKS\lpcxpresso55s69_led_blinky\component\serial_manager" -I"C:\Temp\MPC-MKS\lpcxpresso55s69_led_blinky\component\lists" -I"C:\Temp\MPC-MKS\lpcxpresso55s69_led_blinky\CMSIS" -I"C:\Temp\MPC-MKS\lpcxpresso55s69_led_blinky\board" -O0 -fno-common -g3 -Wall -c  -ffunction-sections  -fdata-sections  -ffreestanding  -fno-builtin  -mcpu=cortex-m33 -fmerge-constants -fmacro-prefix-map="../device/"= -mcpu=cortex-m33 -mfpu=fpv5-sp-d16 -mfloat-abi=hard -mthumb -D__REDLIB__ -fstack-usage -specs=redlib.specs -MMD -MP -MF"device/system_LPC55S69_cm33_core0.d" -MT"device/system_LPC55S69_cm33_core0.o" -MT"device/system_LPC55S69_cm33_core0.d" -o "device/system_LPC55S69_cm33_core0.o" "../device/system_LPC55S69_cm33_core0.c"
Finished building: ../drivers/fsl_reset.c
 
Building file: ../component/uart/usart_adapter.c
Invoking: MCU C Compiler
arm-none-eabi-gcc -std=gnu99 -DCPU_LPC55S69JBD100 -DCPU_LPC55S69JBD100_cm33 -DCPU_LPC55S69JBD100_cm33_core0 -DARM_MATH_CM33 -DSDK_DEBUGCONSOLE=1 -DCR_INTEGER_PRINTF -DPRINTF_FLOAT_ENABLE=0 -D__MCUXPRESSO -D__USE_CMSIS -DDEBUG -D__REDLIB__ -I"C:\Temp\MPC-MKS\lpcxpresso55s69_led_blinky\source" -I"C:\Temp\MPC-MKS\lpcxpresso55s69_led_blinky" -I"C:\Temp\MPC-MKS\lpcxpresso55s69_led_blinky\drivers" -I"C:\Temp\MPC-MKS\lpcxpresso55s69_led_blinky\device" -I"C:\Temp\MPC-MKS\lpcxpresso55s69_led_blinky\startup" -I"C:\Temp\MPC-MKS\lpcxpresso55s69_led_blinky\utilities" -I"C:\Temp\MPC-MKS\lpcxpresso55s69_led_blinky\component\uart" -I"C:\Temp\MPC-MKS\lpcxpresso55s69_led_blinky\component\serial_manager" -I"C:\Temp\MPC-MKS\lpcxpresso55s69_led_blinky\component\lists" -I"C:\Temp\MPC-MKS\lpcxpresso55s69_led_blinky\CMSIS" -I"C:\Temp\MPC-MKS\lpcxpresso55s69_led_blinky\board" -O0 -fno-common -g3 -Wall -c  -ffunction-sections  -fdata-sections  -ffreestanding  -fno-builtin  -mcpu=cortex-m33 -fmerge-constants -fmacro-prefix-map="../component/uart/"= -mcpu=cortex-m33 -mfpu=fpv5-sp-d16 -mfloat-abi=hard -mthumb -D__REDLIB__ -fstack-usage -specs=redlib.specs -MMD -MP -MF"component/uart/usart_adapter.d" -MT"component/uart/usart_adapter.o" -MT"component/uart/usart_adapter.d" -o "component/uart/usart_adapter.o" "../component/uart/usart_adapter.c"
Finished building: ../device/system_LPC55S69_cm33_core0.c
 
Building file: ../component/serial_manager/serial_manager.c
Finished building: ../drivers/fsl_usart.c
Invoking: MCU C Compiler
arm-none-eabi-gcc -std=gnu99 -DCPU_LPC55S69JBD100 -DCPU_LPC55S69JBD100_cm33 -DCPU_LPC55S69JBD100_cm33_core0 -DARM_MATH_CM33 -DSDK_DEBUGCONSOLE=1 -DCR_INTEGER_PRINTF -DPRINTF_FLOAT_ENABLE=0 -D__MCUXPRESSO -D__USE_CMSIS -DDEBUG -D__REDLIB__ -I"C:\Temp\MPC-MKS\lpcxpresso55s69_led_blinky\source" -I"C:\Temp\MPC-MKS\lpcxpresso55s69_led_blinky" -I"C:\Temp\MPC-MKS\lpcxpresso55s69_led_blinky\drivers" -I"C:\Temp\MPC-MKS\lpcxpresso55s69_led_blinky\device" -I"C:\Temp\MPC-MKS\lpcxpresso55s69_led_blinky\startup" -I"C:\Temp\MPC-MKS\lpcxpresso55s69_led_blinky\utilities" -I"C:\Temp\MPC-MKS\lpcxpresso55s69_led_blinky\component\uart" -I"C:\Temp\MPC-MKS\lpcxpresso55s69_led_blinky\component\serial_manager" -I"C:\Temp\MPC-MKS\lpcxpresso55s69_led_blinky\component\lists" -I"C:\Temp\MPC-MKS\lpcxpresso55s69_led_blinky\CMSIS" -I"C:\Temp\MPC-MKS\lpcxpresso55s69_led_blinky\board" -O0 -fno-common -g3 -Wall -c  -ffunction-sections  -fdata-sections  -ffreestanding  -fno-builtin  -mcpu=cortex-m33 -fmerge-constants -fmacro-prefix-map="../component/serial_manager/"= -mcpu=cortex-m33 -mfpu=fpv5-sp-d16 -mfloat-abi=hard -mthumb -D__REDLIB__ -fstack-usage -specs=redlib.specs -MMD -MP -MF"component/serial_manager/serial_manager.d" -MT"component/serial_manager/serial_manager.o" -MT"component/serial_manager/serial_manager.d" -o "component/serial_manager/serial_manager.o" "../component/serial_manager/serial_manager.c"
 
Building file: ../component/serial_manager/serial_port_uart.c
Invoking: MCU C Compiler
arm-none-eabi-gcc -std=gnu99 -DCPU_LPC55S69JBD100 -DCPU_LPC55S69JBD100_cm33 -DCPU_LPC55S69JBD100_cm33_core0 -DARM_MATH_CM33 -DSDK_DEBUGCONSOLE=1 -DCR_INTEGER_PRINTF -DPRINTF_FLOAT_ENABLE=0 -D__MCUXPRESSO -D__USE_CMSIS -DDEBUG -D__REDLIB__ -I"C:\Temp\MPC-MKS\lpcxpresso55s69_led_blinky\source" -I"C:\Temp\MPC-MKS\lpcxpresso55s69_led_blinky" -I"C:\Temp\MPC-MKS\lpcxpresso55s69_led_blinky\drivers" -I"C:\Temp\MPC-MKS\lpcxpresso55s69_led_blinky\device" -I"C:\Temp\MPC-MKS\lpcxpresso55s69_led_blinky\startup" -I"C:\Temp\MPC-MKS\lpcxpresso55s69_led_blinky\utilities" -I"C:\Temp\MPC-MKS\lpcxpresso55s69_led_blinky\component\uart" -I"C:\Temp\MPC-MKS\lpcxpresso55s69_led_blinky\component\serial_manager" -I"C:\Temp\MPC-MKS\lpcxpresso55s69_led_blinky\component\lists" -I"C:\Temp\MPC-MKS\lpcxpresso55s69_led_blinky\CMSIS" -I"C:\Temp\MPC-MKS\lpcxpresso55s69_led_blinky\board" -O0 -fno-common -g3 -Wall -c  -ffunction-sections  -fdata-sections  -ffreestanding  -fno-builtin  -mcpu=cortex-m33 -fmerge-constants -fmacro-prefix-map="../component/serial_manager/"= -mcpu=cortex-m33 -mfpu=fpv5-sp-d16 -mfloat-abi=hard -mthumb -D__REDLIB__ -fstack-usage -specs=redlib.specs -MMD -MP -MF"component/serial_manager/serial_port_uart.d" -MT"component/serial_manager/serial_port_uart.o" -MT"component/serial_manager/serial_port_uart.d" -o "component/serial_manager/serial_port_uart.o" "../component/serial_manager/serial_port_uart.c"
Finished building: ../component/uart/usart_adapter.c
 
Building file: ../component/lists/generic_list.c
Invoking: MCU C Compiler
arm-none-eabi-gcc -std=gnu99 -DCPU_LPC55S69JBD100 -DCPU_LPC55S69JBD100_cm33 -DCPU_LPC55S69JBD100_cm33_core0 -DARM_MATH_CM33 -DSDK_DEBUGCONSOLE=1 -DCR_INTEGER_PRINTF -DPRINTF_FLOAT_ENABLE=0 -D__MCUXPRESSO -D__USE_CMSIS -DDEBUG -D__REDLIB__ -I"C:\Temp\MPC-MKS\lpcxpresso55s69_led_blinky\source" -I"C:\Temp\MPC-MKS\lpcxpresso55s69_led_blinky" -I"C:\Temp\MPC-MKS\lpcxpresso55s69_led_blinky\drivers" -I"C:\Temp\MPC-MKS\lpcxpresso55s69_led_blinky\device" -I"C:\Temp\MPC-MKS\lpcxpresso55s69_led_blinky\startup" -I"C:\Temp\MPC-MKS\lpcxpresso55s69_led_blinky\utilities" -I"C:\Temp\MPC-MKS\lpcxpresso55s69_led_blinky\component\uart" -I"C:\Temp\MPC-MKS\lpcxpresso55s69_led_blinky\component\serial_manager" -I"C:\Temp\MPC-MKS\lpcxpresso55s69_led_blinky\component\lists" -I"C:\Temp\MPC-MKS\lpcxpresso55s69_led_blinky\CMSIS" -I"C:\Temp\MPC-MKS\lpcxpresso55s69_led_blinky\board" -O0 -fno-common -g3 -Wall -c  -ffunction-sections  -fdata-sections  -ffreestanding  -fno-builtin  -mcpu=cortex-m33 -fmerge-constants -fmacro-prefix-map="../component/lists/"= -mcpu=cortex-m33 -mfpu=fpv5-sp-d16 -mfloat-abi=hard -mthumb -D__REDLIB__ -fstack-usage -specs=redlib.specs -MMD -MP -MF"component/lists/generic_list.d" -MT"component/lists/generic_list.o" -MT"component/lists/generic_list.d" -o "component/lists/generic_list.o" "../component/lists/generic_list.c"
Finished building: ../startup/boot_multicore_slave.c
 
Building file: ../board/board.c
Invoking: MCU C Compiler
arm-none-eabi-gcc -std=gnu99 -DCPU_LPC55S69JBD100 -DCPU_LPC55S69JBD100_cm33 -DCPU_LPC55S69JBD100_cm33_core0 -DARM_MATH_CM33 -DSDK_DEBUGCONSOLE=1 -DCR_INTEGER_PRINTF -DPRINTF_FLOAT_ENABLE=0 -D__MCUXPRESSO -D__USE_CMSIS -DDEBUG -D__REDLIB__ -I"C:\Temp\MPC-MKS\lpcxpresso55s69_led_blinky\source" -I"C:\Temp\MPC-MKS\lpcxpresso55s69_led_blinky" -I"C:\Temp\MPC-MKS\lpcxpresso55s69_led_blinky\drivers" -I"C:\Temp\MPC-MKS\lpcxpresso55s69_led_blinky\device" -I"C:\Temp\MPC-MKS\lpcxpresso55s69_led_blinky\startup" -I"C:\Temp\MPC-MKS\lpcxpresso55s69_led_blinky\utilities" -I"C:\Temp\MPC-MKS\lpcxpresso55s69_led_blinky\component\uart" -I"C:\Temp\MPC-MKS\lpcxpresso55s69_led_blinky\component\serial_manager" -I"C:\Temp\MPC-MKS\lpcxpresso55s69_led_blinky\component\lists" -I"C:\Temp\MPC-MKS\lpcxpresso55s69_led_blinky\CMSIS" -I"C:\Temp\MPC-MKS\lpcxpresso55s69_led_blinky\board" -O0 -fno-common -g3 -Wall -c  -ffunction-sections  -fdata-sections  -ffreestanding  -fno-builtin  -mcpu=cortex-m33 -fmerge-constants -fmacro-prefix-map="../board/"= -mcpu=cortex-m33 -mfpu=fpv5-sp-d16 -mfloat-abi=hard -mthumb -D__REDLIB__ -fstack-usage -specs=redlib.specs -MMD -MP -MF"board/board.d" -MT"board/board.o" -MT"board/board.d" -o "board/board.o" "../board/board.c"
Finished building: ../component/serial_manager/serial_manager.c
 
Finished building: ../component/serial_manager/serial_port_uart.c
Building file: ../board/clock_config.c
 
Invoking: MCU C Compiler
arm-none-eabi-gcc -std=gnu99 -DCPU_LPC55S69JBD100 -DCPU_LPC55S69JBD100_cm33 -DCPU_LPC55S69JBD100_cm33_core0 -DARM_MATH_CM33 -DSDK_DEBUGCONSOLE=1 -DCR_INTEGER_PRINTF -DPRINTF_FLOAT_ENABLE=0 -D__MCUXPRESSO -D__USE_CMSIS -DDEBUG -D__REDLIB__ -I"C:\Temp\MPC-MKS\lpcxpresso55s69_led_blinky\source" -I"C:\Temp\MPC-MKS\lpcxpresso55s69_led_blinky" -I"C:\Temp\MPC-MKS\lpcxpresso55s69_led_blinky\drivers" -I"C:\Temp\MPC-MKS\lpcxpresso55s69_led_blinky\device" -I"C:\Temp\MPC-MKS\lpcxpresso55s69_led_blinky\startup" -I"C:\Temp\MPC-MKS\lpcxpresso55s69_led_blinky\utilities" -I"C:\Temp\MPC-MKS\lpcxpresso55s69_led_blinky\component\uart" -I"C:\Temp\MPC-MKS\lpcxpresso55s69_led_blinky\component\serial_manager" -I"C:\Temp\MPC-MKS\lpcxpresso55s69_led_blinky\component\lists" -I"C:\Temp\MPC-MKS\lpcxpresso55s69_led_blinky\CMSIS" -I"C:\Temp\MPC-MKS\lpcxpresso55s69_led_blinky\board" -O0 -fno-common -g3 -Wall -c  -ffunction-sections  -fdata-sections  -ffreestanding  -fno-builtin  -mcpu=cortex-m33 -fmerge-constants -fmacro-prefix-map="../board/"= -mcpu=cortex-m33 -mfpu=fpv5-sp-d16 -mfloat-abi=hard -mthumb -D__REDLIB__ -fstack-usage -specs=redlib.specs -MMD -MP -MF"board/clock_config.d" -MT"board/clock_config.o" -MT"board/clock_config.d" -o "board/clock_config.o" "../board/clock_config.c"
Building file: ../board/pin_mux.c
Invoking: MCU C Compiler
arm-none-eabi-gcc -std=gnu99 -DCPU_LPC55S69JBD100 -DCPU_LPC55S69JBD100_cm33 -DCPU_LPC55S69JBD100_cm33_core0 -DARM_MATH_CM33 -DSDK_DEBUGCONSOLE=1 -DCR_INTEGER_PRINTF -DPRINTF_FLOAT_ENABLE=0 -D__MCUXPRESSO -D__USE_CMSIS -DDEBUG -D__REDLIB__ -I"C:\Temp\MPC-MKS\lpcxpresso55s69_led_blinky\source" -I"C:\Temp\MPC-MKS\lpcxpresso55s69_led_blinky" -I"C:\Temp\MPC-MKS\lpcxpresso55s69_led_blinky\drivers" -I"C:\Temp\MPC-MKS\lpcxpresso55s69_led_blinky\device" -I"C:\Temp\MPC-MKS\lpcxpresso55s69_led_blinky\startup" -I"C:\Temp\MPC-MKS\lpcxpresso55s69_led_blinky\utilities" -I"C:\Temp\MPC-MKS\lpcxpresso55s69_led_blinky\component\uart" -I"C:\Temp\MPC-MKS\lpcxpresso55s69_led_blinky\component\serial_manager" -I"C:\Temp\MPC-MKS\lpcxpresso55s69_led_blinky\component\lists" -I"C:\Temp\MPC-MKS\lpcxpresso55s69_led_blinky\CMSIS" -I"C:\Temp\MPC-MKS\lpcxpresso55s69_led_blinky\board" -O0 -fno-common -g3 -Wall -c  -ffunction-sections  -fdata-sections  -ffreestanding  -fno-builtin  -mcpu=cortex-m33 -fmerge-constants -fmacro-prefix-map="../board/"= -mcpu=cortex-m33 -mfpu=fpv5-sp-d16 -mfloat-abi=hard -mthumb -D__REDLIB__ -fstack-usage -specs=redlib.specs -MMD -MP -MF"board/pin_mux.d" -MT"board/pin_mux.o" -MT"board/pin_mux.d" -o "board/pin_mux.o" "../board/pin_mux.c"
Finished building: ../component/lists/generic_list.c
 
Finished building: ../board/board.c
 
Finished building: ../board/clock_config.c
 
Finished building: ../board/pin_mux.c
 
Building target: lpcxpresso55s69_led_blinky.axf
Invoking: MCU Linker
arm-none-eabi-gcc -nostdlib -L"C:\Temp\MPC-MKS\lpcxpresso55s69_led_blinky\libs" -Xlinker -Map="lpcxpresso55s69_led_blinky.map" -Xlinker --gc-sections -Xlinker -print-memory-usage -Xlinker --sort-section=alignment -Xlinker --cref -mcpu=cortex-m33 -mfpu=fpv5-sp-d16 -mfloat-abi=hard -mthumb -T lpcxpresso55s69_led_blinky_Debug.ld -o "lpcxpresso55s69_led_blinky.axf" ./utilities/fsl_assert.o ./utilities/fsl_debug_console.o ./utilities/fsl_str.o  ./startup/boot_multicore_slave.o ./startup/startup_lpc55s69_cm33_core0.o  ./source/led_blinky.o ./source/semihost_hardfault.o  ./drivers/fsl_clock.o ./drivers/fsl_common.o ./drivers/fsl_flexcomm.o ./drivers/fsl_gpio.o ./drivers/fsl_power.o ./drivers/fsl_reset.o ./drivers/fsl_usart.o  ./device/system_LPC55S69_cm33_core0.o  ./component/uart/usart_adapter.o  ./component/serial_manager/serial_manager.o ./component/serial_manager/serial_port_uart.o  ./component/lists/generic_list.o  ./board/board.o ./board/clock_config.o ./board/pin_mux.o   -lpower_hardabi
Memory region         Used Size  Region Size  %age Used
   PROGRAM_FLASH:        5388 B       608 KB      0.87%
            SRAM:        8464 B       272 KB      3.04%
           SRAMX:          0 GB        32 KB      0.00%
         USB_RAM:          0 GB        16 KB      0.00%
Finished building target: lpcxpresso55s69_led_blinky.axf
 
Performing post-build steps
arm-none-eabi-size "lpcxpresso55s69_led_blinky.axf"; # arm-none-eabi-objcopy -v -O binary "lpcxpresso55s69_led_blinky.axf" "lpcxpresso55s69_led_blinky.bin" ; # checksum -p LPC55S69 -d "lpcxpresso55s69_led_blinky.bin";
   text	   data	    bss	    dec	    hex	filename
   5384	      4	   8460	  13848	   3618	lpcxpresso55s69_led_blinky.axf
 

10:08:36 Build Finished. 0 errors, 0 warnings. (took 3s.584ms)

