Archive member included to satisfy reference by file (symbol)

C:\Temp\MPC-MKS\lpcxpresso55s69_hello_world_ns\libs\libpower_hardabi.a(fsl_power_lib.o)
                              ./drivers/fsl_clock.o (POWER_SetVoltageForFreq)
c:/appz/nxp/mcuxpressoide_11.6.0_8187/ide/plugins/com.nxp.mcuxpresso.tools.win32_11.6.0.202112161359/tools/bin/../lib/gcc/arm-none-eabi/10.3.1/thumb/v8-m.main+fp/hard\libgcc.a(_arm_muldf3.o)
                              ./drivers/fsl_clock.o (__aeabi_dmul)
c:/appz/nxp/mcuxpressoide_11.6.0_8187/ide/plugins/com.nxp.mcuxpresso.tools.win32_11.6.0.202112161359/tools/bin/../lib/gcc/arm-none-eabi/10.3.1/thumb/v8-m.main+fp/hard\libgcc.a(_arm_addsubdf3.o)
                              ./drivers/fsl_clock.o (__aeabi_f2d)
c:/appz/nxp/mcuxpressoide_11.6.0_8187/ide/plugins/com.nxp.mcuxpresso.tools.win32_11.6.0.202112161359/tools/bin/../lib/gcc/arm-none-eabi/10.3.1/thumb/v8-m.main+fp/hard\libgcc.a(_arm_truncdfsf2.o)
                              ./drivers/fsl_clock.o (__aeabi_d2f)
c:/appz/nxp/mcuxpressoide_11.6.0_8187/ide/plugins/com.nxp.mcuxpresso.tools.win32_11.6.0.202112161359/tools/bin/../lib/gcc/arm-none-eabi/10.3.1/thumb/v8-m.main+fp/hard\libgcc.a(_aeabi_uldivmod.o)
                              ./drivers/fsl_clock.o (__aeabi_uldivmod)
c:/appz/nxp/mcuxpressoide_11.6.0_8187/ide/plugins/com.nxp.mcuxpresso.tools.win32_11.6.0.202112161359/tools/bin/../lib/gcc/arm-none-eabi/10.3.1/thumb/v8-m.main+fp/hard\libgcc.a(_udivmoddi4.o)
                              c:/appz/nxp/mcuxpressoide_11.6.0_8187/ide/plugins/com.nxp.mcuxpresso.tools.win32_11.6.0.202112161359/tools/bin/../lib/gcc/arm-none-eabi/10.3.1/thumb/v8-m.main+fp/hard\libgcc.a(_aeabi_uldivmod.o) (__udivmoddi4)
c:/appz/nxp/mcuxpressoide_11.6.0_8187/ide/plugins/com.nxp.mcuxpresso.tools.win32_11.6.0.202112161359/tools/bin/../lib/gcc/arm-none-eabi/10.3.1/thumb/v8-m.main+fp/hard\libgcc.a(_dvmd_tls.o)
                              c:/appz/nxp/mcuxpressoide_11.6.0_8187/ide/plugins/com.nxp.mcuxpresso.tools.win32_11.6.0.202112161359/tools/bin/../lib/gcc/arm-none-eabi/10.3.1/thumb/v8-m.main+fp/hard\libgcc.a(_aeabi_uldivmod.o) (__aeabi_ldiv0)
c:/appz/nxp/mcuxpressoide_11.6.0_8187/ide/plugins/com.nxp.mcuxpresso.tools.win32_11.6.0.202112161359/tools/bin/../lib/gcc/arm-none-eabi/10.3.1/../../../../arm-none-eabi/lib/thumb/v8-m.main+fp/hard\libc_nano.a(lib_a-malloc.o)
                              ./drivers/fsl_common.o (malloc)
c:/appz/nxp/mcuxpressoide_11.6.0_8187/ide/plugins/com.nxp.mcuxpresso.tools.win32_11.6.0.202112161359/tools/bin/../lib/gcc/arm-none-eabi/10.3.1/../../../../arm-none-eabi/lib/thumb/v8-m.main+fp/hard\libc_nano.a(lib_a-memset.o)
                              ./utilities/fsl_debug_console.o (memset)
c:/appz/nxp/mcuxpressoide_11.6.0_8187/ide/plugins/com.nxp.mcuxpresso.tools.win32_11.6.0.202112161359/tools/bin/../lib/gcc/arm-none-eabi/10.3.1/../../../../arm-none-eabi/lib/thumb/v8-m.main+fp/hard\libc_nano.a(lib_a-nano-freer.o)
                              c:/appz/nxp/mcuxpressoide_11.6.0_8187/ide/plugins/com.nxp.mcuxpresso.tools.win32_11.6.0.202112161359/tools/bin/../lib/gcc/arm-none-eabi/10.3.1/../../../../arm-none-eabi/lib/thumb/v8-m.main+fp/hard\libc_nano.a(lib_a-malloc.o) (_free_r)
c:/appz/nxp/mcuxpressoide_11.6.0_8187/ide/plugins/com.nxp.mcuxpresso.tools.win32_11.6.0.202112161359/tools/bin/../lib/gcc/arm-none-eabi/10.3.1/../../../../arm-none-eabi/lib/thumb/v8-m.main+fp/hard\libc_nano.a(lib_a-nano-mallocr.o)
                              c:/appz/nxp/mcuxpressoide_11.6.0_8187/ide/plugins/com.nxp.mcuxpresso.tools.win32_11.6.0.202112161359/tools/bin/../lib/gcc/arm-none-eabi/10.3.1/../../../../arm-none-eabi/lib/thumb/v8-m.main+fp/hard\libc_nano.a(lib_a-malloc.o) (_malloc_r)
c:/appz/nxp/mcuxpressoide_11.6.0_8187/ide/plugins/com.nxp.mcuxpresso.tools.win32_11.6.0.202112161359/tools/bin/../lib/gcc/arm-none-eabi/10.3.1/../../../../arm-none-eabi/lib/thumb/v8-m.main+fp/hard\libc_nano.a(lib_a-sbrkr.o)
                              c:/appz/nxp/mcuxpressoide_11.6.0_8187/ide/plugins/com.nxp.mcuxpresso.tools.win32_11.6.0.202112161359/tools/bin/../lib/gcc/arm-none-eabi/10.3.1/../../../../arm-none-eabi/lib/thumb/v8-m.main+fp/hard\libc_nano.a(lib_a-nano-mallocr.o) (_sbrk_r)
c:/appz/nxp/mcuxpressoide_11.6.0_8187/ide/plugins/com.nxp.mcuxpresso.tools.win32_11.6.0.202112161359/tools/bin/../lib/gcc/arm-none-eabi/10.3.1/../../../../arm-none-eabi/lib/thumb/v8-m.main+fp/hard\libc_nano.a(lib_a-strcmp.o)
                              ./source/hello_world_ns.o (strcmp)
c:/appz/nxp/mcuxpressoide_11.6.0_8187/ide/plugins/com.nxp.mcuxpresso.tools.win32_11.6.0.202112161359/tools/bin/../lib/gcc/arm-none-eabi/10.3.1/../../../../arm-none-eabi/lib/thumb/v8-m.main+fp/hard\libc_nano.a(lib_a-strlen.o)
                              ./utilities/fsl_str.o (strlen)
[...]
Memory Configuration

Name             Origin             Length             Attributes
PROGRAM_FLASH    0x00010000         0x00072000         xr
Ram0             0x20008000         0x0002b000         xrw
*default*        0x00000000         0xffffffff

Linker script and memory map

LOAD ./utilities/fsl_assert.o
LOAD ./utilities/fsl_debug_console.o
LOAD ./utilities/fsl_str.o
LOAD ./startup/boot_multicore_slave.o
LOAD ./startup/startup_lpc55s69_cm33_core0.o
LOAD ./source/hello_world_ns.o
LOAD ./source/semihost_hardfault.o
LOAD ./drivers/fsl_clock.o
LOAD ./drivers/fsl_common.o
LOAD ./drivers/fsl_flexcomm.o
LOAD ./drivers/fsl_gpio.o
LOAD ./drivers/fsl_power.o
LOAD ./drivers/fsl_reset.o
LOAD ./drivers/fsl_usart.o
LOAD ./device/system_LPC55S69_cm33_core0.o
LOAD ./component/uart/usart_adapter.o
LOAD ./component/serial_manager/serial_manager.o
LOAD ./component/serial_manager/serial_port_uart.o
LOAD ./component/lists/generic_list.o
LOAD ./board/board.o
LOAD ./board/clock_config.o
LOAD ./board/pin_mux.o
LOAD C:/Temp/MPC-MKS/lpcxpresso55s69_hello_world_s/Debug/lpcxpresso55s69_hello_world_s_CMSE_lib.o
LOAD C:\Temp\MPC-MKS\lpcxpresso55s69_hello_world_ns\libs\libpower_hardabi.a
START GROUP
LOAD c:/appz/nxp/mcuxpressoide_11.6.0_8187/ide/plugins/com.nxp.mcuxpresso.tools.win32_11.6.0.202112161359/tools/bin/../lib/gcc/arm-none-eabi/10.3.1/thumb/v8-m.main+fp/hard\libgcc.a
LOAD c:/appz/nxp/mcuxpressoide_11.6.0_8187/ide/plugins/com.nxp.mcuxpresso.tools.win32_11.6.0.202112161359/tools/bin/../lib/gcc/arm-none-eabi/10.3.1/../../../../arm-none-eabi/lib/thumb/v8-m.main+fp/hard\libc_nano.a
LOAD c:/appz/nxp/mcuxpressoide_11.6.0_8187/ide/plugins/com.nxp.mcuxpresso.tools.win32_11.6.0.202112161359/tools/bin/../lib/gcc/arm-none-eabi/10.3.1/../../../../arm-none-eabi/lib/thumb/v8-m.main+fp/hard\libm.a
LOAD c:/appz/nxp/mcuxpressoide_11.6.0_8187/ide/plugins/com.nxp.mcuxpresso.tools.win32_11.6.0.202112161359/tools/bin/../lib/gcc/arm-none-eabi/10.3.1/../../../../arm-none-eabi/lib/thumb/v8-m.main+fp/hard\libcr_newlib_nohost.a
END GROUP
                0x00010000                __base_PROGRAM_FLASH = 0x10000
                0x00010000                __base_Flash = 0x10000
                0x00082000                __top_PROGRAM_FLASH = 0x82000
                0x00082000                __top_Flash = 0x82000
                0x20008000                __base_Ram0 = 0x20008000
                0x20008000                __base_RAM = 0x20008000
                0x20033000                __top_Ram0 = 0x20033000
                0x20033000                __top_RAM = 0x20033000

.text           0x00010000     0x13b0
 FILL mask 0xff
                0x00010000                __vectors_start__ = ABSOLUTE (.)
 *(SORT_BY_ALIGNMENT(.isr_vector))
 .isr_vector    0x00010000      0x130 ./startup/startup_lpc55s69_cm33_core0.o
                0x00010000                g_pfnVectors
                0x00010000                __Vectors
                0x00010130                . = ALIGN (0x4)
                0x00010130                __section_table_start = .
                0x00010130                __data_section_table = .
                0x00010130        0x4 LONG 0x113b0 LOADADDR (.data)
                0x00010134        0x4 LONG 0x20008000 ADDR (.data)
                0x00010138        0x4 LONG 0x0 SIZEOF (.data)
                0x0001013c                __data_section_table_end = .
                0x0001013c                __bss_section_table = .
                0x0001013c        0x4 LONG 0x20008000 ADDR (.bss)
                0x00010140        0x4 LONG 0x68 SIZEOF (.bss)
                0x00010144                __bss_section_table_end = .
                0x00010144                __section_table_end = .
 *(SORT_BY_ALIGNMENT(.after_vectors*))
 .after_vectors.reset
                0x00010144       0x4c ./startup/startup_lpc55s69_cm33_core0.o
                0x00010144                ResetISR
 .after_vectors.init_data
                0x00010190       0x1e ./startup/startup_lpc55s69_cm33_core0.o
                0x00010190                data_init
 .after_vectors.init_bss
                0x000101ae       0x12 ./startup/startup_lpc55s69_cm33_core0.o
                0x000101ae                bss_init
 .after_vectors
                0x000101c0       0x14 ./startup/startup_lpc55s69_cm33_core0.o
                0x000101c0                NMI_Handler
                0x000101c2                HardFault_Handler
                0x000101c4                MemManage_Handler
                0x000101c6                BusFault_Handler
                0x000101c8                UsageFault_Handler
                0x000101ca                SVC_Handler
                0x000101cc                DebugMon_Handler
                0x000101ce                PendSV_Handler
                0x000101d0                SysTick_Handler
                0x000101d2                PIN_INT2_DriverIRQHandler
                0x000101d2                Reserved56_DriverIRQHandler
                0x000101d2                PIN_INT0_DriverIRQHandler
                0x000101d2                CTIMER2_DriverIRQHandler
                0x000101d2                PIN_INT3_DriverIRQHandler
                0x000101d2                SEC_VIO_DriverIRQHandler
                0x000101d2                IntDefaultHandler
                0x000101d2                USB0_DriverIRQHandler
                0x000101d2                CASER_DriverIRQHandler
                0x000101d2                MRT0_DriverIRQHandler
                0x000101d2                UTICK0_DriverIRQHandler
                0x000101d2                Reserved41_DriverIRQHandler
                0x000101d2                PIN_INT4_DriverIRQHandler
                0x000101d2                PIN_INT5_DriverIRQHandler
                0x000101d2                SEC_GPIO_INT0_IRQ0_DriverIRQHandler
                0x000101d2                CTIMER4_DriverIRQHandler
                0x000101d2                GINT1_DriverIRQHandler
                0x000101d2                PIN_INT7_DriverIRQHandler
                0x000101d2                Reserved42_DriverIRQHandler
                0x000101d2                HASHCRYPT_DriverIRQHandler
                0x000101d2                USB0_NEEDCLK_DriverIRQHandler
                0x000101d2                CTIMER0_DriverIRQHandler
                0x000101d2                CTIMER1_DriverIRQHandler
                0x000101d2                PIN_INT6_DriverIRQHandler
                0x000101d2                PQ_DriverIRQHandler
                0x000101d2                MAILBOX_DriverIRQHandler
                0x000101d2                PIN_INT1_DriverIRQHandler
                0x000101d2                CTIMER3_DriverIRQHandler
                0x000101d2                Reserved61_DriverIRQHandler
                0x000101d2                SEC_GPIO_INT0_IRQ1_DriverIRQHandler
                0x000101d2                PUF_DriverIRQHandler
                0x000101d2                RTC_DriverIRQHandler
                0x000101d2                DMA0_DriverIRQHandler
                0x000101d2                Reserved39_DriverIRQHandler
                0x000101d2                USB1_DriverIRQHandler
                0x000101d2                Reserved60_DriverIRQHandler
                0x000101d2                DMA1_DriverIRQHandler
                0x000101d2                ADC0_DriverIRQHandler
                0x000101d2                USB1_NEEDCLK_DriverIRQHandler
                0x000101d2                Reserved59_DriverIRQHandler
                0x000101d2                SDIO_DriverIRQHandler
                0x000101d2                GINT0_DriverIRQHandler
                0x000101d2                ACMP_DriverIRQHandler
                0x000101d2                Reserved57_DriverIRQHandler
                0x000101d2                Reserved55_DriverIRQHandler
                0x000101d2                Reserved46_DriverIRQHandler
                0x000101d2                USB1_UTMI_DriverIRQHandler
                0x000101d2                WDT_BOD_DriverIRQHandler
                0x000101d2                SCT0_DriverIRQHandler
                0x000101d2                PLU_DriverIRQHandler
                0x000101d2                OS_EVENT_DriverIRQHandler
                0x000101d2                SEC_HYPERVISOR_CALL_DriverIRQHandler
 *(SORT_BY_ALIGNMENT(.text*))
 .text.__assert_func
                0x000101d4       0x28 ./utilities/fsl_assert.o
                0x000101d4                __assert_func
 .text.DbgConsole_SendDataReliable
                0x000101fc       0x70 ./utilities/fsl_debug_console.o
                0x000101fc                DbgConsole_SendDataReliable
 .text.DbgConsole_Printf
                0x0001026c       0x7c ./utilities/fsl_debug_console.o
                0x0001026c                DbgConsole_Printf
 .text.main     0x000102e8       0x54 ./source/hello_world_ns.o
                0x000102e8                main
 .text.FLEXCOMM0_DriverIRQHandler
                0x0001033c       0x44 ./drivers/fsl_flexcomm.o
                0x0001033c                FLEXCOMM0_DriverIRQHandler
 .text.FLEXCOMM1_DriverIRQHandler
                0x00010380       0x44 ./drivers/fsl_flexcomm.o
                0x00010380                FLEXCOMM1_DriverIRQHandler
 .text.FLEXCOMM2_DriverIRQHandler
                0x000103c4       0x44 ./drivers/fsl_flexcomm.o
                0x000103c4                FLEXCOMM2_DriverIRQHandler
 .text.FLEXCOMM3_DriverIRQHandler
                0x00010408       0x44 ./drivers/fsl_flexcomm.o
                0x00010408                FLEXCOMM3_DriverIRQHandler
 .text.FLEXCOMM4_DriverIRQHandler
                0x0001044c       0x44 ./drivers/fsl_flexcomm.o
                0x0001044c                FLEXCOMM4_DriverIRQHandler
 .text.FLEXCOMM5_DriverIRQHandler
                0x00010490       0x44 ./drivers/fsl_flexcomm.o
                0x00010490                FLEXCOMM5_DriverIRQHandler
 .text.FLEXCOMM6_DriverIRQHandler
                0x000104d4       0x44 ./drivers/fsl_flexcomm.o
                0x000104d4                FLEXCOMM6_DriverIRQHandler
 .text.FLEXCOMM7_DriverIRQHandler
                0x00010518       0x48 ./drivers/fsl_flexcomm.o
                0x00010518                FLEXCOMM7_DriverIRQHandler
 .text.FLEXCOMM8_DriverIRQHandler
                0x00010560       0x48 ./drivers/fsl_flexcomm.o
                0x00010560                FLEXCOMM8_DriverIRQHandler
 .text.USART_WriteBlocking
                0x000105a8       0x98 ./drivers/fsl_usart.o
                0x000105a8                USART_WriteBlocking
 .text.HAL_UartSendBlocking
                0x00010640       0x84 ./component/uart/usart_adapter.o
                0x00010640                HAL_UartSendBlocking
 .text.SerialManager_Write
                0x000106c4       0x94 ./component/serial_manager/serial_manager.o
 .text.Serial_UartWrite
                0x00010758       0x78 ./component/serial_manager/serial_port_uart.o
                0x00010758                Serial_UartWrite
 .text.DbgConsole_PrintCallback
                0x000107d0       0x66 ./utilities/fsl_debug_console.o
 .text.ConvertRadixNumToString
                0x00010836      0x114 ./utilities/fsl_str.o
 .text.StrFormatPrintf
                0x0001094a      0x30c ./utilities/fsl_str.o
                0x0001094a                StrFormatPrintf
 .text.WDT_BOD_IRQHandler
                0x00010c56        0x8 ./startup/startup_lpc55s69_cm33_core0.o
                0x00010c56                WDT_BOD_IRQHandler
 .text.DMA0_IRQHandler
                0x00010c5e        0x8 ./startup/startup_lpc55s69_cm33_core0.o
                0x00010c5e                DMA0_IRQHandler
 .text.GINT0_IRQHandler
                0x00010c66        0x8 ./startup/startup_lpc55s69_cm33_core0.o
                0x00010c66                GINT0_IRQHandler
 .text.GINT1_IRQHandler
                0x00010c6e        0x8 ./startup/startup_lpc55s69_cm33_core0.o
                0x00010c6e                GINT1_IRQHandler
 .text.PIN_INT0_IRQHandler
                0x00010c76        0x8 ./startup/startup_lpc55s69_cm33_core0.o
                0x00010c76                PIN_INT0_IRQHandler
 .text.PIN_INT1_IRQHandler
                0x00010c7e        0x8 ./startup/startup_lpc55s69_cm33_core0.o
                0x00010c7e                PIN_INT1_IRQHandler
 .text.PIN_INT2_IRQHandler
                0x00010c86        0x8 ./startup/startup_lpc55s69_cm33_core0.o
                0x00010c86                PIN_INT2_IRQHandler
 .text.PIN_INT3_IRQHandler
                0x00010c8e        0x8 ./startup/startup_lpc55s69_cm33_core0.o
                0x00010c8e                PIN_INT3_IRQHandler
 .text.UTICK0_IRQHandler
                0x00010c96        0x8 ./startup/startup_lpc55s69_cm33_core0.o
                0x00010c96                UTICK0_IRQHandler
 .text.MRT0_IRQHandler
                0x00010c9e        0x8 ./startup/startup_lpc55s69_cm33_core0.o
                0x00010c9e                MRT0_IRQHandler
 .text.CTIMER0_IRQHandler
                0x00010ca6        0x8 ./startup/startup_lpc55s69_cm33_core0.o
                0x00010ca6                CTIMER0_IRQHandler
 .text.CTIMER1_IRQHandler
                0x00010cae        0x8 ./startup/startup_lpc55s69_cm33_core0.o
                0x00010cae                CTIMER1_IRQHandler
 .text.SCT0_IRQHandler
                0x00010cb6        0x8 ./startup/startup_lpc55s69_cm33_core0.o
                0x00010cb6                SCT0_IRQHandler
 .text.CTIMER3_IRQHandler
                0x00010cbe        0x8 ./startup/startup_lpc55s69_cm33_core0.o
                0x00010cbe                CTIMER3_IRQHandler
 .text.FLEXCOMM0_IRQHandler
                0x00010cc6        0x8 ./startup/startup_lpc55s69_cm33_core0.o
                0x00010cc6                FLEXCOMM0_IRQHandler
 .text.FLEXCOMM1_IRQHandler
                0x00010cce        0x8 ./startup/startup_lpc55s69_cm33_core0.o
                0x00010cce                FLEXCOMM1_IRQHandler
 .text.FLEXCOMM2_IRQHandler
                0x00010cd6        0x8 ./startup/startup_lpc55s69_cm33_core0.o
                0x00010cd6                FLEXCOMM2_IRQHandler
 .text.FLEXCOMM3_IRQHandler
                0x00010cde        0x8 ./startup/startup_lpc55s69_cm33_core0.o
                0x00010cde                FLEXCOMM3_IRQHandler
 .text.FLEXCOMM4_IRQHandler
                0x00010ce6        0x8 ./startup/startup_lpc55s69_cm33_core0.o
                0x00010ce6                FLEXCOMM4_IRQHandler
 .text.FLEXCOMM5_IRQHandler
                0x00010cee        0x8 ./startup/startup_lpc55s69_cm33_core0.o
                0x00010cee                FLEXCOMM5_IRQHandler
 .text.FLEXCOMM6_IRQHandler
                0x00010cf6        0x8 ./startup/startup_lpc55s69_cm33_core0.o
                0x00010cf6                FLEXCOMM6_IRQHandler
 .text.FLEXCOMM7_IRQHandler
                0x00010cfe        0x8 ./startup/startup_lpc55s69_cm33_core0.o
                0x00010cfe                FLEXCOMM7_IRQHandler
 .text.ADC0_IRQHandler
                0x00010d06        0x8 ./startup/startup_lpc55s69_cm33_core0.o
                0x00010d06                ADC0_IRQHandler
 .text.Reserved39_IRQHandler
                0x00010d0e        0x8 ./startup/startup_lpc55s69_cm33_core0.o
                0x00010d0e                Reserved39_IRQHandler
 .text.ACMP_IRQHandler
                0x00010d16        0x8 ./startup/startup_lpc55s69_cm33_core0.o
                0x00010d16                ACMP_IRQHandler
 .text.Reserved41_IRQHandler
                0x00010d1e        0x8 ./startup/startup_lpc55s69_cm33_core0.o
                0x00010d1e                Reserved41_IRQHandler
 .text.Reserved42_IRQHandler
                0x00010d26        0x8 ./startup/startup_lpc55s69_cm33_core0.o
                0x00010d26                Reserved42_IRQHandler
 .text.USB0_NEEDCLK_IRQHandler
                0x00010d2e        0x8 ./startup/startup_lpc55s69_cm33_core0.o
                0x00010d2e                USB0_NEEDCLK_IRQHandler
 .text.USB0_IRQHandler
                0x00010d36        0x8 ./startup/startup_lpc55s69_cm33_core0.o
                0x00010d36                USB0_IRQHandler
 .text.RTC_IRQHandler
                0x00010d3e        0x8 ./startup/startup_lpc55s69_cm33_core0.o
                0x00010d3e                RTC_IRQHandler
 .text.Reserved46_IRQHandler
                0x00010d46        0x8 ./startup/startup_lpc55s69_cm33_core0.o
                0x00010d46                Reserved46_IRQHandler
 .text.MAILBOX_IRQHandler
                0x00010d4e        0x8 ./startup/startup_lpc55s69_cm33_core0.o
                0x00010d4e                MAILBOX_IRQHandler
 .text.PIN_INT4_IRQHandler
                0x00010d56        0x8 ./startup/startup_lpc55s69_cm33_core0.o
                0x00010d56                PIN_INT4_IRQHandler
 .text.PIN_INT5_IRQHandler
                0x00010d5e        0x8 ./startup/startup_lpc55s69_cm33_core0.o
                0x00010d5e                PIN_INT5_IRQHandler
 .text.PIN_INT6_IRQHandler
                0x00010d66        0x8 ./startup/startup_lpc55s69_cm33_core0.o
                0x00010d66                PIN_INT6_IRQHandler
 .text.PIN_INT7_IRQHandler
                0x00010d6e        0x8 ./startup/startup_lpc55s69_cm33_core0.o
                0x00010d6e                PIN_INT7_IRQHandler
 .text.CTIMER2_IRQHandler
                0x00010d76        0x8 ./startup/startup_lpc55s69_cm33_core0.o
                0x00010d76                CTIMER2_IRQHandler
 .text.CTIMER4_IRQHandler
                0x00010d7e        0x8 ./startup/startup_lpc55s69_cm33_core0.o
                0x00010d7e                CTIMER4_IRQHandler
 .text.OS_EVENT_IRQHandler
                0x00010d86        0x8 ./startup/startup_lpc55s69_cm33_core0.o
                0x00010d86                OS_EVENT_IRQHandler
 .text.Reserved55_IRQHandler
                0x00010d8e        0x8 ./startup/startup_lpc55s69_cm33_core0.o
                0x00010d8e                Reserved55_IRQHandler
 .text.Reserved56_IRQHandler
                0x00010d96        0x8 ./startup/startup_lpc55s69_cm33_core0.o
                0x00010d96                Reserved56_IRQHandler
 .text.Reserved57_IRQHandler
                0x00010d9e        0x8 ./startup/startup_lpc55s69_cm33_core0.o
                0x00010d9e                Reserved57_IRQHandler
 .text.SDIO_IRQHandler
                0x00010da6        0x8 ./startup/startup_lpc55s69_cm33_core0.o
                0x00010da6                SDIO_IRQHandler
 .text.Reserved59_IRQHandler
                0x00010dae        0x8 ./startup/startup_lpc55s69_cm33_core0.o
                0x00010dae                Reserved59_IRQHandler
 .text.Reserved60_IRQHandler
                0x00010db6        0x8 ./startup/startup_lpc55s69_cm33_core0.o
                0x00010db6                Reserved60_IRQHandler
 .text.Reserved61_IRQHandler
                0x00010dbe        0x8 ./startup/startup_lpc55s69_cm33_core0.o
                0x00010dbe                Reserved61_IRQHandler
 .text.USB1_UTMI_IRQHandler
                0x00010dc6        0x8 ./startup/startup_lpc55s69_cm33_core0.o
                0x00010dc6                USB1_UTMI_IRQHandler
 .text.USB1_IRQHandler
                0x00010dce        0x8 ./startup/startup_lpc55s69_cm33_core0.o
                0x00010dce                USB1_IRQHandler
 .text.USB1_NEEDCLK_IRQHandler
                0x00010dd6        0x8 ./startup/startup_lpc55s69_cm33_core0.o
                0x00010dd6                USB1_NEEDCLK_IRQHandler
 .text.SEC_HYPERVISOR_CALL_IRQHandler
                0x00010dde        0x8 ./startup/startup_lpc55s69_cm33_core0.o
                0x00010dde                SEC_HYPERVISOR_CALL_IRQHandler
 .text.SEC_GPIO_INT0_IRQ0_IRQHandler
                0x00010de6        0x8 ./startup/startup_lpc55s69_cm33_core0.o
                0x00010de6                SEC_GPIO_INT0_IRQ0_IRQHandler
 .text.SEC_GPIO_INT0_IRQ1_IRQHandler
                0x00010dee        0x8 ./startup/startup_lpc55s69_cm33_core0.o
                0x00010dee                SEC_GPIO_INT0_IRQ1_IRQHandler
 .text.PLU_IRQHandler
                0x00010df6        0x8 ./startup/startup_lpc55s69_cm33_core0.o
                0x00010df6                PLU_IRQHandler
 .text.SEC_VIO_IRQHandler
                0x00010dfe        0x8 ./startup/startup_lpc55s69_cm33_core0.o
                0x00010dfe                SEC_VIO_IRQHandler
 .text.HASHCRYPT_IRQHandler
                0x00010e06        0x8 ./startup/startup_lpc55s69_cm33_core0.o
                0x00010e06                HASHCRYPT_IRQHandler
 .text.CASER_IRQHandler
                0x00010e0e        0x8 ./startup/startup_lpc55s69_cm33_core0.o
                0x00010e0e                CASER_IRQHandler
 .text.PUF_IRQHandler
                0x00010e16        0x8 ./startup/startup_lpc55s69_cm33_core0.o
                0x00010e16                PUF_IRQHandler
 .text.PQ_IRQHandler
                0x00010e1e        0x8 ./startup/startup_lpc55s69_cm33_core0.o
                0x00010e1e                PQ_IRQHandler
 .text.DMA1_IRQHandler
                0x00010e26        0x8 ./startup/startup_lpc55s69_cm33_core0.o
                0x00010e26                DMA1_IRQHandler
 .text.FLEXCOMM8_IRQHandler
                0x00010e2e        0x8 ./startup/startup_lpc55s69_cm33_core0.o
                0x00010e2e                FLEXCOMM8_IRQHandler
 .text.SystemInit
                0x00010e36        0xe ./source/hello_world_ns.o
                0x00010e36                SystemInit
 .text.SerialManager_StartWriting
                0x00010e44       0x4a ./component/serial_manager/serial_manager.o
 .text.SerialManager_WriteBlocking
                0x00010e8e       0x20 ./component/serial_manager/serial_manager.o
                0x00010e8e                SerialManager_WriteBlocking
 .text.memset   0x00010eae       0x10 c:/appz/nxp/mcuxpressoide_11.6.0_8187/ide/plugins/com.nxp.mcuxpresso.tools.win32_11.6.0.202112161359/tools/bin/../lib/gcc/arm-none-eabi/10.3.1/../../../../arm-none-eabi/lib/thumb/v8-m.main+fp/hard\libc_nano.a(lib_a-memset.o)
                0x00010eae                memset
 .text          0x00010ebe       0x14 c:/appz/nxp/mcuxpressoide_11.6.0_8187/ide/plugins/com.nxp.mcuxpresso.tools.win32_11.6.0.202112161359/tools/bin/../lib/gcc/arm-none-eabi/10.3.1/../../../../arm-none-eabi/lib/thumb/v8-m.main+fp/hard\libc_nano.a(lib_a-strcmp.o)
                0x00010ebe                strcmp
 .text          0x00010ed2       0x10 c:/appz/nxp/mcuxpressoide_11.6.0_8187/ide/plugins/com.nxp.mcuxpresso.tools.win32_11.6.0.202112161359/tools/bin/../lib/gcc/arm-none-eabi/10.3.1/../../../../arm-none-eabi/lib/thumb/v8-m.main+fp/hard\libc_nano.a(lib_a-strlen.o)
                0x00010ed2                strlen
 *fill*         0x00010ee2        0x6 ff
 .text.__stub   0x00010ee8       0x20 linker stubs
 *(SORT_BY_ALIGNMENT(.rodata) SORT_BY_ALIGNMENT(.rodata.*) SORT_BY_ALIGNMENT(.constdata) SORT_BY_ALIGNMENT(.constdata.*))
 *fill*         0x00010f08        0x0 ff
 .rodata.__assert_func.str1.4
                0x00010f08       0x3e ./utilities/fsl_assert.o
 *fill*         0x00010f46        0x2 ff
 .rodata.DbgConsole_SendData.str1.4
                0x00010f48       0x2a ./utilities/fsl_debug_console.o
 *fill*         0x00010f72        0x2 ff
 .rodata.__func__.3
                0x00010f74       0x1c ./utilities/fsl_debug_console.o
 .rodata.main.str1.4
                0x00010f90       0x92 ./source/hello_world_ns.o
 *fill*         0x00011022        0x2 ff
 .rodata.FLEXCOMM_GetInstance.str1.4
                0x00011024       0x17 ./drivers/fsl_flexcomm.o
 *fill*         0x0001103b        0x1 ff
 .rodata.FLEXCOMM0_DriverIRQHandler.str1.4
                0x0001103c       0x18 ./drivers/fsl_flexcomm.o
 .rodata.FLEXCOMM1_DriverIRQHandler.str1.4
                0x00011054       0x18 ./drivers/fsl_flexcomm.o
 .rodata.FLEXCOMM2_DriverIRQHandler.str1.4
                0x0001106c       0x18 ./drivers/fsl_flexcomm.o
 .rodata.FLEXCOMM3_DriverIRQHandler.str1.4
                0x00011084       0x18 ./drivers/fsl_flexcomm.o
 .rodata.FLEXCOMM4_DriverIRQHandler.str1.4
                0x0001109c       0x18 ./drivers/fsl_flexcomm.o
 .rodata.FLEXCOMM5_DriverIRQHandler.str1.4
                0x000110b4       0x18 ./drivers/fsl_flexcomm.o
 .rodata.FLEXCOMM6_DriverIRQHandler.str1.4
                0x000110cc       0x18 ./drivers/fsl_flexcomm.o
 .rodata.FLEXCOMM7_DriverIRQHandler.str1.4
                0x000110e4       0x18 ./drivers/fsl_flexcomm.o
 .rodata.FLEXCOMM8_DriverIRQHandler.str1.4
                0x000110fc       0x18 ./drivers/fsl_flexcomm.o
 .rodata.__func__.8
                0x00011114       0x1b ./drivers/fsl_flexcomm.o
 *fill*         0x0001112f        0x1 ff
 .rodata.__func__.7
                0x00011130       0x1b ./drivers/fsl_flexcomm.o
 *fill*         0x0001114b        0x1 ff
 .rodata.__func__.6
                0x0001114c       0x1b ./drivers/fsl_flexcomm.o
 *fill*         0x00011167        0x1 ff
 .rodata.__func__.5
                0x00011168       0x1b ./drivers/fsl_flexcomm.o
 *fill*         0x00011183        0x1 ff
 .rodata.__func__.4
                0x00011184       0x1b ./drivers/fsl_flexcomm.o
 *fill*         0x0001119f        0x1 ff
 .rodata.__func__.3
                0x000111a0       0x1b ./drivers/fsl_flexcomm.o
 *fill*         0x000111bb        0x1 ff
 .rodata.__func__.2
                0x000111bc       0x1b ./drivers/fsl_flexcomm.o
 *fill*         0x000111d7        0x1 ff
 .rodata.__func__.1
                0x000111d8       0x1b ./drivers/fsl_flexcomm.o
 *fill*         0x000111f3        0x1 ff
 .rodata.__func__.0
                0x000111f4       0x1b ./drivers/fsl_flexcomm.o
 *fill*         0x0001120f        0x1 ff
 .rodata.USART_GetInstance.str1.4
                0x00011210        0xc ./drivers/fsl_usart.o
                                 0x14 (size before relaxing)
 .rodata.USART_WriteBlocking.str1.4
                0x0001121c       0x24 ./drivers/fsl_usart.o
 .rodata.__func__.9
                0x00011240       0x14 ./drivers/fsl_usart.o
 .rodata.s_UsartAdapterBase
                0x00011254       0x20 ./component/uart/usart_adapter.o
 .rodata.HAL_UartInit.str1.4
                0x00011274       0x8d ./component/uart/usart_adapter.o
 *fill*         0x00011301        0x3 ff
 .rodata.HAL_UartReceiveBlocking.str1.4
                0x00011304        0xf ./component/uart/usart_adapter.o
 *fill*         0x00011313        0x1 ff
 .rodata.__func__.0
                0x00011314       0x15 ./component/uart/usart_adapter.o
 *fill*         0x00011329        0x3 ff
 .rodata.SerialManager_Write.str1.4
                0x0001132c       0x27 ./component/serial_manager/serial_manager.o
                                 0x37 (size before relaxing)
 *fill*         0x00011353        0x1 ff
 .rodata.__func__.9
                0x00011354       0x14 ./component/serial_manager/serial_manager.o
 .rodata.Serial_UartInit.str1.4
                0x00011368       0x31 ./component/serial_manager/serial_port_uart.o
 .rodata.Serial_UartWrite.str1.4
                0x00011399        0xf ./component/serial_manager/serial_port_uart.o
 *fill*         0x00011399        0x3 ff
 .rodata.__func__.1
                0x0001139c       0x11 ./component/serial_manager/serial_port_uart.o
                0x000113b0                . = ALIGN (0x4)
 *fill*         0x000113ad        0x3 ff
                0x000113b0                _etext = .

.glue_7         0x000113b0        0x0
 .glue_7        0x000113b0        0x0 linker stubs

.glue_7t        0x000113b0        0x0
 .glue_7t       0x000113b0        0x0 linker stubs

.vfp11_veneer   0x000113b0        0x0
 .vfp11_veneer  0x000113b0        0x0 linker stubs

.v4_bx          0x000113b0        0x0
 .v4_bx         0x000113b0        0x0 linker stubs

.iplt           0x000113b0        0x0
 .iplt          0x000113b0        0x0 ./utilities/fsl_assert.o

.rel.dyn        0x000113b0        0x0
 .rel.iplt      0x000113b0        0x0 ./utilities/fsl_assert.o

.uninit_RESERVED
                0x20008000        0x0
                0x20008000                _start_uninit_RESERVED = .
 *(SORT_BY_ALIGNMENT(.bss.$RESERVED*))
                0x20008000                . = ALIGN (0x4)
                0x20008000                _end_uninit_RESERVED = .

.data           0x20008000        0x0 load address 0x000113b0
 FILL mask 0xff
                0x20008000                _data = .
                [!provide]                PROVIDE (__start_data_RAM = .)
                [!provide]                PROVIDE (__start_data_Ram0 = .)
 *(SORT_BY_ALIGNMENT(vtable))
 *(SORT_BY_ALIGNMENT(.ramfunc*))
 *(SORT_BY_ALIGNMENT(CodeQuickAccess))
 *(SORT_BY_ALIGNMENT(DataQuickAccess))
 *(SORT_BY_ALIGNMENT(RamFunction))
 *(SORT_BY_ALIGNMENT(.data*))
                0x20008000                . = ALIGN (0x4)
                0x20008000                _edata = .
                [!provide]                PROVIDE (__end_data_RAM = .)
                [!provide]                PROVIDE (__end_data_Ram0 = .)

.igot.plt       0x20008000        0x0 load address 0x000113b0
 .igot.plt      0x20008000        0x0 ./utilities/fsl_assert.o

.bss            0x20008000       0x68
                0x20008000                _bss = .
                [!provide]                PROVIDE (__start_bss_RAM = .)
                [!provide]                PROVIDE (__start_bss_Ram0 = .)
 *(SORT_BY_ALIGNMENT(.bss*))
 .bss.s_debugConsoleState
                0x20008000       0x1c ./utilities/fsl_debug_console.o
 .bss.g_serialHandle
                0x2000801c        0x4 ./utilities/fsl_debug_console.o
                0x2000801c                g_serialHandle
 .bss.s_flexcommIrqHandler
                0x20008020       0x24 ./drivers/fsl_flexcomm.o
 .bss.s_flexcommHandle
                0x20008044       0x24 ./drivers/fsl_flexcomm.o
 *(SORT_BY_ALIGNMENT(COMMON))
                0x20008068                . = ALIGN (0x4)
                0x20008068                _ebss = .
                [!provide]                PROVIDE (__end_bss_RAM = .)
                [!provide]                PROVIDE (__end_bss_Ram0 = .)
                [!provide]                PROVIDE (end = .)

.noinit         0x20008068        0x0
                0x20008068                _noinit = .
                [!provide]                PROVIDE (__start_noinit_RAM = .)
                [!provide]                PROVIDE (__start_noinit_Ram0 = .)
 *(SORT_BY_ALIGNMENT(.noinit*))
                0x20008068                . = ALIGN (0x4)
                0x20008068                _end_noinit = .
                [!provide]                PROVIDE (__end_noinit_RAM = .)
                [!provide]                PROVIDE (__end_noinit_Ram0 = .)

.ARM.extab
 *(SORT_BY_ALIGNMENT(.ARM.extab*) SORT_BY_ALIGNMENT(.gnu.linkonce.armextab.*))

.ARM.exidx      0x000113b0        0x0
                0x000113b0                __exidx_start = .
 *(SORT_BY_ALIGNMENT(.ARM.exidx*) SORT_BY_ALIGNMENT(.gnu.linkonce.armexidx.*))
                0x000113b0                __exidx_end = .
                0x00001000                _HeapSize = 0x1000

.heap           0x20008068     0x1000
                0x20008068                _pvHeapStart = .
                0x20009068                . = (. + _HeapSize)
 *fill*         0x20008068     0x1000 
                0x20009068                . = ALIGN (0x4)
                0x20009068                _pvHeapLimit = .
                0x00001000                _StackSize = 0x1000

.heap2stackfill
                0x20009068     0x1000
                0x2000a068                . = (. + _StackSize)
 *fill*         0x20009068     0x1000 

.stack          0x20032000        0x0
                0x20032000                _vStackBase = .
                0x20032000                . = ALIGN (0x4)
                0x20033000                _vStackTop = (. + _StackSize)
                0xdff6c5e2                PROVIDE (__valid_user_code_checksum = (0x0 - ((((((_vStackTop + (ResetISR + 0x1)) + (NMI_Handler + 0x1)) + (HardFault_Handler + 0x1)) + (DEFINED (MemManage_Handler)?MemManage_Handler:0x0 + 0x1)) + (DEFINED (BusFault_Handler)?BusFault_Handler:0x0 + 0x1)) + (DEFINED (UsageFault_Handler)?UsageFault_Handler:0x0 + 0x1))))
                0x00010000                _image_start = LOADADDR (.text)
                0x000113b0                _image_end = (LOADADDR (.data) + SIZEOF (.data))
                0x000013b0                _image_size = (_image_end - _image_start)
OUTPUT(lpcxpresso55s69_hello_world_ns.axf elf32-littlearm)
LOAD linker stubs

.debug_info     0x00000000     0x6691
 .debug_info    0x00000000       0xd8 ./utilities/fsl_assert.o
 .debug_info    0x000000d8      0xb24 ./utilities/fsl_debug_console.o
 .debug_info    0x00000bfc      0x4fe ./utilities/fsl_str.o
 .debug_info    0x000010fa      0x6f4 ./startup/startup_lpc55s69_cm33_core0.o
 .debug_info    0x000017ee       0xba ./source/hello_world_ns.o
 .debug_info    0x000018a8     0x1ca4 ./drivers/fsl_flexcomm.o
 .debug_info    0x0000354c     0x1805 ./drivers/fsl_usart.o
 .debug_info    0x00004d51      0xbfe ./component/uart/usart_adapter.o
 .debug_info    0x0000594f      0x837 ./component/serial_manager/serial_manager.o
 .debug_info    0x00006186      0x50b ./component/serial_manager/serial_port_uart.o

.debug_abbrev   0x00000000     0x101c
 .debug_abbrev  0x00000000       0x6b ./utilities/fsl_assert.o
 .debug_abbrev  0x0000006b      0x1fb ./utilities/fsl_debug_console.o
 .debug_abbrev  0x00000266      0x17a ./utilities/fsl_str.o
 .debug_abbrev  0x000003e0      0x165 ./startup/startup_lpc55s69_cm33_core0.o
 .debug_abbrev  0x00000545       0x76 ./source/hello_world_ns.o
 .debug_abbrev  0x000005bb      0x29e ./drivers/fsl_flexcomm.o
 .debug_abbrev  0x00000859      0x354 ./drivers/fsl_usart.o
 .debug_abbrev  0x00000bad      0x1dc ./component/uart/usart_adapter.o
 .debug_abbrev  0x00000d89      0x158 ./component/serial_manager/serial_manager.o
 .debug_abbrev  0x00000ee1      0x13b ./component/serial_manager/serial_port_uart.o

.debug_aranges  0x00000000      0x5d0
 .debug_aranges
                0x00000000       0x20 ./utilities/fsl_assert.o
 .debug_aranges
                0x00000020       0x80 ./utilities/fsl_debug_console.o
 .debug_aranges
                0x000000a0       0x38 ./utilities/fsl_str.o
 .debug_aranges
                0x000000d8      0x260 ./startup/startup_lpc55s69_cm33_core0.o
 .debug_aranges
                0x00000338       0x28 ./source/hello_world_ns.o
 .debug_aranges
                0x00000360       0x90 ./drivers/fsl_flexcomm.o
 .debug_aranges
                0x000003f0       0xe0 ./drivers/fsl_usart.o
 .debug_aranges
                0x000004d0       0x40 ./component/uart/usart_adapter.o
 .debug_aranges
                0x00000510       0x88 ./component/serial_manager/serial_manager.o
 .debug_aranges
                0x00000598       0x38 ./component/serial_manager/serial_port_uart.o

.debug_ranges   0x00000000      0x530
 .debug_ranges  0x00000000       0x10 ./utilities/fsl_assert.o
 .debug_ranges  0x00000010       0x70 ./utilities/fsl_debug_console.o
 .debug_ranges  0x00000080       0x28 ./utilities/fsl_str.o
 .debug_ranges  0x000000a8      0x250 ./startup/startup_lpc55s69_cm33_core0.o
 .debug_ranges  0x000002f8       0x18 ./source/hello_world_ns.o
 .debug_ranges  0x00000310       0x80 ./drivers/fsl_flexcomm.o
 .debug_ranges  0x00000390       0xd0 ./drivers/fsl_usart.o
 .debug_ranges  0x00000460       0x30 ./component/uart/usart_adapter.o
 .debug_ranges  0x00000490       0x78 ./component/serial_manager/serial_manager.o
 .debug_ranges  0x00000508       0x28 ./component/serial_manager/serial_port_uart.o

.debug_macro    0x00000000    0x17af2
 .debug_macro   0x00000000      0x228 ./utilities/fsl_assert.o
 .debug_macro   0x00000228      0xab4 ./utilities/fsl_assert.o
 .debug_macro   0x00000cdc       0x22 ./utilities/fsl_assert.o
 .debug_macro   0x00000cfe       0x4c ./utilities/fsl_assert.o
 .debug_macro   0x00000d4a       0x1e ./utilities/fsl_assert.o
 .debug_macro   0x00000d68       0x94 ./utilities/fsl_assert.o
 .debug_macro   0x00000dfc       0x3c ./utilities/fsl_assert.o
 .debug_macro   0x00000e38       0x34 ./utilities/fsl_assert.o
 .debug_macro   0x00000e6c       0x16 ./utilities/fsl_assert.o
 .debug_macro   0x00000e82       0x22 ./utilities/fsl_assert.o
 .debug_macro   0x00000ea4      0x34e ./utilities/fsl_assert.o
 .debug_macro   0x000011f2      0x16d ./utilities/fsl_assert.o
 .debug_macro   0x0000135f       0x16 ./utilities/fsl_assert.o
 .debug_macro   0x00001375       0x43 ./utilities/fsl_assert.o
 .debug_macro   0x000013b8       0x57 ./utilities/fsl_assert.o
 .debug_macro   0x0000140f       0x34 ./utilities/fsl_assert.o
 .debug_macro   0x00001443       0x10 ./utilities/fsl_assert.o
 .debug_macro   0x00001453       0x58 ./utilities/fsl_assert.o
 .debug_macro   0x000014ab       0x71 ./utilities/fsl_assert.o
 .debug_macro   0x0000151c       0x10 ./utilities/fsl_assert.o
 .debug_macro   0x0000152c      0x12a ./utilities/fsl_assert.o
 .debug_macro   0x00001656      0x35d ./utilities/fsl_assert.o
 .debug_macro   0x000019b3       0x10 ./utilities/fsl_assert.o
 .debug_macro   0x000019c3       0x35 ./utilities/fsl_assert.o
 .debug_macro   0x000019f8       0x16 ./utilities/fsl_assert.o
 .debug_macro   0x00001a0e       0x16 ./utilities/fsl_assert.o
 .debug_macro   0x00001a24       0x29 ./utilities/fsl_assert.o
 .debug_macro   0x00001a4d       0x10 ./utilities/fsl_assert.o
 .debug_macro   0x00001a5d       0x46 ./utilities/fsl_assert.o
 .debug_macro   0x00001aa3       0x1c ./utilities/fsl_assert.o
 .debug_macro   0x00001abf       0x29 ./utilities/fsl_assert.o
 .debug_macro   0x00001ae8       0xd9 ./utilities/fsl_assert.o
 .debug_macro   0x00001bc1     0x1401 ./utilities/fsl_assert.o
 .debug_macro   0x00002fc2       0x5e ./utilities/fsl_assert.o
 .debug_macro   0x00003020       0x2e ./utilities/fsl_assert.o
 .debug_macro   0x0000304e    0x12870 ./utilities/fsl_assert.o
 .debug_macro   0x000158be      0x2a5 ./utilities/fsl_assert.o
 .debug_macro   0x00015b63       0xc9 ./utilities/fsl_assert.o
 .debug_macro   0x00015c2c      0x2f4 ./utilities/fsl_assert.o
 .debug_macro   0x00015f20       0xd2 ./utilities/fsl_assert.o
 .debug_macro   0x00015ff2       0x34 ./utilities/fsl_assert.o
 .debug_macro   0x00016026       0x10 ./utilities/fsl_assert.o
 .debug_macro   0x00016036       0x32 ./utilities/fsl_assert.o
 .debug_macro   0x00016068       0x2e ./utilities/fsl_assert.o
 .debug_macro   0x00016096      0x27b ./utilities/fsl_debug_console.o
 .debug_macro   0x00016311       0x58 ./utilities/fsl_debug_console.o
 .debug_macro   0x00016369      0x10e ./utilities/fsl_debug_console.o
 .debug_macro   0x00016477       0x86 ./utilities/fsl_debug_console.o
 .debug_macro   0x000164fd       0x5d ./utilities/fsl_debug_console.o
 .debug_macro   0x0001655a       0x16 ./utilities/fsl_debug_console.o
 .debug_macro   0x00016570       0x34 ./utilities/fsl_debug_console.o
 .debug_macro   0x000165a4      0x22b ./utilities/fsl_str.o
 .debug_macro   0x000167cf      0x19b ./utilities/fsl_str.o
 .debug_macro   0x0001696a       0x29 ./startup/startup_lpc55s69_cm33_core0.o
 .debug_macro   0x00016993      0x273 ./source/hello_world_ns.o
 .debug_macro   0x00016c06       0x2e ./source/hello_world_ns.o
 .debug_macro   0x00016c34       0x28 ./source/hello_world_ns.o
 .debug_macro   0x00016c5c       0x10 ./source/hello_world_ns.o
 .debug_macro   0x00016c6c       0xf6 ./source/hello_world_ns.o
 .debug_macro   0x00016d62      0x255 ./source/hello_world_ns.o
 .debug_macro   0x00016fb7      0x211 ./drivers/fsl_flexcomm.o
 .debug_macro   0x000171c8       0x10 ./drivers/fsl_flexcomm.o
 .debug_macro   0x000171d8      0x220 ./drivers/fsl_usart.o
 .debug_macro   0x000173f8       0x16 ./drivers/fsl_usart.o
 .debug_macro   0x0001740e      0x21d ./component/uart/usart_adapter.o
 .debug_macro   0x0001762b       0x1c ./component/uart/usart_adapter.o
 .debug_macro   0x00017647       0x22 ./component/uart/usart_adapter.o
 .debug_macro   0x00017669      0x23b ./component/serial_manager/serial_manager.o
 .debug_macro   0x000178a4      0x22c ./component/serial_manager/serial_port_uart.o
 .debug_macro   0x00017ad0       0x22 ./component/serial_manager/serial_port_uart.o

.debug_line     0x00000000     0x5a35
 .debug_line    0x00000000      0x658 ./utilities/fsl_assert.o
 .debug_line    0x00000658      0x991 ./utilities/fsl_debug_console.o
 .debug_line    0x00000fe9      0xc88 ./utilities/fsl_str.o
 .debug_line    0x00001c71      0x6ad ./startup/startup_lpc55s69_cm33_core0.o
 .debug_line    0x0000231e      0x779 ./source/hello_world_ns.o
 .debug_line    0x00002a97      0x84e ./drivers/fsl_flexcomm.o
 .debug_line    0x000032e5      0xfca ./drivers/fsl_usart.o
 .debug_line    0x000042af      0x72f ./component/uart/usart_adapter.o
 .debug_line    0x000049de      0x8f9 ./component/serial_manager/serial_manager.o
 .debug_line    0x000052d7      0x75e ./component/serial_manager/serial_port_uart.o

.debug_str      0x00000000    0xcac9f
 .debug_str     0x00000000    0xc3f90 ./utilities/fsl_assert.o
                              0xc4182 (size before relaxing)
 .debug_str     0x000c3f90     0x1457 ./utilities/fsl_debug_console.o
                              0xc56a7 (size before relaxing)
 .debug_str     0x000c53e7      0x9cf ./utilities/fsl_str.o
                              0xc4b35 (size before relaxing)
 .debug_str     0x000c5db6      0x677 ./startup/startup_lpc55s69_cm33_core0.o
                               0x34a5 (size before relaxing)
 .debug_str     0x000c642d     0x1986 ./source/hello_world_ns.o
                              0xc5ac6 (size before relaxing)
 .debug_str     0x000c7db3     0x1af4 ./drivers/fsl_flexcomm.o
                              0xc63d7 (size before relaxing)
 .debug_str     0x000c98a7      0xc35 ./drivers/fsl_usart.o
                              0xc5a80 (size before relaxing)
 .debug_str     0x000ca4dc      0x33f ./component/uart/usart_adapter.o
                              0xc51c6 (size before relaxing)
 .debug_str     0x000ca81b      0x388 ./component/serial_manager/serial_manager.o
                              0xc462e (size before relaxing)
 .debug_str     0x000caba3       0xfc ./component/serial_manager/serial_port_uart.o
                              0xc46dc (size before relaxing)

.comment        0x00000000       0x49
 .comment       0x00000000       0x49 ./utilities/fsl_assert.o
                                 0x4a (size before relaxing)
 .comment       0x00000049       0x4a ./utilities/fsl_debug_console.o
 .comment       0x00000049       0x4a ./utilities/fsl_str.o
 .comment       0x00000049       0x4a ./startup/startup_lpc55s69_cm33_core0.o
 .comment       0x00000049       0x4a ./source/hello_world_ns.o
 .comment       0x00000049       0x4a ./drivers/fsl_flexcomm.o
 .comment       0x00000049       0x4a ./drivers/fsl_usart.o
 .comment       0x00000049       0x4a ./component/uart/usart_adapter.o
 .comment       0x00000049       0x4a ./component/serial_manager/serial_manager.o
 .comment       0x00000049       0x4a ./component/serial_manager/serial_port_uart.o

.ARM.attributes
                0x00000000       0x38
 .ARM.attributes
                0x00000000       0x3a ./utilities/fsl_assert.o
 .ARM.attributes
                0x0000003a       0x3a ./utilities/fsl_debug_console.o
 .ARM.attributes
                0x00000074       0x3a ./utilities/fsl_str.o
 .ARM.attributes
                0x000000ae       0x3a ./startup/startup_lpc55s69_cm33_core0.o
 .ARM.attributes
                0x000000e8       0x3a ./source/hello_world_ns.o
 .ARM.attributes
                0x00000122       0x3a ./drivers/fsl_flexcomm.o
 .ARM.attributes
                0x0000015c       0x3a ./drivers/fsl_usart.o
 .ARM.attributes
                0x00000196       0x3a ./component/uart/usart_adapter.o
 .ARM.attributes
                0x000001d0       0x3a ./component/serial_manager/serial_manager.o
 .ARM.attributes
                0x0000020a       0x3a ./component/serial_manager/serial_port_uart.o
 .ARM.attributes
                0x00000244       0x38 c:/appz/nxp/mcuxpressoide_11.6.0_8187/ide/plugins/com.nxp.mcuxpresso.tools.win32_11.6.0.202112161359/tools/bin/../lib/gcc/arm-none-eabi/10.3.1/../../../../arm-none-eabi/lib/thumb/v8-m.main+fp/hard\libc_nano.a(lib_a-memset.o)
 .ARM.attributes
                0x0000027c       0x20 c:/appz/nxp/mcuxpressoide_11.6.0_8187/ide/plugins/com.nxp.mcuxpresso.tools.win32_11.6.0.202112161359/tools/bin/../lib/gcc/arm-none-eabi/10.3.1/../../../../arm-none-eabi/lib/thumb/v8-m.main+fp/hard\libc_nano.a(lib_a-strcmp.o)
 .ARM.attributes
                0x0000029c       0x17 c:/appz/nxp/mcuxpressoide_11.6.0_8187/ide/plugins/com.nxp.mcuxpresso.tools.win32_11.6.0.202112161359/tools/bin/../lib/gcc/arm-none-eabi/10.3.1/../../../../arm-none-eabi/lib/thumb/v8-m.main+fp/hard\libc_nano.a(lib_a-strlen.o)

.debug_frame    0x00000000     0x131c
 .debug_frame   0x00000000       0x30 ./utilities/fsl_assert.o
 .debug_frame   0x00000030      0x208 ./utilities/fsl_debug_console.o
 .debug_frame   0x00000238       0xb4 ./utilities/fsl_str.o
 .debug_frame   0x000002ec      0x694 ./startup/startup_lpc55s69_cm33_core0.o
 .debug_frame   0x00000980       0x50 ./source/hello_world_ns.o
 .debug_frame   0x000009d0      0x1ec ./drivers/fsl_flexcomm.o
 .debug_frame   0x00000bbc      0x3b0 ./drivers/fsl_usart.o
 .debug_frame   0x00000f6c       0xc8 ./component/uart/usart_adapter.o
 .debug_frame   0x00001034      0x208 ./component/serial_manager/serial_manager.o
 .debug_frame   0x0000123c       0xa0 ./component/serial_manager/serial_port_uart.o
 .debug_frame   0x000012dc       0x20 c:/appz/nxp/mcuxpressoide_11.6.0_8187/ide/plugins/com.nxp.mcuxpresso.tools.win32_11.6.0.202112161359/tools/bin/../lib/gcc/arm-none-eabi/10.3.1/../../../../arm-none-eabi/lib/thumb/v8-m.main+fp/hard\libc_nano.a(lib_a-memset.o)
 .debug_frame   0x000012fc       0x20 c:/appz/nxp/mcuxpressoide_11.6.0_8187/ide/plugins/com.nxp.mcuxpresso.tools.win32_11.6.0.202112161359/tools/bin/../lib/gcc/arm-none-eabi/10.3.1/../../../../arm-none-eabi/lib/thumb/v8-m.main+fp/hard\libc_nano.a(lib_a-strcmp.o)

Cross Reference Table

Symbol                                            File
ACMP_DriverIRQHandler                             ./startup/startup_lpc55s69_cm33_core0.o
ACMP_IRQHandler                                   ./startup/startup_lpc55s69_cm33_core0.o
ADC0_DriverIRQHandler                             ./startup/startup_lpc55s69_cm33_core0.o
ADC0_IRQHandler                                   ./startup/startup_lpc55s69_cm33_core0.o
BOARD_BootClockFRO12M                             ./board/clock_config.o
BOARD_BootClockFROHF96M                           ./board/clock_config.o
BOARD_BootClockPLL100M                            ./board/clock_config.o
BOARD_InitBootClocks                              ./board/clock_config.o
BOARD_InitBootPins                                ./board/pin_mux.o
BOARD_InitDebugConsole                            ./board/board.o
BOARD_InitDebugConsole_Core1                      ./board/board.o
BOARD_InitPins                                    ./board/pin_mux.o
BusFault_Handler                                  ./startup/startup_lpc55s69_cm33_core0.o
CASER_DriverIRQHandler                            ./startup/startup_lpc55s69_cm33_core0.o
CASER_IRQHandler                                  ./startup/startup_lpc55s69_cm33_core0.o
CLOCK_AttachClk                                   ./drivers/fsl_clock.o
                                                  C:\Temp\MPC-MKS\lpcxpresso55s69_hello_world_ns\libs\libpower_hardabi.a(fsl_power_lib.o)
                                                  ./board/clock_config.o
                                                  ./board/board.o
CLOCK_EnableUsbfs0DeviceClock                     ./drivers/fsl_clock.o
CLOCK_EnableUsbfs0HostClock                       ./drivers/fsl_clock.o
CLOCK_EnableUsbhs0DeviceClock                     ./drivers/fsl_clock.o
CLOCK_EnableUsbhs0HostClock                       ./drivers/fsl_clock.o
CLOCK_EnableUsbhs0PhyPllClock                     ./drivers/fsl_clock.o
CLOCK_GetAdcClkFreq                               ./drivers/fsl_clock.o
CLOCK_GetCTimerClkFreq                            ./drivers/fsl_clock.o
CLOCK_GetClockAttachId                            ./drivers/fsl_clock.o
CLOCK_GetClockOutClkFreq                          ./drivers/fsl_clock.o
CLOCK_GetCoreSysClkFreq                           ./drivers/fsl_clock.o
CLOCK_GetExtClkFreq                               ./drivers/fsl_clock.o
CLOCK_GetFlexCommClkFreq                          ./drivers/fsl_clock.o
CLOCK_GetFlexCommInputClock                       ./drivers/fsl_clock.o
CLOCK_GetFreq                                     ./drivers/fsl_clock.o
CLOCK_GetFro12MFreq                               ./drivers/fsl_clock.o
CLOCK_GetFro1MFreq                                ./drivers/fsl_clock.o
CLOCK_GetFroHfFreq                                ./drivers/fsl_clock.o
CLOCK_GetHsLspiClkFreq                            ./drivers/fsl_clock.o
CLOCK_GetI2SMClkFreq                              ./drivers/fsl_clock.o
CLOCK_GetMclkClkFreq                              ./drivers/fsl_clock.o
CLOCK_GetOsc32KFreq                               ./drivers/fsl_clock.o
CLOCK_GetPLL0InClockRate                          ./drivers/fsl_clock.o
CLOCK_GetPLL0OutClockRate                         ./drivers/fsl_clock.o
CLOCK_GetPLL0OutFromSetup                         ./drivers/fsl_clock.o
CLOCK_GetPLL1InClockRate                          ./drivers/fsl_clock.o
CLOCK_GetPll0OutFreq                              ./drivers/fsl_clock.o
CLOCK_GetPll1OutFreq                              ./drivers/fsl_clock.o
CLOCK_GetSctClkFreq                               ./drivers/fsl_clock.o
CLOCK_GetSdioClkFreq                              ./drivers/fsl_clock.o
CLOCK_GetSystickClkFreq                           ./drivers/fsl_clock.o
CLOCK_GetUsb0ClkFreq                              ./drivers/fsl_clock.o
CLOCK_GetUsb1ClkFreq                              ./drivers/fsl_clock.o
CLOCK_GetWdtClkFreq                               ./drivers/fsl_clock.o
CLOCK_SetClkDiv                                   ./drivers/fsl_clock.o
                                                  C:\Temp\MPC-MKS\lpcxpresso55s69_hello_world_ns\libs\libpower_hardabi.a(fsl_power_lib.o)
                                                  ./board/clock_config.o
CLOCK_SetFLASHAccessCyclesForFreq                 ./drivers/fsl_clock.o
                                                  ./board/clock_config.o
CLOCK_SetFlexCommClock                            ./drivers/fsl_clock.o
CLOCK_SetPLL0Freq                                 ./drivers/fsl_clock.o
                                                  ./board/clock_config.o
CLOCK_SetPLL1Freq                                 ./drivers/fsl_clock.o
CLOCK_SetRtc1hzClkDiv                             ./drivers/fsl_clock.o
CLOCK_SetRtc1khzClkDiv                            ./drivers/fsl_clock.o
CLOCK_SetStoredPLL0ClockRate                      ./drivers/fsl_clock.o
CLOCK_SetupExtClocking                            ./drivers/fsl_clock.o
                                                  ./board/clock_config.o
CLOCK_SetupFROClocking                            ./drivers/fsl_clock.o
                                                  ./board/clock_config.o
CLOCK_SetupI2SMClkClocking                        ./drivers/fsl_clock.o
CLOCK_SetupPLL0Data                               ./drivers/fsl_clock.o
CLOCK_SetupPLL0Mult                               ./drivers/fsl_clock.o
CLOCK_SetupPLL0Prec                               ./drivers/fsl_clock.o
CTIMER0_DriverIRQHandler                          ./startup/startup_lpc55s69_cm33_core0.o
CTIMER0_IRQHandler                                ./startup/startup_lpc55s69_cm33_core0.o
CTIMER1_DriverIRQHandler                          ./startup/startup_lpc55s69_cm33_core0.o
CTIMER1_IRQHandler                                ./startup/startup_lpc55s69_cm33_core0.o
CTIMER2_DriverIRQHandler                          ./startup/startup_lpc55s69_cm33_core0.o
CTIMER2_IRQHandler                                ./startup/startup_lpc55s69_cm33_core0.o
CTIMER3_DriverIRQHandler                          ./startup/startup_lpc55s69_cm33_core0.o
CTIMER3_IRQHandler                                ./startup/startup_lpc55s69_cm33_core0.o
CTIMER4_DriverIRQHandler                          ./startup/startup_lpc55s69_cm33_core0.o
CTIMER4_IRQHandler                                ./startup/startup_lpc55s69_cm33_core0.o
DMA0_DriverIRQHandler                             ./startup/startup_lpc55s69_cm33_core0.o
DMA0_IRQHandler                                   ./startup/startup_lpc55s69_cm33_core0.o
DMA1_DriverIRQHandler                             ./startup/startup_lpc55s69_cm33_core0.o
DMA1_IRQHandler                                   ./startup/startup_lpc55s69_cm33_core0.o
DbgConsole_Deinit                                 ./utilities/fsl_debug_console.o
DbgConsole_Flush                                  ./utilities/fsl_debug_console.o
DbgConsole_Getchar                                ./utilities/fsl_debug_console.o
DbgConsole_Init                                   ./utilities/fsl_debug_console.o
                                                  ./board/board.o
DbgConsole_Printf                                 ./utilities/fsl_debug_console.o
                                                  ./utilities/fsl_assert.o
DbgConsole_Printf_NSE                             C:/Temp/MPC-MKS/lpcxpresso55s69_hello_world_s/Debug/lpcxpresso55s69_hello_world_s_CMSE_lib.o
                                                  ./source/hello_world_ns.o
DbgConsole_Putchar                                ./utilities/fsl_debug_console.o
DbgConsole_ReadCharacter                          ./utilities/fsl_debug_console.o
DbgConsole_ReadLine                               ./utilities/fsl_debug_console.o
DbgConsole_ReadOneCharacter                       ./utilities/fsl_debug_console.o
DbgConsole_Scanf                                  ./utilities/fsl_debug_console.o
DbgConsole_SendData                               ./utilities/fsl_debug_console.o
DbgConsole_SendDataReliable                       ./utilities/fsl_debug_console.o
DebugMon_Handler                                  ./startup/startup_lpc55s69_cm33_core0.o
DisableDeepSleepIRQ                               ./drivers/fsl_common.o
EnableDeepSleepIRQ                                ./drivers/fsl_common.o
FLEXCOMM0_DriverIRQHandler                        ./drivers/fsl_flexcomm.o
                                                  ./startup/startup_lpc55s69_cm33_core0.o
FLEXCOMM0_IRQHandler                              ./startup/startup_lpc55s69_cm33_core0.o
FLEXCOMM1_DriverIRQHandler                        ./drivers/fsl_flexcomm.o
                                                  ./startup/startup_lpc55s69_cm33_core0.o
FLEXCOMM1_IRQHandler                              ./startup/startup_lpc55s69_cm33_core0.o
FLEXCOMM2_DriverIRQHandler                        ./drivers/fsl_flexcomm.o
                                                  ./startup/startup_lpc55s69_cm33_core0.o
FLEXCOMM2_IRQHandler                              ./startup/startup_lpc55s69_cm33_core0.o
FLEXCOMM3_DriverIRQHandler                        ./drivers/fsl_flexcomm.o
                                                  ./startup/startup_lpc55s69_cm33_core0.o
FLEXCOMM3_IRQHandler                              ./startup/startup_lpc55s69_cm33_core0.o
FLEXCOMM4_DriverIRQHandler                        ./drivers/fsl_flexcomm.o
                                                  ./startup/startup_lpc55s69_cm33_core0.o
FLEXCOMM4_IRQHandler                              ./startup/startup_lpc55s69_cm33_core0.o
FLEXCOMM5_DriverIRQHandler                        ./drivers/fsl_flexcomm.o
                                                  ./startup/startup_lpc55s69_cm33_core0.o
FLEXCOMM5_IRQHandler                              ./startup/startup_lpc55s69_cm33_core0.o
FLEXCOMM6_DriverIRQHandler                        ./drivers/fsl_flexcomm.o
                                                  ./startup/startup_lpc55s69_cm33_core0.o
FLEXCOMM6_IRQHandler                              ./startup/startup_lpc55s69_cm33_core0.o
FLEXCOMM7_DriverIRQHandler                        ./drivers/fsl_flexcomm.o
                                                  ./startup/startup_lpc55s69_cm33_core0.o
FLEXCOMM7_IRQHandler                              ./startup/startup_lpc55s69_cm33_core0.o
FLEXCOMM8_DriverIRQHandler                        ./drivers/fsl_flexcomm.o
                                                  ./startup/startup_lpc55s69_cm33_core0.o
FLEXCOMM8_IRQHandler                              ./startup/startup_lpc55s69_cm33_core0.o
FLEXCOMM_GetInstance                              ./drivers/fsl_flexcomm.o
FLEXCOMM_Init                                     ./drivers/fsl_flexcomm.o
                                                  ./drivers/fsl_usart.o
FLEXCOMM_SetIRQHandler                            ./drivers/fsl_flexcomm.o
                                                  ./drivers/fsl_usart.o
GINT0_DriverIRQHandler                            ./startup/startup_lpc55s69_cm33_core0.o
GINT0_IRQHandler                                  ./startup/startup_lpc55s69_cm33_core0.o
GINT1_DriverIRQHandler                            ./startup/startup_lpc55s69_cm33_core0.o
GINT1_IRQHandler                                  ./startup/startup_lpc55s69_cm33_core0.o
GPIO_PinInit                                      ./drivers/fsl_gpio.o
GPIO_PortInit                                     ./drivers/fsl_gpio.o
HAL_UartDeinit                                    ./component/uart/usart_adapter.o
                                                  ./component/serial_manager/serial_port_uart.o
HAL_UartInit                                      ./component/uart/usart_adapter.o
                                                  ./component/serial_manager/serial_port_uart.o
HAL_UartReceiveBlocking                           ./component/uart/usart_adapter.o
                                                  ./component/serial_manager/serial_port_uart.o
HAL_UartSendBlocking                              ./component/uart/usart_adapter.o
                                                  ./component/serial_manager/serial_port_uart.o
HASHCRYPT_DriverIRQHandler                        ./startup/startup_lpc55s69_cm33_core0.o
HASHCRYPT_IRQHandler                              ./startup/startup_lpc55s69_cm33_core0.o
HardFault_Handler                                 ./startup/startup_lpc55s69_cm33_core0.o
IntDefaultHandler                                 ./startup/startup_lpc55s69_cm33_core0.o
LIST_AddHead                                      ./component/lists/generic_list.o
LIST_AddPrevElement                               ./component/lists/generic_list.o
LIST_AddTail                                      ./component/lists/generic_list.o
LIST_GetAvailableSize                             ./component/lists/generic_list.o
LIST_GetHead                                      ./component/lists/generic_list.o
LIST_GetList                                      ./component/lists/generic_list.o
LIST_GetNext                                      ./component/lists/generic_list.o
LIST_GetPrev                                      ./component/lists/generic_list.o
LIST_GetSize                                      ./component/lists/generic_list.o
LIST_Init                                         ./component/lists/generic_list.o
LIST_RemoveElement                                ./component/lists/generic_list.o
LIST_RemoveHead                                   ./component/lists/generic_list.o
MAILBOX_DriverIRQHandler                          ./startup/startup_lpc55s69_cm33_core0.o
MAILBOX_IRQHandler                                ./startup/startup_lpc55s69_cm33_core0.o
MRT0_DriverIRQHandler                             ./startup/startup_lpc55s69_cm33_core0.o
MRT0_IRQHandler                                   ./startup/startup_lpc55s69_cm33_core0.o
MemManage_Handler                                 ./startup/startup_lpc55s69_cm33_core0.o
NMI_Handler                                       ./startup/startup_lpc55s69_cm33_core0.o
OS_EVENT_DriverIRQHandler                         ./startup/startup_lpc55s69_cm33_core0.o
OS_EVENT_IRQHandler                               ./startup/startup_lpc55s69_cm33_core0.o
PIN_INT0_DriverIRQHandler                         ./startup/startup_lpc55s69_cm33_core0.o
PIN_INT0_IRQHandler                               ./startup/startup_lpc55s69_cm33_core0.o
PIN_INT1_DriverIRQHandler                         ./startup/startup_lpc55s69_cm33_core0.o
PIN_INT1_IRQHandler                               ./startup/startup_lpc55s69_cm33_core0.o
PIN_INT2_DriverIRQHandler                         ./startup/startup_lpc55s69_cm33_core0.o
PIN_INT2_IRQHandler                               ./startup/startup_lpc55s69_cm33_core0.o
PIN_INT3_DriverIRQHandler                         ./startup/startup_lpc55s69_cm33_core0.o
PIN_INT3_IRQHandler                               ./startup/startup_lpc55s69_cm33_core0.o
PIN_INT4_DriverIRQHandler                         ./startup/startup_lpc55s69_cm33_core0.o
PIN_INT4_IRQHandler                               ./startup/startup_lpc55s69_cm33_core0.o
PIN_INT5_DriverIRQHandler                         ./startup/startup_lpc55s69_cm33_core0.o
PIN_INT5_IRQHandler                               ./startup/startup_lpc55s69_cm33_core0.o
PIN_INT6_DriverIRQHandler                         ./startup/startup_lpc55s69_cm33_core0.o
PIN_INT6_IRQHandler                               ./startup/startup_lpc55s69_cm33_core0.o
PIN_INT7_DriverIRQHandler                         ./startup/startup_lpc55s69_cm33_core0.o
PIN_INT7_IRQHandler                               ./startup/startup_lpc55s69_cm33_core0.o
PLU_DriverIRQHandler                              ./startup/startup_lpc55s69_cm33_core0.o
PLU_IRQHandler                                    ./startup/startup_lpc55s69_cm33_core0.o
POWER_CycleCpuAndFlash                            C:\Temp\MPC-MKS\lpcxpresso55s69_hello_world_ns\libs\libpower_hardabi.a(fsl_power_lib.o)
POWER_EnterDeepPowerDown                          C:\Temp\MPC-MKS\lpcxpresso55s69_hello_world_ns\libs\libpower_hardabi.a(fsl_power_lib.o)
POWER_EnterDeepSleep                              C:\Temp\MPC-MKS\lpcxpresso55s69_hello_world_ns\libs\libpower_hardabi.a(fsl_power_lib.o)
POWER_EnterLowPower                               C:\Temp\MPC-MKS\lpcxpresso55s69_hello_world_ns\libs\libpower_hardabi.a(fsl_power_lib.o)
POWER_EnterPowerDown                              C:\Temp\MPC-MKS\lpcxpresso55s69_hello_world_ns\libs\libpower_hardabi.a(fsl_power_lib.o)
POWER_EnterSleep                                  C:\Temp\MPC-MKS\lpcxpresso55s69_hello_world_ns\libs\libpower_hardabi.a(fsl_power_lib.o)
POWER_GetLibVersion                               C:\Temp\MPC-MKS\lpcxpresso55s69_hello_world_ns\libs\libpower_hardabi.a(fsl_power_lib.o)
POWER_SetVoltageForFreq                           C:\Temp\MPC-MKS\lpcxpresso55s69_hello_world_ns\libs\libpower_hardabi.a(fsl_power_lib.o)
                                                  ./board/clock_config.o
                                                  ./drivers/fsl_clock.o
POWER_SetXtal16mhzLdo                             C:\Temp\MPC-MKS\lpcxpresso55s69_hello_world_ns\libs\libpower_hardabi.a(fsl_power_lib.o)
POWER_SetXtal16mhzTrim                            C:\Temp\MPC-MKS\lpcxpresso55s69_hello_world_ns\libs\libpower_hardabi.a(fsl_power_lib.o)
POWER_Xtal16mhzCapabankTrim                       C:\Temp\MPC-MKS\lpcxpresso55s69_hello_world_ns\libs\libpower_hardabi.a(fsl_power_lib.o)
POWER_Xtal32khzCapabankTrim                       C:\Temp\MPC-MKS\lpcxpresso55s69_hello_world_ns\libs\libpower_hardabi.a(fsl_power_lib.o)
PQ_DriverIRQHandler                               ./startup/startup_lpc55s69_cm33_core0.o
PQ_IRQHandler                                     ./startup/startup_lpc55s69_cm33_core0.o
PUF_DriverIRQHandler                              ./startup/startup_lpc55s69_cm33_core0.o
PUF_IRQHandler                                    ./startup/startup_lpc55s69_cm33_core0.o
PendSV_Handler                                    ./startup/startup_lpc55s69_cm33_core0.o
RESET_ClearPeripheralReset                        ./drivers/fsl_reset.o
                                                  ./board/board.o
RESET_PeripheralReset                             ./drivers/fsl_reset.o
                                                  ./drivers/fsl_gpio.o
                                                  ./drivers/fsl_flexcomm.o
RESET_SetPeripheralReset                          ./drivers/fsl_reset.o
RTC_DriverIRQHandler                              ./startup/startup_lpc55s69_cm33_core0.o
RTC_IRQHandler                                    ./startup/startup_lpc55s69_cm33_core0.o
Reserved39_DriverIRQHandler                       ./startup/startup_lpc55s69_cm33_core0.o
Reserved39_IRQHandler                             ./startup/startup_lpc55s69_cm33_core0.o
Reserved41_DriverIRQHandler                       ./startup/startup_lpc55s69_cm33_core0.o
Reserved41_IRQHandler                             ./startup/startup_lpc55s69_cm33_core0.o
Reserved42_DriverIRQHandler                       ./startup/startup_lpc55s69_cm33_core0.o
Reserved42_IRQHandler                             ./startup/startup_lpc55s69_cm33_core0.o
Reserved46_DriverIRQHandler                       ./startup/startup_lpc55s69_cm33_core0.o
Reserved46_IRQHandler                             ./startup/startup_lpc55s69_cm33_core0.o
Reserved55_DriverIRQHandler                       ./startup/startup_lpc55s69_cm33_core0.o
Reserved55_IRQHandler                             ./startup/startup_lpc55s69_cm33_core0.o
Reserved56_DriverIRQHandler                       ./startup/startup_lpc55s69_cm33_core0.o
Reserved56_IRQHandler                             ./startup/startup_lpc55s69_cm33_core0.o
Reserved57_DriverIRQHandler                       ./startup/startup_lpc55s69_cm33_core0.o
Reserved57_IRQHandler                             ./startup/startup_lpc55s69_cm33_core0.o
Reserved59_DriverIRQHandler                       ./startup/startup_lpc55s69_cm33_core0.o
Reserved59_IRQHandler                             ./startup/startup_lpc55s69_cm33_core0.o
Reserved60_DriverIRQHandler                       ./startup/startup_lpc55s69_cm33_core0.o
Reserved60_IRQHandler                             ./startup/startup_lpc55s69_cm33_core0.o
Reserved61_DriverIRQHandler                       ./startup/startup_lpc55s69_cm33_core0.o
Reserved61_IRQHandler                             ./startup/startup_lpc55s69_cm33_core0.o
ResetISR                                          ./startup/startup_lpc55s69_cm33_core0.o
SCT0_DriverIRQHandler                             ./startup/startup_lpc55s69_cm33_core0.o
SCT0_IRQHandler                                   ./startup/startup_lpc55s69_cm33_core0.o
SDIO_DriverIRQHandler                             ./startup/startup_lpc55s69_cm33_core0.o
SDIO_IRQHandler                                   ./startup/startup_lpc55s69_cm33_core0.o
SDK_DelayAtLeastUs                                ./drivers/fsl_clock.o
SDK_Free                                          ./drivers/fsl_common.o
SDK_Malloc                                        ./drivers/fsl_common.o
SEC_GPIO_INT0_IRQ0_DriverIRQHandler               ./startup/startup_lpc55s69_cm33_core0.o
SEC_GPIO_INT0_IRQ0_IRQHandler                     ./startup/startup_lpc55s69_cm33_core0.o
SEC_GPIO_INT0_IRQ1_DriverIRQHandler               ./startup/startup_lpc55s69_cm33_core0.o
SEC_GPIO_INT0_IRQ1_IRQHandler                     ./startup/startup_lpc55s69_cm33_core0.o
SEC_HYPERVISOR_CALL_DriverIRQHandler              ./startup/startup_lpc55s69_cm33_core0.o
SEC_HYPERVISOR_CALL_IRQHandler                    ./startup/startup_lpc55s69_cm33_core0.o
SEC_VIO_DriverIRQHandler                          ./startup/startup_lpc55s69_cm33_core0.o
SEC_VIO_IRQHandler                                ./startup/startup_lpc55s69_cm33_core0.o
SVC_Handler                                       ./startup/startup_lpc55s69_cm33_core0.o
SerialManager_CloseReadHandle                     ./component/serial_manager/serial_manager.o
                                                  ./utilities/fsl_debug_console.o
SerialManager_CloseWriteHandle                    ./component/serial_manager/serial_manager.o
                                                  ./utilities/fsl_debug_console.o
SerialManager_Deinit                              ./component/serial_manager/serial_manager.o
SerialManager_EnterLowpower                       ./component/serial_manager/serial_manager.o
SerialManager_ExitLowpower                        ./component/serial_manager/serial_manager.o
SerialManager_Init                                ./component/serial_manager/serial_manager.o
                                                  ./utilities/fsl_debug_console.o
SerialManager_OpenReadHandle                      ./component/serial_manager/serial_manager.o
                                                  ./utilities/fsl_debug_console.o
SerialManager_OpenWriteHandle                     ./component/serial_manager/serial_manager.o
                                                  ./utilities/fsl_debug_console.o
SerialManager_ReadBlocking                        ./component/serial_manager/serial_manager.o
                                                  ./utilities/fsl_debug_console.o
SerialManager_WriteBlocking                       ./component/serial_manager/serial_manager.o
                                                  ./utilities/fsl_debug_console.o
Serial_UartDeinit                                 ./component/serial_manager/serial_port_uart.o
                                                  ./component/serial_manager/serial_manager.o
Serial_UartInit                                   ./component/serial_manager/serial_port_uart.o
                                                  ./component/serial_manager/serial_manager.o
Serial_UartRead                                   ./component/serial_manager/serial_port_uart.o
                                                  ./component/serial_manager/serial_manager.o
Serial_UartWrite                                  ./component/serial_manager/serial_port_uart.o
                                                  ./component/serial_manager/serial_manager.o
StrFormatPrintf                                   ./utilities/fsl_str.o
                                                  ./utilities/fsl_debug_console.o
StrFormatScanf                                    ./utilities/fsl_str.o
                                                  ./utilities/fsl_debug_console.o
StringCompare_NSE                                 C:/Temp/MPC-MKS/lpcxpresso55s69_hello_world_s/Debug/lpcxpresso55s69_hello_world_s_CMSE_lib.o
                                                  ./source/hello_world_ns.o
SysTick_Handler                                   ./startup/startup_lpc55s69_cm33_core0.o
SystemCoreClock                                   ./device/system_LPC55S69_cm33_core0.o
                                                  ./board/clock_config.o
SystemCoreClockUpdate                             ./device/system_LPC55S69_cm33_core0.o
SystemInit                                        ./source/hello_world_ns.o
                                                  ./startup/startup_lpc55s69_cm33_core0.o
SystemInitHook                                    ./device/system_LPC55S69_cm33_core0.o
USART_Deinit                                      ./drivers/fsl_usart.o
                                                  ./component/uart/usart_adapter.o
USART_GetDefaultConfig                            ./drivers/fsl_usart.o
                                                  ./component/uart/usart_adapter.o
USART_GetInstance                                 ./drivers/fsl_usart.o
USART_Init                                        ./drivers/fsl_usart.o
                                                  ./component/uart/usart_adapter.o
USART_ReadBlocking                                ./drivers/fsl_usart.o
                                                  ./component/uart/usart_adapter.o
USART_SetBaudRate                                 ./drivers/fsl_usart.o
USART_TransferAbortReceive                        ./drivers/fsl_usart.o
USART_TransferAbortSend                           ./drivers/fsl_usart.o
USART_TransferCreateHandle                        ./drivers/fsl_usart.o
USART_TransferGetReceiveCount                     ./drivers/fsl_usart.o
USART_TransferGetRxRingBufferLength               ./drivers/fsl_usart.o
USART_TransferGetSendCount                        ./drivers/fsl_usart.o
USART_TransferHandleIRQ                           ./drivers/fsl_usart.o
USART_TransferReceiveNonBlocking                  ./drivers/fsl_usart.o
USART_TransferSendNonBlocking                     ./drivers/fsl_usart.o
USART_TransferStartRingBuffer                     ./drivers/fsl_usart.o
USART_TransferStopRingBuffer                      ./drivers/fsl_usart.o
USART_WriteBlocking                               ./drivers/fsl_usart.o
                                                  ./component/uart/usart_adapter.o
USB0_DriverIRQHandler                             ./startup/startup_lpc55s69_cm33_core0.o
USB0_IRQHandler                                   ./startup/startup_lpc55s69_cm33_core0.o
USB0_NEEDCLK_DriverIRQHandler                     ./startup/startup_lpc55s69_cm33_core0.o
USB0_NEEDCLK_IRQHandler                           ./startup/startup_lpc55s69_cm33_core0.o
USB1_DriverIRQHandler                             ./startup/startup_lpc55s69_cm33_core0.o
USB1_IRQHandler                                   ./startup/startup_lpc55s69_cm33_core0.o
USB1_NEEDCLK_DriverIRQHandler                     ./startup/startup_lpc55s69_cm33_core0.o
USB1_NEEDCLK_IRQHandler                           ./startup/startup_lpc55s69_cm33_core0.o
USB1_UTMI_DriverIRQHandler                        ./startup/startup_lpc55s69_cm33_core0.o
USB1_UTMI_IRQHandler                              ./startup/startup_lpc55s69_cm33_core0.o
UTICK0_DriverIRQHandler                           ./startup/startup_lpc55s69_cm33_core0.o
UTICK0_IRQHandler                                 ./startup/startup_lpc55s69_cm33_core0.o
UsageFault_Handler                                ./startup/startup_lpc55s69_cm33_core0.o
WDT_BOD_DriverIRQHandler                          ./startup/startup_lpc55s69_cm33_core0.o
WDT_BOD_IRQHandler                                ./startup/startup_lpc55s69_cm33_core0.o
__Vectors                                         ./startup/startup_lpc55s69_cm33_core0.o
__adddf3                                          c:/appz/nxp/mcuxpressoide_11.6.0_8187/ide/plugins/com.nxp.mcuxpresso.tools.win32_11.6.0.202112161359/tools/bin/../lib/gcc/arm-none-eabi/10.3.1/thumb/v8-m.main+fp/hard\libgcc.a(_arm_addsubdf3.o)
__aeabi_d2f                                       c:/appz/nxp/mcuxpressoide_11.6.0_8187/ide/plugins/com.nxp.mcuxpresso.tools.win32_11.6.0.202112161359/tools/bin/../lib/gcc/arm-none-eabi/10.3.1/thumb/v8-m.main+fp/hard\libgcc.a(_arm_truncdfsf2.o)
                                                  ./drivers/fsl_clock.o
__aeabi_dadd                                      c:/appz/nxp/mcuxpressoide_11.6.0_8187/ide/plugins/com.nxp.mcuxpresso.tools.win32_11.6.0.202112161359/tools/bin/../lib/gcc/arm-none-eabi/10.3.1/thumb/v8-m.main+fp/hard\libgcc.a(_arm_addsubdf3.o)
__aeabi_dmul                                      c:/appz/nxp/mcuxpressoide_11.6.0_8187/ide/plugins/com.nxp.mcuxpresso.tools.win32_11.6.0.202112161359/tools/bin/../lib/gcc/arm-none-eabi/10.3.1/thumb/v8-m.main+fp/hard\libgcc.a(_arm_muldf3.o)
                                                  ./drivers/fsl_clock.o
__aeabi_drsub                                     c:/appz/nxp/mcuxpressoide_11.6.0_8187/ide/plugins/com.nxp.mcuxpresso.tools.win32_11.6.0.202112161359/tools/bin/../lib/gcc/arm-none-eabi/10.3.1/thumb/v8-m.main+fp/hard\libgcc.a(_arm_addsubdf3.o)
__aeabi_dsub                                      c:/appz/nxp/mcuxpressoide_11.6.0_8187/ide/plugins/com.nxp.mcuxpresso.tools.win32_11.6.0.202112161359/tools/bin/../lib/gcc/arm-none-eabi/10.3.1/thumb/v8-m.main+fp/hard\libgcc.a(_arm_addsubdf3.o)
__aeabi_f2d                                       c:/appz/nxp/mcuxpressoide_11.6.0_8187/ide/plugins/com.nxp.mcuxpresso.tools.win32_11.6.0.202112161359/tools/bin/../lib/gcc/arm-none-eabi/10.3.1/thumb/v8-m.main+fp/hard\libgcc.a(_arm_addsubdf3.o)
                                                  ./drivers/fsl_clock.o
__aeabi_i2d                                       c:/appz/nxp/mcuxpressoide_11.6.0_8187/ide/plugins/com.nxp.mcuxpresso.tools.win32_11.6.0.202112161359/tools/bin/../lib/gcc/arm-none-eabi/10.3.1/thumb/v8-m.main+fp/hard\libgcc.a(_arm_addsubdf3.o)
__aeabi_idiv0                                     c:/appz/nxp/mcuxpressoide_11.6.0_8187/ide/plugins/com.nxp.mcuxpresso.tools.win32_11.6.0.202112161359/tools/bin/../lib/gcc/arm-none-eabi/10.3.1/thumb/v8-m.main+fp/hard\libgcc.a(_dvmd_tls.o)
__aeabi_l2d                                       c:/appz/nxp/mcuxpressoide_11.6.0_8187/ide/plugins/com.nxp.mcuxpresso.tools.win32_11.6.0.202112161359/tools/bin/../lib/gcc/arm-none-eabi/10.3.1/thumb/v8-m.main+fp/hard\libgcc.a(_arm_addsubdf3.o)
__aeabi_ldiv0                                     c:/appz/nxp/mcuxpressoide_11.6.0_8187/ide/plugins/com.nxp.mcuxpresso.tools.win32_11.6.0.202112161359/tools/bin/../lib/gcc/arm-none-eabi/10.3.1/thumb/v8-m.main+fp/hard\libgcc.a(_dvmd_tls.o)
                                                  c:/appz/nxp/mcuxpressoide_11.6.0_8187/ide/plugins/com.nxp.mcuxpresso.tools.win32_11.6.0.202112161359/tools/bin/../lib/gcc/arm-none-eabi/10.3.1/thumb/v8-m.main+fp/hard\libgcc.a(_aeabi_uldivmod.o)
__aeabi_ui2d                                      c:/appz/nxp/mcuxpressoide_11.6.0_8187/ide/plugins/com.nxp.mcuxpresso.tools.win32_11.6.0.202112161359/tools/bin/../lib/gcc/arm-none-eabi/10.3.1/thumb/v8-m.main+fp/hard\libgcc.a(_arm_addsubdf3.o)
__aeabi_ul2d                                      c:/appz/nxp/mcuxpressoide_11.6.0_8187/ide/plugins/com.nxp.mcuxpresso.tools.win32_11.6.0.202112161359/tools/bin/../lib/gcc/arm-none-eabi/10.3.1/thumb/v8-m.main+fp/hard\libgcc.a(_arm_addsubdf3.o)
__aeabi_uldivmod                                  c:/appz/nxp/mcuxpressoide_11.6.0_8187/ide/plugins/com.nxp.mcuxpresso.tools.win32_11.6.0.202112161359/tools/bin/../lib/gcc/arm-none-eabi/10.3.1/thumb/v8-m.main+fp/hard\libgcc.a(_aeabi_uldivmod.o)
                                                  ./device/system_LPC55S69_cm33_core0.o
                                                  ./drivers/fsl_clock.o
__assert_func                                     ./utilities/fsl_assert.o
                                                  ./component/serial_manager/serial_port_uart.o
                                                  ./component/serial_manager/serial_manager.o
                                                  ./component/uart/usart_adapter.o
                                                  ./drivers/fsl_usart.o
                                                  ./drivers/fsl_reset.o
                                                  ./drivers/fsl_gpio.o
                                                  ./drivers/fsl_flexcomm.o
                                                  ./drivers/fsl_clock.o
                                                  ./utilities/fsl_debug_console.o
__bss_section_table_end                           ./startup/startup_lpc55s69_cm33_core0.o
__check_heap_overflow                             c:/appz/nxp/mcuxpressoide_11.6.0_8187/ide/plugins/com.nxp.mcuxpresso.tools.win32_11.6.0.202112161359/tools/bin/../lib/gcc/arm-none-eabi/10.3.1/../../../../arm-none-eabi/lib/thumb/v8-m.main+fp/hard\libcr_newlib_nohost.a(_cr_check_heap.o)
                                                  c:/appz/nxp/mcuxpressoide_11.6.0_8187/ide/plugins/com.nxp.mcuxpresso.tools.win32_11.6.0.202112161359/tools/bin/../lib/gcc/arm-none-eabi/10.3.1/../../../../arm-none-eabi/lib/thumb/v8-m.main+fp/hard\libcr_newlib_nohost.a(_cr_sbrk.o)
__data_section_table                              ./startup/startup_lpc55s69_cm33_core0.o
__data_section_table_end                          ./startup/startup_lpc55s69_cm33_core0.o
__end_of_heap                                     c:/appz/nxp/mcuxpressoide_11.6.0_8187/ide/plugins/com.nxp.mcuxpresso.tools.win32_11.6.0.202112161359/tools/bin/../lib/gcc/arm-none-eabi/10.3.1/../../../../arm-none-eabi/lib/thumb/v8-m.main+fp/hard\libcr_newlib_nohost.a(_cr_sbrk.o)
__errno                                           c:/appz/nxp/mcuxpressoide_11.6.0_8187/ide/plugins/com.nxp.mcuxpresso.tools.win32_11.6.0.202112161359/tools/bin/../lib/gcc/arm-none-eabi/10.3.1/../../../../arm-none-eabi/lib/thumb/v8-m.main+fp/hard\libc_nano.a(lib_a-errno.o)
                                                  c:/appz/nxp/mcuxpressoide_11.6.0_8187/ide/plugins/com.nxp.mcuxpresso.tools.win32_11.6.0.202112161359/tools/bin/../lib/gcc/arm-none-eabi/10.3.1/../../../../arm-none-eabi/lib/thumb/v8-m.main+fp/hard\libcr_newlib_nohost.a(_cr_sbrk.o)
__extendsfdf2                                     c:/appz/nxp/mcuxpressoide_11.6.0_8187/ide/plugins/com.nxp.mcuxpresso.tools.win32_11.6.0.202112161359/tools/bin/../lib/gcc/arm-none-eabi/10.3.1/thumb/v8-m.main+fp/hard\libgcc.a(_arm_addsubdf3.o)
__floatdidf                                       c:/appz/nxp/mcuxpressoide_11.6.0_8187/ide/plugins/com.nxp.mcuxpresso.tools.win32_11.6.0.202112161359/tools/bin/../lib/gcc/arm-none-eabi/10.3.1/thumb/v8-m.main+fp/hard\libgcc.a(_arm_addsubdf3.o)
__floatsidf                                       c:/appz/nxp/mcuxpressoide_11.6.0_8187/ide/plugins/com.nxp.mcuxpresso.tools.win32_11.6.0.202112161359/tools/bin/../lib/gcc/arm-none-eabi/10.3.1/thumb/v8-m.main+fp/hard\libgcc.a(_arm_addsubdf3.o)
__floatundidf                                     c:/appz/nxp/mcuxpressoide_11.6.0_8187/ide/plugins/com.nxp.mcuxpresso.tools.win32_11.6.0.202112161359/tools/bin/../lib/gcc/arm-none-eabi/10.3.1/thumb/v8-m.main+fp/hard\libgcc.a(_arm_addsubdf3.o)
__floatunsidf                                     c:/appz/nxp/mcuxpressoide_11.6.0_8187/ide/plugins/com.nxp.mcuxpresso.tools.win32_11.6.0.202112161359/tools/bin/../lib/gcc/arm-none-eabi/10.3.1/thumb/v8-m.main+fp/hard\libgcc.a(_arm_addsubdf3.o)
__lock___arc4random_mutex                         c:/appz/nxp/mcuxpressoide_11.6.0_8187/ide/plugins/com.nxp.mcuxpresso.tools.win32_11.6.0.202112161359/tools/bin/../lib/gcc/arm-none-eabi/10.3.1/../../../../arm-none-eabi/lib/thumb/v8-m.main+fp/hard\libc_nano.a(lib_a-lock.o)
__lock___at_quick_exit_mutex                      c:/appz/nxp/mcuxpressoide_11.6.0_8187/ide/plugins/com.nxp.mcuxpresso.tools.win32_11.6.0.202112161359/tools/bin/../lib/gcc/arm-none-eabi/10.3.1/../../../../arm-none-eabi/lib/thumb/v8-m.main+fp/hard\libc_nano.a(lib_a-lock.o)
__lock___atexit_recursive_mutex                   c:/appz/nxp/mcuxpressoide_11.6.0_8187/ide/plugins/com.nxp.mcuxpresso.tools.win32_11.6.0.202112161359/tools/bin/../lib/gcc/arm-none-eabi/10.3.1/../../../../arm-none-eabi/lib/thumb/v8-m.main+fp/hard\libc_nano.a(lib_a-lock.o)
__lock___dd_hash_mutex                            c:/appz/nxp/mcuxpressoide_11.6.0_8187/ide/plugins/com.nxp.mcuxpresso.tools.win32_11.6.0.202112161359/tools/bin/../lib/gcc/arm-none-eabi/10.3.1/../../../../arm-none-eabi/lib/thumb/v8-m.main+fp/hard\libc_nano.a(lib_a-lock.o)
__lock___env_recursive_mutex                      c:/appz/nxp/mcuxpressoide_11.6.0_8187/ide/plugins/com.nxp.mcuxpresso.tools.win32_11.6.0.202112161359/tools/bin/../lib/gcc/arm-none-eabi/10.3.1/../../../../arm-none-eabi/lib/thumb/v8-m.main+fp/hard\libc_nano.a(lib_a-lock.o)
__lock___malloc_recursive_mutex                   c:/appz/nxp/mcuxpressoide_11.6.0_8187/ide/plugins/com.nxp.mcuxpresso.tools.win32_11.6.0.202112161359/tools/bin/../lib/gcc/arm-none-eabi/10.3.1/../../../../arm-none-eabi/lib/thumb/v8-m.main+fp/hard\libc_nano.a(lib_a-lock.o)
                                                  c:/appz/nxp/mcuxpressoide_11.6.0_8187/ide/plugins/com.nxp.mcuxpresso.tools.win32_11.6.0.202112161359/tools/bin/../lib/gcc/arm-none-eabi/10.3.1/../../../../arm-none-eabi/lib/thumb/v8-m.main+fp/hard\libc_nano.a(lib_a-mlock.o)
__lock___sfp_recursive_mutex                      c:/appz/nxp/mcuxpressoide_11.6.0_8187/ide/plugins/com.nxp.mcuxpresso.tools.win32_11.6.0.202112161359/tools/bin/../lib/gcc/arm-none-eabi/10.3.1/../../../../arm-none-eabi/lib/thumb/v8-m.main+fp/hard\libc_nano.a(lib_a-lock.o)
__lock___sinit_recursive_mutex                    c:/appz/nxp/mcuxpressoide_11.6.0_8187/ide/plugins/com.nxp.mcuxpresso.tools.win32_11.6.0.202112161359/tools/bin/../lib/gcc/arm-none-eabi/10.3.1/../../../../arm-none-eabi/lib/thumb/v8-m.main+fp/hard\libc_nano.a(lib_a-lock.o)
__lock___tz_mutex                                 c:/appz/nxp/mcuxpressoide_11.6.0_8187/ide/plugins/com.nxp.mcuxpresso.tools.win32_11.6.0.202112161359/tools/bin/../lib/gcc/arm-none-eabi/10.3.1/../../../../arm-none-eabi/lib/thumb/v8-m.main+fp/hard\libc_nano.a(lib_a-lock.o)
__malloc_free_list                                c:/appz/nxp/mcuxpressoide_11.6.0_8187/ide/plugins/com.nxp.mcuxpresso.tools.win32_11.6.0.202112161359/tools/bin/../lib/gcc/arm-none-eabi/10.3.1/../../../../arm-none-eabi/lib/thumb/v8-m.main+fp/hard\libc_nano.a(lib_a-nano-mallocr.o)
                                                  c:/appz/nxp/mcuxpressoide_11.6.0_8187/ide/plugins/com.nxp.mcuxpresso.tools.win32_11.6.0.202112161359/tools/bin/../lib/gcc/arm-none-eabi/10.3.1/../../../../arm-none-eabi/lib/thumb/v8-m.main+fp/hard\libc_nano.a(lib_a-nano-freer.o)
__malloc_lock                                     c:/appz/nxp/mcuxpressoide_11.6.0_8187/ide/plugins/com.nxp.mcuxpresso.tools.win32_11.6.0.202112161359/tools/bin/../lib/gcc/arm-none-eabi/10.3.1/../../../../arm-none-eabi/lib/thumb/v8-m.main+fp/hard\libc_nano.a(lib_a-mlock.o)
                                                  c:/appz/nxp/mcuxpressoide_11.6.0_8187/ide/plugins/com.nxp.mcuxpresso.tools.win32_11.6.0.202112161359/tools/bin/../lib/gcc/arm-none-eabi/10.3.1/../../../../arm-none-eabi/lib/thumb/v8-m.main+fp/hard\libc_nano.a(lib_a-nano-mallocr.o)
                                                  c:/appz/nxp/mcuxpressoide_11.6.0_8187/ide/plugins/com.nxp.mcuxpresso.tools.win32_11.6.0.202112161359/tools/bin/../lib/gcc/arm-none-eabi/10.3.1/../../../../arm-none-eabi/lib/thumb/v8-m.main+fp/hard\libc_nano.a(lib_a-nano-freer.o)
__malloc_sbrk_start                               c:/appz/nxp/mcuxpressoide_11.6.0_8187/ide/plugins/com.nxp.mcuxpresso.tools.win32_11.6.0.202112161359/tools/bin/../lib/gcc/arm-none-eabi/10.3.1/../../../../arm-none-eabi/lib/thumb/v8-m.main+fp/hard\libc_nano.a(lib_a-nano-mallocr.o)
__malloc_unlock                                   c:/appz/nxp/mcuxpressoide_11.6.0_8187/ide/plugins/com.nxp.mcuxpresso.tools.win32_11.6.0.202112161359/tools/bin/../lib/gcc/arm-none-eabi/10.3.1/../../../../arm-none-eabi/lib/thumb/v8-m.main+fp/hard\libc_nano.a(lib_a-mlock.o)
                                                  c:/appz/nxp/mcuxpressoide_11.6.0_8187/ide/plugins/com.nxp.mcuxpresso.tools.win32_11.6.0.202112161359/tools/bin/../lib/gcc/arm-none-eabi/10.3.1/../../../../arm-none-eabi/lib/thumb/v8-m.main+fp/hard\libc_nano.a(lib_a-nano-mallocr.o)
                                                  c:/appz/nxp/mcuxpressoide_11.6.0_8187/ide/plugins/com.nxp.mcuxpresso.tools.win32_11.6.0.202112161359/tools/bin/../lib/gcc/arm-none-eabi/10.3.1/../../../../arm-none-eabi/lib/thumb/v8-m.main+fp/hard\libc_nano.a(lib_a-nano-freer.o)
__muldf3                                          c:/appz/nxp/mcuxpressoide_11.6.0_8187/ide/plugins/com.nxp.mcuxpresso.tools.win32_11.6.0.202112161359/tools/bin/../lib/gcc/arm-none-eabi/10.3.1/thumb/v8-m.main+fp/hard\libgcc.a(_arm_muldf3.o)
__retarget_lock_acquire                           c:/appz/nxp/mcuxpressoide_11.6.0_8187/ide/plugins/com.nxp.mcuxpresso.tools.win32_11.6.0.202112161359/tools/bin/../lib/gcc/arm-none-eabi/10.3.1/../../../../arm-none-eabi/lib/thumb/v8-m.main+fp/hard\libc_nano.a(lib_a-lock.o)
__retarget_lock_acquire_recursive                 c:/appz/nxp/mcuxpressoide_11.6.0_8187/ide/plugins/com.nxp.mcuxpresso.tools.win32_11.6.0.202112161359/tools/bin/../lib/gcc/arm-none-eabi/10.3.1/../../../../arm-none-eabi/lib/thumb/v8-m.main+fp/hard\libc_nano.a(lib_a-lock.o)
                                                  c:/appz/nxp/mcuxpressoide_11.6.0_8187/ide/plugins/com.nxp.mcuxpresso.tools.win32_11.6.0.202112161359/tools/bin/../lib/gcc/arm-none-eabi/10.3.1/../../../../arm-none-eabi/lib/thumb/v8-m.main+fp/hard\libc_nano.a(lib_a-mlock.o)
__retarget_lock_close                             c:/appz/nxp/mcuxpressoide_11.6.0_8187/ide/plugins/com.nxp.mcuxpresso.tools.win32_11.6.0.202112161359/tools/bin/../lib/gcc/arm-none-eabi/10.3.1/../../../../arm-none-eabi/lib/thumb/v8-m.main+fp/hard\libc_nano.a(lib_a-lock.o)
__retarget_lock_close_recursive                   c:/appz/nxp/mcuxpressoide_11.6.0_8187/ide/plugins/com.nxp.mcuxpresso.tools.win32_11.6.0.202112161359/tools/bin/../lib/gcc/arm-none-eabi/10.3.1/../../../../arm-none-eabi/lib/thumb/v8-m.main+fp/hard\libc_nano.a(lib_a-lock.o)
__retarget_lock_init                              c:/appz/nxp/mcuxpressoide_11.6.0_8187/ide/plugins/com.nxp.mcuxpresso.tools.win32_11.6.0.202112161359/tools/bin/../lib/gcc/arm-none-eabi/10.3.1/../../../../arm-none-eabi/lib/thumb/v8-m.main+fp/hard\libc_nano.a(lib_a-lock.o)
__retarget_lock_init_recursive                    c:/appz/nxp/mcuxpressoide_11.6.0_8187/ide/plugins/com.nxp.mcuxpresso.tools.win32_11.6.0.202112161359/tools/bin/../lib/gcc/arm-none-eabi/10.3.1/../../../../arm-none-eabi/lib/thumb/v8-m.main+fp/hard\libc_nano.a(lib_a-lock.o)
__retarget_lock_release                           c:/appz/nxp/mcuxpressoide_11.6.0_8187/ide/plugins/com.nxp.mcuxpresso.tools.win32_11.6.0.202112161359/tools/bin/../lib/gcc/arm-none-eabi/10.3.1/../../../../arm-none-eabi/lib/thumb/v8-m.main+fp/hard\libc_nano.a(lib_a-lock.o)
__retarget_lock_release_recursive                 c:/appz/nxp/mcuxpressoide_11.6.0_8187/ide/plugins/com.nxp.mcuxpresso.tools.win32_11.6.0.202112161359/tools/bin/../lib/gcc/arm-none-eabi/10.3.1/../../../../arm-none-eabi/lib/thumb/v8-m.main+fp/hard\libc_nano.a(lib_a-lock.o)
                                                  c:/appz/nxp/mcuxpressoide_11.6.0_8187/ide/plugins/com.nxp.mcuxpresso.tools.win32_11.6.0.202112161359/tools/bin/../lib/gcc/arm-none-eabi/10.3.1/../../../../arm-none-eabi/lib/thumb/v8-m.main+fp/hard\libc_nano.a(lib_a-mlock.o)
__retarget_lock_try_acquire                       c:/appz/nxp/mcuxpressoide_11.6.0_8187/ide/plugins/com.nxp.mcuxpresso.tools.win32_11.6.0.202112161359/tools/bin/../lib/gcc/arm-none-eabi/10.3.1/../../../../arm-none-eabi/lib/thumb/v8-m.main+fp/hard\libc_nano.a(lib_a-lock.o)
__retarget_lock_try_acquire_recursive             c:/appz/nxp/mcuxpressoide_11.6.0_8187/ide/plugins/com.nxp.mcuxpresso.tools.win32_11.6.0.202112161359/tools/bin/../lib/gcc/arm-none-eabi/10.3.1/../../../../arm-none-eabi/lib/thumb/v8-m.main+fp/hard\libc_nano.a(lib_a-lock.o)
__sf_fake_stderr                                  c:/appz/nxp/mcuxpressoide_11.6.0_8187/ide/plugins/com.nxp.mcuxpresso.tools.win32_11.6.0.202112161359/tools/bin/../lib/gcc/arm-none-eabi/10.3.1/../../../../arm-none-eabi/lib/thumb/v8-m.main+fp/hard\libc_nano.a(lib_a-impure.o)
__sf_fake_stdin                                   c:/appz/nxp/mcuxpressoide_11.6.0_8187/ide/plugins/com.nxp.mcuxpresso.tools.win32_11.6.0.202112161359/tools/bin/../lib/gcc/arm-none-eabi/10.3.1/../../../../arm-none-eabi/lib/thumb/v8-m.main+fp/hard\libc_nano.a(lib_a-impure.o)
__sf_fake_stdout                                  c:/appz/nxp/mcuxpressoide_11.6.0_8187/ide/plugins/com.nxp.mcuxpresso.tools.win32_11.6.0.202112161359/tools/bin/../lib/gcc/arm-none-eabi/10.3.1/../../../../arm-none-eabi/lib/thumb/v8-m.main+fp/hard\libc_nano.a(lib_a-impure.o)
__subdf3                                          c:/appz/nxp/mcuxpressoide_11.6.0_8187/ide/plugins/com.nxp.mcuxpresso.tools.win32_11.6.0.202112161359/tools/bin/../lib/gcc/arm-none-eabi/10.3.1/thumb/v8-m.main+fp/hard\libgcc.a(_arm_addsubdf3.o)
__truncdfsf2                                      c:/appz/nxp/mcuxpressoide_11.6.0_8187/ide/plugins/com.nxp.mcuxpresso.tools.win32_11.6.0.202112161359/tools/bin/../lib/gcc/arm-none-eabi/10.3.1/thumb/v8-m.main+fp/hard\libgcc.a(_arm_truncdfsf2.o)
__udivmoddi4                                      c:/appz/nxp/mcuxpressoide_11.6.0_8187/ide/plugins/com.nxp.mcuxpresso.tools.win32_11.6.0.202112161359/tools/bin/../lib/gcc/arm-none-eabi/10.3.1/thumb/v8-m.main+fp/hard\libgcc.a(_udivmoddi4.o)
                                                  c:/appz/nxp/mcuxpressoide_11.6.0_8187/ide/plugins/com.nxp.mcuxpresso.tools.win32_11.6.0.202112161359/tools/bin/../lib/gcc/arm-none-eabi/10.3.1/thumb/v8-m.main+fp/hard\libgcc.a(_aeabi_uldivmod.o)
__valid_user_code_checksum                        ./startup/startup_lpc55s69_cm33_core0.o
_free_r                                           c:/appz/nxp/mcuxpressoide_11.6.0_8187/ide/plugins/com.nxp.mcuxpresso.tools.win32_11.6.0.202112161359/tools/bin/../lib/gcc/arm-none-eabi/10.3.1/../../../../arm-none-eabi/lib/thumb/v8-m.main+fp/hard\libc_nano.a(lib_a-nano-freer.o)
                                                  c:/appz/nxp/mcuxpressoide_11.6.0_8187/ide/plugins/com.nxp.mcuxpresso.tools.win32_11.6.0.202112161359/tools/bin/../lib/gcc/arm-none-eabi/10.3.1/../../../../arm-none-eabi/lib/thumb/v8-m.main+fp/hard\libc_nano.a(lib_a-reent.o)
                                                  c:/appz/nxp/mcuxpressoide_11.6.0_8187/ide/plugins/com.nxp.mcuxpresso.tools.win32_11.6.0.202112161359/tools/bin/../lib/gcc/arm-none-eabi/10.3.1/../../../../arm-none-eabi/lib/thumb/v8-m.main+fp/hard\libc_nano.a(lib_a-malloc.o)
_global_impure_ptr                                c:/appz/nxp/mcuxpressoide_11.6.0_8187/ide/plugins/com.nxp.mcuxpresso.tools.win32_11.6.0.202112161359/tools/bin/../lib/gcc/arm-none-eabi/10.3.1/../../../../arm-none-eabi/lib/thumb/v8-m.main+fp/hard\libc_nano.a(lib_a-impure.o)
_impure_ptr                                       c:/appz/nxp/mcuxpressoide_11.6.0_8187/ide/plugins/com.nxp.mcuxpresso.tools.win32_11.6.0.202112161359/tools/bin/../lib/gcc/arm-none-eabi/10.3.1/../../../../arm-none-eabi/lib/thumb/v8-m.main+fp/hard\libc_nano.a(lib_a-impure.o)
                                                  c:/appz/nxp/mcuxpressoide_11.6.0_8187/ide/plugins/com.nxp.mcuxpresso.tools.win32_11.6.0.202112161359/tools/bin/../lib/gcc/arm-none-eabi/10.3.1/../../../../arm-none-eabi/lib/thumb/v8-m.main+fp/hard\libc_nano.a(lib_a-errno.o)