../startup/startup_lpc55s69_cm33_core0.c:330:6:data_init	4	static
../startup/startup_lpc55s69_cm33_core0.c:339:6:bss_init	0	static
../startup/startup_lpc55s69_cm33_core0.c:364:6:ResetISR	8	static
../startup/startup_lpc55s69_cm33_core0.c:443:14:NMI_Handler	0	static
../startup/startup_lpc55s69_cm33_core0.c:447:14:HardFault_Handler	0	static
../startup/startup_lpc55s69_cm33_core0.c:451:14:MemManage_Handler	0	static
../startup/startup_lpc55s69_cm33_core0.c:455:14:BusFault_Handler	0	static
../startup/startup_lpc55s69_cm33_core0.c:459:14:UsageFault_Handler	0	static
../startup/startup_lpc55s69_cm33_core0.c:463:14:SVC_Handler	0	static
../startup/startup_lpc55s69_cm33_core0.c:467:14:DebugMon_Handler	0	static
../startup/startup_lpc55s69_cm33_core0.c:471:14:PendSV_Handler	0	static
../startup/startup_lpc55s69_cm33_core0.c:475:14:SysTick_Handler	0	static
../startup/startup_lpc55s69_cm33_core0.c:483:14:IntDefaultHandler	0	static
../startup/startup_lpc55s69_cm33_core0.c:493:11:WDT_BOD_IRQHandler	8	static
../startup/startup_lpc55s69_cm33_core0.c:497:11:DMA0_IRQHandler	8	static
../startup/startup_lpc55s69_cm33_core0.c:501:11:GINT0_IRQHandler	8	static
../startup/startup_lpc55s69_cm33_core0.c:505:11:GINT1_IRQHandler	8	static
../startup/startup_lpc55s69_cm33_core0.c:509:11:PIN_INT0_IRQHandler	8	static
../startup/startup_lpc55s69_cm33_core0.c:513:11:PIN_INT1_IRQHandler	8	static
../startup/startup_lpc55s69_cm33_core0.c:517:11:PIN_INT2_IRQHandler	8	static
../startup/startup_lpc55s69_cm33_core0.c:521:11:PIN_INT3_IRQHandler	8	static
../startup/startup_lpc55s69_cm33_core0.c:525:11:UTICK0_IRQHandler	8	static
../startup/startup_lpc55s69_cm33_core0.c:529:11:MRT0_IRQHandler	8	static
../startup/startup_lpc55s69_cm33_core0.c:533:11:CTIMER0_IRQHandler	8	static
../startup/startup_lpc55s69_cm33_core0.c:537:11:CTIMER1_IRQHandler	8	static
../startup/startup_lpc55s69_cm33_core0.c:541:11:SCT0_IRQHandler	8	static
../startup/startup_lpc55s69_cm33_core0.c:545:11:CTIMER3_IRQHandler	8	static
../startup/startup_lpc55s69_cm33_core0.c:549:11:FLEXCOMM0_IRQHandler	8	static
../startup/startup_lpc55s69_cm33_core0.c:553:11:FLEXCOMM1_IRQHandler	8	static
../startup/startup_lpc55s69_cm33_core0.c:557:11:FLEXCOMM2_IRQHandler	8	static
../startup/startup_lpc55s69_cm33_core0.c:561:11:FLEXCOMM3_IRQHandler	8	static
../startup/startup_lpc55s69_cm33_core0.c:565:11:FLEXCOMM4_IRQHandler	8	static
../startup/startup_lpc55s69_cm33_core0.c:569:11:FLEXCOMM5_IRQHandler	8	static
../startup/startup_lpc55s69_cm33_core0.c:573:11:FLEXCOMM6_IRQHandler	8	static
../startup/startup_lpc55s69_cm33_core0.c:577:11:FLEXCOMM7_IRQHandler	8	static
../startup/startup_lpc55s69_cm33_core0.c:581:11:ADC0_IRQHandler	8	static
../startup/startup_lpc55s69_cm33_core0.c:585:11:Reserved39_IRQHandler	8	static
../startup/startup_lpc55s69_cm33_core0.c:589:11:ACMP_IRQHandler	8	static
../startup/startup_lpc55s69_cm33_core0.c:593:11:Reserved41_IRQHandler	8	static
../startup/startup_lpc55s69_cm33_core0.c:597:11:Reserved42_IRQHandler	8	static
../startup/startup_lpc55s69_cm33_core0.c:601:11:USB0_NEEDCLK_IRQHandler	8	static
../startup/startup_lpc55s69_cm33_core0.c:605:11:USB0_IRQHandler	8	static
../startup/startup_lpc55s69_cm33_core0.c:609:11:RTC_IRQHandler	8	static
../startup/startup_lpc55s69_cm33_core0.c:613:11:Reserved46_IRQHandler	8	static
../startup/startup_lpc55s69_cm33_core0.c:617:11:MAILBOX_IRQHandler	8	static
../startup/startup_lpc55s69_cm33_core0.c:621:11:PIN_INT4_IRQHandler	8	static
../startup/startup_lpc55s69_cm33_core0.c:625:11:PIN_INT5_IRQHandler	8	static
../startup/startup_lpc55s69_cm33_core0.c:629:11:PIN_INT6_IRQHandler	8	static
../startup/startup_lpc55s69_cm33_core0.c:633:11:PIN_INT7_IRQHandler	8	static
../startup/startup_lpc55s69_cm33_core0.c:637:11:CTIMER2_IRQHandler	8	static
../startup/startup_lpc55s69_cm33_core0.c:641:11:CTIMER4_IRQHandler	8	static
../startup/startup_lpc55s69_cm33_core0.c:645:11:OS_EVENT_IRQHandler	8	static
../startup/startup_lpc55s69_cm33_core0.c:649:11:Reserved55_IRQHandler	8	static
../startup/startup_lpc55s69_cm33_core0.c:653:11:Reserved56_IRQHandler	8	static
../startup/startup_lpc55s69_cm33_core0.c:657:11:Reserved57_IRQHandler	8	static
../startup/startup_lpc55s69_cm33_core0.c:661:11:SDIO_IRQHandler	8	static
../startup/startup_lpc55s69_cm33_core0.c:665:11:Reserved59_IRQHandler	8	static
../startup/startup_lpc55s69_cm33_core0.c:669:11:Reserved60_IRQHandler	8	static
../startup/startup_lpc55s69_cm33_core0.c:673:11:Reserved61_IRQHandler	8	static
../startup/startup_lpc55s69_cm33_core0.c:677:11:USB1_UTMI_IRQHandler	8	static
../startup/startup_lpc55s69_cm33_core0.c:681:11:USB1_IRQHandler	8	static
../startup/startup_lpc55s69_cm33_core0.c:685:11:USB1_NEEDCLK_IRQHandler	8	static
../startup/startup_lpc55s69_cm33_core0.c:689:11:SEC_HYPERVISOR_CALL_IRQHandler	8	static
../startup/startup_lpc55s69_cm33_core0.c:693:11:SEC_GPIO_INT0_IRQ0_IRQHandler	8	static
../startup/startup_lpc55s69_cm33_core0.c:697:11:SEC_GPIO_INT0_IRQ1_IRQHandler	8	static
../startup/startup_lpc55s69_cm33_core0.c:701:11:PLU_IRQHandler	8	static
../startup/startup_lpc55s69_cm33_core0.c:705:11:SEC_VIO_IRQHandler	8	static
../startup/startup_lpc55s69_cm33_core0.c:709:11:HASHCRYPT_IRQHandler	8	static
../startup/startup_lpc55s69_cm33_core0.c:713:11:CASER_IRQHandler	8	static
../startup/startup_lpc55s69_cm33_core0.c:717:11:PUF_IRQHandler	8	static
../startup/startup_lpc55s69_cm33_core0.c:721:11:PQ_IRQHandler	8	static
../startup/startup_lpc55s69_cm33_core0.c:725:11:DMA1_IRQHandler	8	static
../startup/startup_lpc55s69_cm33_core0.c:729:11:FLEXCOMM8_IRQHandler	8	static
