Archive member included to satisfy reference by file (symbol)

C:\Temp\MPC-MKS\lpcxpresso55s69_hello_world_s\libs\libpower_hardabi_s.a(fsl_power_lib.o)
                              ./drivers/fsl_clock.o (POWER_SetVoltageForFreq)
c:/appz/nxp/mcuxpressoide_11.6.0_8187/ide/plugins/com.nxp.mcuxpresso.tools.win32_11.6.0.202112161359/tools/bin/../lib/gcc/arm-none-eabi/10.3.1/thumb/v8-m.main+fp/hard\libgcc.a(cmse.o)
                              ./trustzone/veneer_table.o (cmse_check_address_range)
c:/appz/nxp/mcuxpressoide_11.6.0_8187/ide/plugins/com.nxp.mcuxpresso.tools.win32_11.6.0.202112161359/tools/bin/../lib/gcc/arm-none-eabi/10.3.1/thumb/v8-m.main+fp/hard\libgcc.a(cmse_nonsecure_call.o)
                              ./trustzone/veneer_table.o (__gnu_cmse_nonsecure_call)
c:/appz/nxp/mcuxpressoide_11.6.0_8187/ide/plugins/com.nxp.mcuxpresso.tools.win32_11.6.0.202112161359/tools/bin/../lib/gcc/arm-none-eabi/10.3.1/thumb/v8-m.main+fp/hard\libgcc.a(_arm_muldf3.o)
                              ./drivers/fsl_clock.o (__aeabi_dmul)
c:/appz/nxp/mcuxpressoide_11.6.0_8187/ide/plugins/com.nxp.mcuxpresso.tools.win32_11.6.0.202112161359/tools/bin/../lib/gcc/arm-none-eabi/10.3.1/thumb/v8-m.main+fp/hard\libgcc.a(_arm_addsubdf3.o)
                              ./drivers/fsl_clock.o (__aeabi_f2d)
c:/appz/nxp/mcuxpressoide_11.6.0_8187/ide/plugins/com.nxp.mcuxpresso.tools.win32_11.6.0.202112161359/tools/bin/../lib/gcc/arm-none-eabi/10.3.1/thumb/v8-m.main+fp/hard\libgcc.a(_arm_truncdfsf2.o)
                              ./drivers/fsl_clock.o (__aeabi_d2f)
c:/appz/nxp/mcuxpressoide_11.6.0_8187/ide/plugins/com.nxp.mcuxpresso.tools.win32_11.6.0.202112161359/tools/bin/../lib/gcc/arm-none-eabi/10.3.1/thumb/v8-m.main+fp/hard\libgcc.a(_aeabi_uldivmod.o)
                              ./drivers/fsl_clock.o (__aeabi_uldivmod)
c:/appz/nxp/mcuxpressoide_11.6.0_8187/ide/plugins/com.nxp.mcuxpresso.tools.win32_11.6.0.202112161359/tools/bin/../lib/gcc/arm-none-eabi/10.3.1/thumb/v8-m.main+fp/hard\libgcc.a(_udivmoddi4.o)
                              c:/appz/nxp/mcuxpressoide_11.6.0_8187/ide/plugins/com.nxp.mcuxpresso.tools.win32_11.6.0.202112161359/tools/bin/../lib/gcc/arm-none-eabi/10.3.1/thumb/v8-m.main+fp/hard\libgcc.a(_aeabi_uldivmod.o) (__udivmoddi4)
c:/appz/nxp/mcuxpressoide_11.6.0_8187/ide/plugins/com.nxp.mcuxpresso.tools.win32_11.6.0.202112161359/tools/bin/../lib/gcc/arm-none-eabi/10.3.1/thumb/v8-m.main+fp/hard\libgcc.a(_dvmd_tls.o)
                              c:/appz/nxp/mcuxpressoide_11.6.0_8187/ide/plugins/com.nxp.mcuxpresso.tools.win32_11.6.0.202112161359/tools/bin/../lib/gcc/arm-none-eabi/10.3.1/thumb/v8-m.main+fp/hard\libgcc.a(_aeabi_uldivmod.o) (__aeabi_ldiv0)
c:/appz/nxp/mcuxpressoide_11.6.0_8187/ide/plugins/com.nxp.mcuxpresso.tools.win32_11.6.0.202112161359/tools/bin/../lib/gcc/arm-none-eabi/10.3.1/../../../../arm-none-eabi/lib/thumb/v8-m.main+fp/hard\libc_nano.a(lib_a-abort.o)
                              ./trustzone/veneer_table.o (abort)
c:/appz/nxp/mcuxpressoide_11.6.0_8187/ide/plugins/com.nxp.mcuxpresso.tools.win32_11.6.0.202112161359/tools/bin/../lib/gcc/arm-none-eabi/10.3.1/../../../../arm-none-eabi/lib/thumb/v8-m.main+fp/hard\libc_nano.a(lib_a-malloc.o)
                              ./drivers/fsl_common.o (malloc)
c:/appz/nxp/mcuxpressoide_11.6.0_8187/ide/plugins/com.nxp.mcuxpresso.tools.win32_11.6.0.202112161359/tools/bin/../lib/gcc/arm-none-eabi/10.3.1/../../../../arm-none-eabi/lib/thumb/v8-m.main+fp/hard\libc_nano.a(lib_a-memset.o)
                              ./utilities/fsl_debug_console.o (memset)
c:/appz/nxp/mcuxpressoide_11.6.0_8187/ide/plugins/com.nxp.mcuxpresso.tools.win32_11.6.0.202112161359/tools/bin/../lib/gcc/arm-none-eabi/10.3.1/../../../../arm-none-eabi/lib/thumb/v8-m.main+fp/hard\libc_nano.a(lib_a-nano-freer.o)
                              c:/appz/nxp/mcuxpressoide_11.6.0_8187/ide/plugins/com.nxp.mcuxpresso.tools.win32_11.6.0.202112161359/tools/bin/../lib/gcc/arm-none-eabi/10.3.1/../../../../arm-none-eabi/lib/thumb/v8-m.main+fp/hard\libc_nano.a(lib_a-malloc.o) (_free_r)
c:/appz/nxp/mcuxpressoide_11.6.0_8187/ide/plugins/com.nxp.mcuxpresso.tools.win32_11.6.0.202112161359/tools/bin/../lib/gcc/arm-none-eabi/10.3.1/../../../../arm-none-eabi/lib/thumb/v8-m.main+fp/hard\libc_nano.a(lib_a-nano-mallocr.o)
                              c:/appz/nxp/mcuxpressoide_11.6.0_8187/ide/plugins/com.nxp.mcuxpresso.tools.win32_11.6.0.202112161359/tools/bin/../lib/gcc/arm-none-eabi/10.3.1/../../../../arm-none-eabi/lib/thumb/v8-m.main+fp/hard\libc_nano.a(lib_a-malloc.o) (_malloc_r)
c:/appz/nxp/mcuxpressoide_11.6.0_8187/ide/plugins/com.nxp.mcuxpresso.tools.win32_11.6.0.202112161359/tools/bin/../lib/gcc/arm-none-eabi/10.3.1/../../../../arm-none-eabi/lib/thumb/v8-m.main+fp/hard\libc_nano.a(lib_a-sbrkr.o)
[...]
Memory Configuration

Name             Origin             Length             Attributes
PROGRAM_FLASH    0x10000000         0x0000fe00         xr
SG_veneer_table  0x1000fe00         0x00000200         xr
Ram0             0x30000000         0x00008000         xrw
*default*        0x00000000         0xffffffff

Linker script and memory map

LOAD ./utilities/fsl_assert.o
LOAD ./utilities/fsl_debug_console.o
LOAD ./utilities/fsl_str.o
LOAD ./trustzone/tzm_config.o
LOAD ./trustzone/veneer_table.o
LOAD ./startup/boot_multicore_slave.o
LOAD ./startup/startup_lpc55s69_cm33_core0.o
LOAD ./source/hello_world_s.o
LOAD ./source/semihost_hardfault.o
LOAD ./drivers/fsl_clock.o
LOAD ./drivers/fsl_common.o
LOAD ./drivers/fsl_flexcomm.o
LOAD ./drivers/fsl_gpio.o
LOAD ./drivers/fsl_power.o
LOAD ./drivers/fsl_reset.o
LOAD ./drivers/fsl_usart.o
LOAD ./device/system_LPC55S69_cm33_core0.o
LOAD ./component/uart/usart_adapter.o
LOAD ./component/serial_manager/serial_manager.o
LOAD ./component/serial_manager/serial_port_uart.o
LOAD ./component/lists/generic_list.o
LOAD ./board/board.o
LOAD ./board/clock_config.o
LOAD ./board/pin_mux.o
LOAD C:\Temp\MPC-MKS\lpcxpresso55s69_hello_world_s\libs\libpower_hardabi_s.a
START GROUP
LOAD c:/appz/nxp/mcuxpressoide_11.6.0_8187/ide/plugins/com.nxp.mcuxpresso.tools.win32_11.6.0.202112161359/tools/bin/../lib/gcc/arm-none-eabi/10.3.1/thumb/v8-m.main+fp/hard\libgcc.a
LOAD c:/appz/nxp/mcuxpressoide_11.6.0_8187/ide/plugins/com.nxp.mcuxpresso.tools.win32_11.6.0.202112161359/tools/bin/../lib/gcc/arm-none-eabi/10.3.1/../../../../arm-none-eabi/lib/thumb/v8-m.main+fp/hard\libc_nano.a
LOAD c:/appz/nxp/mcuxpressoide_11.6.0_8187/ide/plugins/com.nxp.mcuxpresso.tools.win32_11.6.0.202112161359/tools/bin/../lib/gcc/arm-none-eabi/10.3.1/../../../../arm-none-eabi/lib/thumb/v8-m.main+fp/hard\libm.a
LOAD c:/appz/nxp/mcuxpressoide_11.6.0_8187/ide/plugins/com.nxp.mcuxpresso.tools.win32_11.6.0.202112161359/tools/bin/../lib/gcc/arm-none-eabi/10.3.1/../../../../arm-none-eabi/lib/thumb/v8-m.main+fp/hard\libcr_newlib_nohost.a
END GROUP
                0x10000000                __base_PROGRAM_FLASH = 0x10000000
                0x10000000                __base_Flash = 0x10000000
                0x1000fe00                __top_PROGRAM_FLASH = 0x1000fe00
                0x1000fe00                __top_Flash = 0x1000fe00
                0x1000fe00                __base_SG_veneer_table = 0x1000fe00
                0x1000fe00                __base_Flash2 = 0x1000fe00
                0x10010000                __top_SG_veneer_table = 0x10010000
                0x10010000                __top_Flash2 = 0x10010000
                0x30000000                __base_Ram0 = 0x30000000
                0x30000000                __base_RAM = 0x30000000
                0x30008000                __top_Ram0 = 0x30008000
                0x30008000                __top_RAM = 0x30008000

.gnu.sgstubs    0x1000fe00       0x20
                0x1000fe00                . = ALIGN (0x20)
                0x1000fe00                _start_sg = .
 *(SORT_BY_ALIGNMENT(.gnu.sgstubs*))
                0x1000fe00                . = ALIGN (0x20)
                0x1000fe00                _end_sg = .
 .gnu.sgstubs.__stub
                0x1000fe00       0x10 linker stubs
                0x1000fe00                StringCompare_NSE
                0x1000fe08                DbgConsole_Printf_NSE

.text_Flash2    0x1000fe20        0x0
 FILL mask 0xff
 *(SORT_BY_ALIGNMENT(.text_Flash2))
 *(SORT_BY_ALIGNMENT(.text_SG_veneer_table))
 *(SORT_BY_ALIGNMENT(.text.$Flash2))
 *(SORT_BY_ALIGNMENT(.text.$SG_veneer_table))
 *(SORT_BY_ALIGNMENT(.text_Flash2.*))
 *(SORT_BY_ALIGNMENT(.text_SG_veneer_table.*))
 *(SORT_BY_ALIGNMENT(.text.$Flash2.*))
 *(SORT_BY_ALIGNMENT(.text.$SG_veneer_table.*))
 *(SORT_BY_ALIGNMENT(.rodata.$Flash2))
 *(SORT_BY_ALIGNMENT(.rodata.$SG_veneer_table))
 *(SORT_BY_ALIGNMENT(.rodata.$Flash2.*))
 *(SORT_BY_ALIGNMENT(.rodata.$SG_veneer_table.*))

.text           0x10000000     0x33b8
 FILL mask 0xff
                0x10000000                __vectors_start__ = ABSOLUTE (.)
 *(SORT_BY_ALIGNMENT(.isr_vector))
 .isr_vector    0x10000000      0x130 ./startup/startup_lpc55s69_cm33_core0.o
                0x10000000                g_pfnVectors
                0x10000000                __Vectors
                0x10000130                . = ALIGN (0x4)
                0x10000130                __section_table_start = .
                0x10000130                __data_section_table = .
                0x10000130        0x4 LONG 0x100033b8 LOADADDR (.data)
                0x10000134        0x4 LONG 0x30000000 ADDR (.data)
                0x10000138        0x4 LONG 0x68 SIZEOF (.data)
                0x1000013c                __data_section_table_end = .
                0x1000013c                __bss_section_table = .
                0x1000013c        0x4 LONG 0x30000068 ADDR (.bss)
                0x10000140        0x4 LONG 0x6c SIZEOF (.bss)
                0x10000144                __bss_section_table_end = .
                0x10000144                __section_table_end = .
 *(SORT_BY_ALIGNMENT(.after_vectors*))
 .after_vectors.reset
                0x10000144       0x4c ./startup/startup_lpc55s69_cm33_core0.o
                0x10000144                ResetISR
 .after_vectors.init_data
                0x10000190       0x1e ./startup/startup_lpc55s69_cm33_core0.o
                0x10000190                data_init
 .after_vectors.init_bss
                0x100001ae       0x12 ./startup/startup_lpc55s69_cm33_core0.o
                0x100001ae                bss_init
 .after_vectors
                0x100001c0       0x14 ./startup/startup_lpc55s69_cm33_core0.o
                0x100001c0                NMI_Handler
                0x100001c4                MemManage_Handler
                0x100001c6                BusFault_Handler
                0x100001c8                UsageFault_Handler
                0x100001ca                SVC_Handler
                0x100001cc                DebugMon_Handler
                0x100001ce                PendSV_Handler
                0x100001d0                SysTick_Handler
                0x100001d2                PIN_INT2_DriverIRQHandler
                0x100001d2                Reserved56_DriverIRQHandler
                0x100001d2                PIN_INT0_DriverIRQHandler
                0x100001d2                CTIMER2_DriverIRQHandler
                0x100001d2                PIN_INT3_DriverIRQHandler
                0x100001d2                SEC_VIO_DriverIRQHandler
                0x100001d2                IntDefaultHandler
                0x100001d2                USB0_DriverIRQHandler
                0x100001d2                CASER_DriverIRQHandler
                0x100001d2                MRT0_DriverIRQHandler
                0x100001d2                UTICK0_DriverIRQHandler
                0x100001d2                Reserved41_DriverIRQHandler
                0x100001d2                PIN_INT4_DriverIRQHandler
                0x100001d2                PIN_INT5_DriverIRQHandler
                0x100001d2                SEC_GPIO_INT0_IRQ0_DriverIRQHandler
                0x100001d2                CTIMER4_DriverIRQHandler
                0x100001d2                GINT1_DriverIRQHandler
                0x100001d2                PIN_INT7_DriverIRQHandler
                0x100001d2                Reserved42_DriverIRQHandler
                0x100001d2                HASHCRYPT_DriverIRQHandler
                0x100001d2                USB0_NEEDCLK_DriverIRQHandler
                0x100001d2                CTIMER0_DriverIRQHandler
                0x100001d2                CTIMER1_DriverIRQHandler
                0x100001d2                PIN_INT6_DriverIRQHandler
                0x100001d2                PQ_DriverIRQHandler
                0x100001d2                MAILBOX_DriverIRQHandler
                0x100001d2                PIN_INT1_DriverIRQHandler
                0x100001d2                CTIMER3_DriverIRQHandler
                0x100001d2                Reserved61_DriverIRQHandler
                0x100001d2                SEC_GPIO_INT0_IRQ1_DriverIRQHandler
                0x100001d2                PUF_DriverIRQHandler
                0x100001d2                RTC_DriverIRQHandler
                0x100001d2                DMA0_DriverIRQHandler
                0x100001d2                Reserved39_DriverIRQHandler
                0x100001d2                USB1_DriverIRQHandler
                0x100001d2                Reserved60_DriverIRQHandler
                0x100001d2                DMA1_DriverIRQHandler
                0x100001d2                ADC0_DriverIRQHandler
                0x100001d2                USB1_NEEDCLK_DriverIRQHandler
                0x100001d2                Reserved59_DriverIRQHandler
                0x100001d2                SDIO_DriverIRQHandler
                0x100001d2                GINT0_DriverIRQHandler
                0x100001d2                ACMP_DriverIRQHandler
                0x100001d2                Reserved57_DriverIRQHandler
                0x100001d2                Reserved55_DriverIRQHandler
                0x100001d2                Reserved46_DriverIRQHandler
                0x100001d2                USB1_UTMI_DriverIRQHandler
                0x100001d2                WDT_BOD_DriverIRQHandler
                0x100001d2                SCT0_DriverIRQHandler
                0x100001d2                PLU_DriverIRQHandler
                0x100001d2                OS_EVENT_DriverIRQHandler
                0x100001d2                SEC_HYPERVISOR_CALL_DriverIRQHandler
 *(SORT_BY_ALIGNMENT(.text*))
 *fill*         0x100001d4        0x4 ff
 .text.CLOCK_SetFLASHAccessCyclesForFreq
                0x100001d8       0x80 ./drivers/fsl_clock.o
                0x100001d8                CLOCK_SetFLASHAccessCyclesForFreq
 .text.__assert_func
                0x10000258       0x28 ./utilities/fsl_assert.o
                0x10000258                __assert_func
 .text.DbgConsole_SendDataReliable
                0x10000280       0x70 ./utilities/fsl_debug_console.o
                0x10000280                DbgConsole_SendDataReliable
 .text.DbgConsole_Init
                0x100002f0      0x11c ./utilities/fsl_debug_console.o
                0x100002f0                DbgConsole_Init
 .text.DbgConsole_Printf
                0x1000040c       0x7c ./utilities/fsl_debug_console.o
                0x1000040c                DbgConsole_Printf
 .text.BOARD_InitTrustZone
                0x10000488      0x260 ./trustzone/tzm_config.o
                0x10000488                BOARD_InitTrustZone
 .text.DbgConsole_Printf_NSE
                0x100006e8       0xcc ./trustzone/veneer_table.o
                0x100006e8                __acle_se_DbgConsole_Printf_NSE
 .text.StringCompare_NSE
                0x100007b4      0x180 ./trustzone/veneer_table.o
                0x100007b4                __acle_se_StringCompare_NSE
 .text.main     0x10000934       0xac ./source/hello_world_s.o
                0x10000934                main
 .text.POWER_DisablePD
                0x100009e0       0x20 ./drivers/fsl_clock.o
 .text.CLOCK_AttachClk
                0x10000a00       0x98 ./drivers/fsl_clock.o
                0x10000a00                CLOCK_AttachClk
 .text.CLOCK_SetClkDiv
                0x10000a98       0x5c ./drivers/fsl_clock.o
                0x10000a98                CLOCK_SetClkDiv
 .text.CLOCK_SetupFROClocking
                0x10000af4       0x94 ./drivers/fsl_clock.o
                0x10000af4                CLOCK_SetupFROClocking
 .text.FLEXCOMM_GetInstance
                0x10000b88       0x50 ./drivers/fsl_flexcomm.o
                0x10000b88                FLEXCOMM_GetInstance
 .text.FLEXCOMM_Init
                0x10000bd8       0x5c ./drivers/fsl_flexcomm.o
                0x10000bd8                FLEXCOMM_Init
 .text.FLEXCOMM0_DriverIRQHandler
                0x10000c34       0x44 ./drivers/fsl_flexcomm.o
                0x10000c34                FLEXCOMM0_DriverIRQHandler
 .text.FLEXCOMM1_DriverIRQHandler
                0x10000c78       0x44 ./drivers/fsl_flexcomm.o
                0x10000c78                FLEXCOMM1_DriverIRQHandler
 .text.FLEXCOMM2_DriverIRQHandler
                0x10000cbc       0x44 ./drivers/fsl_flexcomm.o
                0x10000cbc                FLEXCOMM2_DriverIRQHandler
 .text.FLEXCOMM3_DriverIRQHandler
                0x10000d00       0x44 ./drivers/fsl_flexcomm.o
                0x10000d00                FLEXCOMM3_DriverIRQHandler
 .text.FLEXCOMM4_DriverIRQHandler
                0x10000d44       0x44 ./drivers/fsl_flexcomm.o
                0x10000d44                FLEXCOMM4_DriverIRQHandler
 .text.FLEXCOMM5_DriverIRQHandler
                0x10000d88       0x44 ./drivers/fsl_flexcomm.o
                0x10000d88                FLEXCOMM5_DriverIRQHandler
 .text.FLEXCOMM6_DriverIRQHandler
                0x10000dcc       0x44 ./drivers/fsl_flexcomm.o
                0x10000dcc                FLEXCOMM6_DriverIRQHandler
 .text.FLEXCOMM7_DriverIRQHandler
                0x10000e10       0x48 ./drivers/fsl_flexcomm.o
                0x10000e10                FLEXCOMM7_DriverIRQHandler
 .text.FLEXCOMM8_DriverIRQHandler
                0x10000e58       0x48 ./drivers/fsl_flexcomm.o
                0x10000e58                FLEXCOMM8_DriverIRQHandler
 .text.RESET_SetPeripheralReset
                0x10000ea0       0x6c ./drivers/fsl_reset.o
                0x10000ea0                RESET_SetPeripheralReset
 .text.RESET_ClearPeripheralReset
                0x10000f0c       0x6c ./drivers/fsl_reset.o
                0x10000f0c                RESET_ClearPeripheralReset
 .text.USART_Init
                0x10000f78      0x18c ./drivers/fsl_usart.o
                0x10000f78                USART_Init
 .text.USART_GetDefaultConfig
                0x10001104       0x84 ./drivers/fsl_usart.o
                0x10001104                USART_GetDefaultConfig
 .text.USART_SetBaudRate
                0x10001188      0x120 ./drivers/fsl_usart.o
                0x10001188                USART_SetBaudRate
 .text.USART_WriteBlocking
                0x100012a8       0x98 ./drivers/fsl_usart.o
                0x100012a8                USART_WriteBlocking
 .text.SystemInit
                0x10001340       0x64 ./device/system_LPC55S69_cm33_core0.o
                0x10001340                SystemInit
 .text.HAL_UartInit
                0x100013a4      0x128 ./component/uart/usart_adapter.o
                0x100013a4                HAL_UartInit
 .text.HAL_UartSendBlocking
                0x100014cc       0x84 ./component/uart/usart_adapter.o
                0x100014cc                HAL_UartSendBlocking
 .text.SerialManager_Write
                0x10001550       0x94 ./component/serial_manager/serial_manager.o
 .text.SerialManager_Init
                0x100015e4       0x8c ./component/serial_manager/serial_manager.o
                0x100015e4                SerialManager_Init
 .text.SerialManager_OpenWriteHandle
                0x10001670       0x70 ./component/serial_manager/serial_manager.o
                0x10001670                SerialManager_OpenWriteHandle
 .text.SerialManager_OpenReadHandle
                0x100016e0       0x78 ./component/serial_manager/serial_manager.o
                0x100016e0                SerialManager_OpenReadHandle
 .text.Serial_UartInit
                0x10001758       0x94 ./component/serial_manager/serial_port_uart.o
                0x10001758                Serial_UartInit
 .text.Serial_UartWrite
                0x100017ec       0x78 ./component/serial_manager/serial_port_uart.o
                0x100017ec                Serial_UartWrite
 .text.BOARD_InitDebugConsole
                0x10001864       0x38 ./board/board.o
                0x10001864                BOARD_InitDebugConsole
 .text.POWER_DisablePD
                0x1000189c       0x20 ./board/clock_config.o
 .text.BOARD_BootClockFROHF96M
                0x100018bc       0x58 ./board/clock_config.o
                0x100018bc                BOARD_BootClockFROHF96M
 .text.BOARD_InitPins
                0x10001914       0x3c ./board/pin_mux.o
                0x10001914                BOARD_InitPins
 .text.nio_set_system_voltage
                0x10001950       0xc0 C:\Temp\MPC-MKS\lpcxpresso55s69_hello_world_s\libs\libpower_hardabi_s.a(fsl_power_lib.o)
                0x10001950                nio_set_system_voltage
 .text.POWER_SetVoltageForFreq
                0x10001a10       0x28 C:\Temp\MPC-MKS\lpcxpresso55s69_hello_world_s\libs\libpower_hardabi_s.a(fsl_power_lib.o)
                0x10001a10                POWER_SetVoltageForFreq
 .text          0x10001a38       0xe8 c:/appz/nxp/mcuxpressoide_11.6.0_8187/ide/plugins/com.nxp.mcuxpresso.tools.win32_11.6.0.202112161359/tools/bin/../lib/gcc/arm-none-eabi/10.3.1/thumb/v8-m.main+fp/hard\libgcc.a(cmse.o)
                0x10001a38                cmse_check_address_range
 .text          0x10001b20      0x254 c:/appz/nxp/mcuxpressoide_11.6.0_8187/ide/plugins/com.nxp.mcuxpresso.tools.win32_11.6.0.202112161359/tools/bin/../lib/gcc/arm-none-eabi/10.3.1/thumb/v8-m.main+fp/hard\libgcc.a(_arm_muldf3.o)
                0x10001b20                __muldf3
                0x10001b20                __aeabi_dmul
 .text          0x10001d74      0x378 c:/appz/nxp/mcuxpressoide_11.6.0_8187/ide/plugins/com.nxp.mcuxpresso.tools.win32_11.6.0.202112161359/tools/bin/../lib/gcc/arm-none-eabi/10.3.1/thumb/v8-m.main+fp/hard\libgcc.a(_arm_addsubdf3.o)
                0x10001d74                __aeabi_drsub
                0x10001d7c                __aeabi_dsub
                0x10001d7c                __subdf3
                0x10001d80                __aeabi_dadd
                0x10001d80                __adddf3
                0x10001ff8                __floatunsidf
                0x10001ff8                __aeabi_ui2d
                0x10002018                __floatsidf
                0x10002018                __aeabi_i2d
                0x1000203c                __aeabi_f2d
                0x1000203c                __extendsfdf2
                0x10002080                __floatundidf
                0x10002080                __aeabi_ul2d
                0x10002090                __floatdidf
                0x10002090                __aeabi_l2d
 .text          0x100020ec       0xa0 c:/appz/nxp/mcuxpressoide_11.6.0_8187/ide/plugins/com.nxp.mcuxpresso.tools.win32_11.6.0.202112161359/tools/bin/../lib/gcc/arm-none-eabi/10.3.1/thumb/v8-m.main+fp/hard\libgcc.a(_arm_truncdfsf2.o)
                0x100020ec                __truncdfsf2
                0x100020ec                __aeabi_d2f
 .text.raise    0x1000218c       0x10 c:/appz/nxp/mcuxpressoide_11.6.0_8187/ide/plugins/com.nxp.mcuxpresso.tools.win32_11.6.0.202112161359/tools/bin/../lib/gcc/arm-none-eabi/10.3.1/../../../../arm-none-eabi/lib/thumb/v8-m.main+fp/hard\libc_nano.a(lib_a-signal.o)
                0x1000218c                raise
 .text._kill_r  0x1000219c       0x24 c:/appz/nxp/mcuxpressoide_11.6.0_8187/ide/plugins/com.nxp.mcuxpresso.tools.win32_11.6.0.202112161359/tools/bin/../lib/gcc/arm-none-eabi/10.3.1/../../../../arm-none-eabi/lib/thumb/v8-m.main+fp/hard\libc_nano.a(lib_a-signalr.o)
                0x1000219c                _kill_r
 .text._getpid  0x100021c0       0x10 c:/appz/nxp/mcuxpressoide_11.6.0_8187/ide/plugins/com.nxp.mcuxpresso.tools.win32_11.6.0.202112161359/tools/bin/../lib/gcc/arm-none-eabi/10.3.1/../../../../arm-none-eabi/lib/thumb/v8-m.main+fp/hard\libcr_newlib_nohost.a(getpid.o)
                0x100021c0                _getpid
 .text._kill    0x100021d0       0x10 c:/appz/nxp/mcuxpressoide_11.6.0_8187/ide/plugins/com.nxp.mcuxpresso.tools.win32_11.6.0.202112161359/tools/bin/../lib/gcc/arm-none-eabi/10.3.1/../../../../arm-none-eabi/lib/thumb/v8-m.main+fp/hard\libcr_newlib_nohost.a(kill.o)
                0x100021d0                _kill
 .text.DbgConsole_PrintCallback
                0x100021e0       0x66 ./utilities/fsl_debug_console.o
 .text.ConvertRadixNumToString
                0x10002246      0x114 ./utilities/fsl_str.o
 .text.StrFormatPrintf
                0x1000235a      0x30c ./utilities/fsl_str.o
                0x1000235a                StrFormatPrintf
 .text.strnlen  0x10002666       0x3a ./trustzone/veneer_table.o
                0x10002666                strnlen
 .text.WDT_BOD_IRQHandler
                0x100026a0        0x8 ./startup/startup_lpc55s69_cm33_core0.o
                0x100026a0                WDT_BOD_IRQHandler
 .text.DMA0_IRQHandler
                0x100026a8        0x8 ./startup/startup_lpc55s69_cm33_core0.o
                0x100026a8                DMA0_IRQHandler
 .text.GINT0_IRQHandler
                0x100026b0        0x8 ./startup/startup_lpc55s69_cm33_core0.o
                0x100026b0                GINT0_IRQHandler
 .text.GINT1_IRQHandler
                0x100026b8        0x8 ./startup/startup_lpc55s69_cm33_core0.o
                0x100026b8                GINT1_IRQHandler
 .text.PIN_INT0_IRQHandler
                0x100026c0        0x8 ./startup/startup_lpc55s69_cm33_core0.o
                0x100026c0                PIN_INT0_IRQHandler
 .text.PIN_INT1_IRQHandler
                0x100026c8        0x8 ./startup/startup_lpc55s69_cm33_core0.o
                0x100026c8                PIN_INT1_IRQHandler
 .text.PIN_INT2_IRQHandler
                0x100026d0        0x8 ./startup/startup_lpc55s69_cm33_core0.o
                0x100026d0                PIN_INT2_IRQHandler
 .text.PIN_INT3_IRQHandler
                0x100026d8        0x8 ./startup/startup_lpc55s69_cm33_core0.o
                0x100026d8                PIN_INT3_IRQHandler
 .text.UTICK0_IRQHandler
                0x100026e0        0x8 ./startup/startup_lpc55s69_cm33_core0.o
                0x100026e0                UTICK0_IRQHandler
 .text.MRT0_IRQHandler
                0x100026e8        0x8 ./startup/startup_lpc55s69_cm33_core0.o
                0x100026e8                MRT0_IRQHandler
 .text.CTIMER0_IRQHandler
                0x100026f0        0x8 ./startup/startup_lpc55s69_cm33_core0.o
                0x100026f0                CTIMER0_IRQHandler
 .text.CTIMER1_IRQHandler
                0x100026f8        0x8 ./startup/startup_lpc55s69_cm33_core0.o
                0x100026f8                CTIMER1_IRQHandler
 .text.SCT0_IRQHandler
                0x10002700        0x8 ./startup/startup_lpc55s69_cm33_core0.o
                0x10002700                SCT0_IRQHandler
 .text.CTIMER3_IRQHandler
                0x10002708        0x8 ./startup/startup_lpc55s69_cm33_core0.o
                0x10002708                CTIMER3_IRQHandler
 .text.FLEXCOMM0_IRQHandler
                0x10002710        0x8 ./startup/startup_lpc55s69_cm33_core0.o
                0x10002710                FLEXCOMM0_IRQHandler
 .text.FLEXCOMM1_IRQHandler
                0x10002718        0x8 ./startup/startup_lpc55s69_cm33_core0.o
                0x10002718                FLEXCOMM1_IRQHandler
 .text.FLEXCOMM2_IRQHandler
                0x10002720        0x8 ./startup/startup_lpc55s69_cm33_core0.o
                0x10002720                FLEXCOMM2_IRQHandler
 .text.FLEXCOMM3_IRQHandler
                0x10002728        0x8 ./startup/startup_lpc55s69_cm33_core0.o
                0x10002728                FLEXCOMM3_IRQHandler
 .text.FLEXCOMM4_IRQHandler
                0x10002730        0x8 ./startup/startup_lpc55s69_cm33_core0.o
                0x10002730                FLEXCOMM4_IRQHandler
 .text.FLEXCOMM5_IRQHandler
                0x10002738        0x8 ./startup/startup_lpc55s69_cm33_core0.o
                0x10002738                FLEXCOMM5_IRQHandler
 .text.FLEXCOMM6_IRQHandler
                0x10002740        0x8 ./startup/startup_lpc55s69_cm33_core0.o
                0x10002740                FLEXCOMM6_IRQHandler
 .text.FLEXCOMM7_IRQHandler
                0x10002748        0x8 ./startup/startup_lpc55s69_cm33_core0.o
                0x10002748                FLEXCOMM7_IRQHandler
 .text.ADC0_IRQHandler
                0x10002750        0x8 ./startup/startup_lpc55s69_cm33_core0.o
                0x10002750                ADC0_IRQHandler
 .text.Reserved39_IRQHandler
                0x10002758        0x8 ./startup/startup_lpc55s69_cm33_core0.o
                0x10002758                Reserved39_IRQHandler
 .text.ACMP_IRQHandler
                0x10002760        0x8 ./startup/startup_lpc55s69_cm33_core0.o
                0x10002760                ACMP_IRQHandler
 .text.Reserved41_IRQHandler
                0x10002768        0x8 ./startup/startup_lpc55s69_cm33_core0.o
                0x10002768                Reserved41_IRQHandler
 .text.Reserved42_IRQHandler
                0x10002770        0x8 ./startup/startup_lpc55s69_cm33_core0.o
                0x10002770                Reserved42_IRQHandler
 .text.USB0_NEEDCLK_IRQHandler
                0x10002778        0x8 ./startup/startup_lpc55s69_cm33_core0.o
                0x10002778                USB0_NEEDCLK_IRQHandler
 .text.USB0_IRQHandler
                0x10002780        0x8 ./startup/startup_lpc55s69_cm33_core0.o
                0x10002780                USB0_IRQHandler
 .text.RTC_IRQHandler
                0x10002788        0x8 ./startup/startup_lpc55s69_cm33_core0.o
                0x10002788                RTC_IRQHandler
 .text.Reserved46_IRQHandler
                0x10002790        0x8 ./startup/startup_lpc55s69_cm33_core0.o
                0x10002790                Reserved46_IRQHandler
 .text.MAILBOX_IRQHandler
                0x10002798        0x8 ./startup/startup_lpc55s69_cm33_core0.o
                0x10002798                MAILBOX_IRQHandler
 .text.PIN_INT4_IRQHandler
                0x100027a0        0x8 ./startup/startup_lpc55s69_cm33_core0.o
                0x100027a0                PIN_INT4_IRQHandler
 .text.PIN_INT5_IRQHandler
                0x100027a8        0x8 ./startup/startup_lpc55s69_cm33_core0.o
                0x100027a8                PIN_INT5_IRQHandler
 .text.PIN_INT6_IRQHandler
                0x100027b0        0x8 ./startup/startup_lpc55s69_cm33_core0.o
                0x100027b0                PIN_INT6_IRQHandler
 .text.PIN_INT7_IRQHandler
                0x100027b8        0x8 ./startup/startup_lpc55s69_cm33_core0.o
                0x100027b8                PIN_INT7_IRQHandler
 .text.CTIMER2_IRQHandler
                0x100027c0        0x8 ./startup/startup_lpc55s69_cm33_core0.o
                0x100027c0                CTIMER2_IRQHandler
 .text.CTIMER4_IRQHandler
                0x100027c8        0x8 ./startup/startup_lpc55s69_cm33_core0.o
                0x100027c8                CTIMER4_IRQHandler
 .text.OS_EVENT_IRQHandler
                0x100027d0        0x8 ./startup/startup_lpc55s69_cm33_core0.o
                0x100027d0                OS_EVENT_IRQHandler
 .text.Reserved55_IRQHandler
                0x100027d8        0x8 ./startup/startup_lpc55s69_cm33_core0.o
                0x100027d8                Reserved55_IRQHandler
 .text.Reserved56_IRQHandler
                0x100027e0        0x8 ./startup/startup_lpc55s69_cm33_core0.o
                0x100027e0                Reserved56_IRQHandler
 .text.Reserved57_IRQHandler
                0x100027e8        0x8 ./startup/startup_lpc55s69_cm33_core0.o
                0x100027e8                Reserved57_IRQHandler
 .text.SDIO_IRQHandler
                0x100027f0        0x8 ./startup/startup_lpc55s69_cm33_core0.o
                0x100027f0                SDIO_IRQHandler
 .text.Reserved59_IRQHandler
                0x100027f8        0x8 ./startup/startup_lpc55s69_cm33_core0.o
                0x100027f8                Reserved59_IRQHandler
 .text.Reserved60_IRQHandler
                0x10002800        0x8 ./startup/startup_lpc55s69_cm33_core0.o
                0x10002800                Reserved60_IRQHandler
 .text.Reserved61_IRQHandler
                0x10002808        0x8 ./startup/startup_lpc55s69_cm33_core0.o
                0x10002808                Reserved61_IRQHandler
 .text.USB1_UTMI_IRQHandler
                0x10002810        0x8 ./startup/startup_lpc55s69_cm33_core0.o
                0x10002810                USB1_UTMI_IRQHandler
 .text.USB1_IRQHandler
                0x10002818        0x8 ./startup/startup_lpc55s69_cm33_core0.o
                0x10002818                USB1_IRQHandler
 .text.USB1_NEEDCLK_IRQHandler
                0x10002820        0x8 ./startup/startup_lpc55s69_cm33_core0.o
                0x10002820                USB1_NEEDCLK_IRQHandler
 .text.SEC_HYPERVISOR_CALL_IRQHandler
                0x10002828        0x8 ./startup/startup_lpc55s69_cm33_core0.o
                0x10002828                SEC_HYPERVISOR_CALL_IRQHandler
 .text.SEC_GPIO_INT0_IRQ0_IRQHandler
                0x10002830        0x8 ./startup/startup_lpc55s69_cm33_core0.o
                0x10002830                SEC_GPIO_INT0_IRQ0_IRQHandler
 .text.SEC_GPIO_INT0_IRQ1_IRQHandler
                0x10002838        0x8 ./startup/startup_lpc55s69_cm33_core0.o
                0x10002838                SEC_GPIO_INT0_IRQ1_IRQHandler
 .text.PLU_IRQHandler
                0x10002840        0x8 ./startup/startup_lpc55s69_cm33_core0.o
                0x10002840                PLU_IRQHandler
 .text.SEC_VIO_IRQHandler
                0x10002848        0x8 ./startup/startup_lpc55s69_cm33_core0.o
                0x10002848                SEC_VIO_IRQHandler
 .text.HASHCRYPT_IRQHandler
                0x10002850        0x8 ./startup/startup_lpc55s69_cm33_core0.o
                0x10002850                HASHCRYPT_IRQHandler
 .text.CASER_IRQHandler
                0x10002858        0x8 ./startup/startup_lpc55s69_cm33_core0.o
                0x10002858                CASER_IRQHandler
 .text.PUF_IRQHandler
                0x10002860        0x8 ./startup/startup_lpc55s69_cm33_core0.o
                0x10002860                PUF_IRQHandler
 .text.PQ_IRQHandler
                0x10002868        0x8 ./startup/startup_lpc55s69_cm33_core0.o
                0x10002868                PQ_IRQHandler
 .text.DMA1_IRQHandler
                0x10002870        0x8 ./startup/startup_lpc55s69_cm33_core0.o
                0x10002870                DMA1_IRQHandler
 .text.FLEXCOMM8_IRQHandler
                0x10002878        0x8 ./startup/startup_lpc55s69_cm33_core0.o
                0x10002878                FLEXCOMM8_IRQHandler
 .text.SystemInitHook
                0x10002880        0xc ./source/hello_world_s.o
                0x10002880                SystemInitHook
 .text.HardFault_Handler
                0x1000288c       0x2c ./source/semihost_hardfault.o
                0x1000288c                HardFault_Handler
 .text.CLOCK_EnableClock
                0x100028b8       0x30 ./drivers/fsl_flexcomm.o
 .text.FLEXCOMM_PeripheralIsPresent
                0x100028e8       0x64 ./drivers/fsl_flexcomm.o
 .text.FLEXCOMM_SetPeriph
                0x1000294c       0x74 ./drivers/fsl_flexcomm.o
 .text.RESET_PeripheralReset
                0x100029c0       0x1c ./drivers/fsl_reset.o
                0x100029c0                RESET_PeripheralReset
 .text.USART_EnableContinuousSCLK
                0x100029dc       0x38 ./drivers/fsl_usart.o
 .text.HAL_UartGetStatus
                0x10002a14       0x22 ./component/uart/usart_adapter.o
 .text.SerialManager_StartWriting
                0x10002a36       0x4a ./component/serial_manager/serial_manager.o
 .text.SerialManager_WriteBlocking
                0x10002a80       0x20 ./component/serial_manager/serial_manager.o
                0x10002a80                SerialManager_WriteBlocking
 .text.CLOCK_EnableClock
                0x10002aa0       0x30 ./board/pin_mux.o
 .text.IOCON_PinMuxSet
                0x10002ad0       0x2e ./board/pin_mux.o
 .text          0x10002afe       0x5c c:/appz/nxp/mcuxpressoide_11.6.0_8187/ide/plugins/com.nxp.mcuxpresso.tools.win32_11.6.0.202112161359/tools/bin/../lib/gcc/arm-none-eabi/10.3.1/thumb/v8-m.main+fp/hard\libgcc.a(cmse_nonsecure_call.o)
                0x10002afe                __gnu_cmse_nonsecure_call
 .text.abort    0x10002b5a        0xe c:/appz/nxp/mcuxpressoide_11.6.0_8187/ide/plugins/com.nxp.mcuxpresso.tools.win32_11.6.0.202112161359/tools/bin/../lib/gcc/arm-none-eabi/10.3.1/../../../../arm-none-eabi/lib/thumb/v8-m.main+fp/hard\libc_nano.a(lib_a-abort.o)
                0x10002b5a                abort
 .text.memset   0x10002b68       0x10 c:/appz/nxp/mcuxpressoide_11.6.0_8187/ide/plugins/com.nxp.mcuxpresso.tools.win32_11.6.0.202112161359/tools/bin/../lib/gcc/arm-none-eabi/10.3.1/../../../../arm-none-eabi/lib/thumb/v8-m.main+fp/hard\libc_nano.a(lib_a-memset.o)
                0x10002b68                memset
 .text._raise_r
                0x10002b78       0x50 c:/appz/nxp/mcuxpressoide_11.6.0_8187/ide/plugins/com.nxp.mcuxpresso.tools.win32_11.6.0.202112161359/tools/bin/../lib/gcc/arm-none-eabi/10.3.1/../../../../arm-none-eabi/lib/thumb/v8-m.main+fp/hard\libc_nano.a(lib_a-signal.o)
                0x10002b78                _raise_r
 .text._getpid_r
                0x10002bc8        0x4 c:/appz/nxp/mcuxpressoide_11.6.0_8187/ide/plugins/com.nxp.mcuxpresso.tools.win32_11.6.0.202112161359/tools/bin/../lib/gcc/arm-none-eabi/10.3.1/../../../../arm-none-eabi/lib/thumb/v8-m.main+fp/hard\libc_nano.a(lib_a-signalr.o)
                0x10002bc8                _getpid_r
 .text          0x10002bcc       0x10 c:/appz/nxp/mcuxpressoide_11.6.0_8187/ide/plugins/com.nxp.mcuxpresso.tools.win32_11.6.0.202112161359/tools/bin/../lib/gcc/arm-none-eabi/10.3.1/../../../../arm-none-eabi/lib/thumb/v8-m.main+fp/hard\libc_nano.a(lib_a-strlen.o)
                0x10002bcc                strlen
 .text._exit    0x10002bdc        0x2 c:/appz/nxp/mcuxpressoide_11.6.0_8187/ide/plugins/com.nxp.mcuxpresso.tools.win32_11.6.0.202112161359/tools/bin/../lib/gcc/arm-none-eabi/10.3.1/../../../../arm-none-eabi/lib/thumb/v8-m.main+fp/hard\libcr_newlib_nohost.a(_exit.o)
                0x10002bdc                _exit
 *(SORT_BY_ALIGNMENT(.rodata) SORT_BY_ALIGNMENT(.rodata.*) SORT_BY_ALIGNMENT(.constdata) SORT_BY_ALIGNMENT(.constdata.*))
 *fill*         0x10002bde        0x2 ff
 .rodata.__assert_func.str1.4
                0x10002be0       0x3e ./utilities/fsl_assert.o
 *fill*         0x10002c1e        0x2 ff
 .rodata.DbgConsole_SendData.str1.4
                0x10002c20       0x2a ./utilities/fsl_debug_console.o
 *fill*         0x10002c4a        0x2 ff
 .rodata.DbgConsole_Init.str1.4
                0x10002c4c       0x28 ./utilities/fsl_debug_console.o
 .rodata.__func__.3
                0x10002c74       0x1c ./utilities/fsl_debug_console.o
 .rodata.__func__.0
                0x10002c90       0x10 ./utilities/fsl_debug_console.o
 .rodata.DbgConsole_Printf_NSE.str1.4
                0x10002ca0       0x5d ./trustzone/veneer_table.o
 *fill*         0x10002cfd        0x3 ff
 .rodata.StringCompare_NSE.str1.4
                0x10002d00       0xef ./trustzone/veneer_table.o
 *fill*         0x10002def        0x1 ff
 .rodata.main.str1.4
                0x10002df0       0x35 ./source/hello_world_s.o
 *fill*         0x10002e25        0x3 ff
 .rodata.s_flexcommBaseAddrs
                0x10002e28       0x24 ./drivers/fsl_flexcomm.o
 .rodata.s_flexcommClocks
                0x10002e4c       0x12 ./drivers/fsl_flexcomm.o
 *fill*         0x10002e5e        0x2 ff
 .rodata.s_flexcommResets
                0x10002e60       0x24 ./drivers/fsl_flexcomm.o
 .rodata.FLEXCOMM_GetInstance.str1.4
                0x10002e84       0x17 ./drivers/fsl_flexcomm.o
 *fill*         0x10002e9b        0x1 ff
 .rodata.FLEXCOMM0_DriverIRQHandler.str1.4
                0x10002e9c       0x18 ./drivers/fsl_flexcomm.o
 .rodata.FLEXCOMM1_DriverIRQHandler.str1.4
                0x10002eb4       0x18 ./drivers/fsl_flexcomm.o
 .rodata.FLEXCOMM2_DriverIRQHandler.str1.4
                0x10002ecc       0x18 ./drivers/fsl_flexcomm.o
 .rodata.FLEXCOMM3_DriverIRQHandler.str1.4
                0x10002ee4       0x18 ./drivers/fsl_flexcomm.o
 .rodata.FLEXCOMM4_DriverIRQHandler.str1.4
                0x10002efc       0x18 ./drivers/fsl_flexcomm.o
 .rodata.FLEXCOMM5_DriverIRQHandler.str1.4
                0x10002f14       0x18 ./drivers/fsl_flexcomm.o
 .rodata.FLEXCOMM6_DriverIRQHandler.str1.4
                0x10002f2c       0x18 ./drivers/fsl_flexcomm.o
 .rodata.FLEXCOMM7_DriverIRQHandler.str1.4
                0x10002f44       0x18 ./drivers/fsl_flexcomm.o
 .rodata.FLEXCOMM8_DriverIRQHandler.str1.4
                0x10002f5c       0x18 ./drivers/fsl_flexcomm.o
 .rodata.__func__.9
                0x10002f74       0x15 ./drivers/fsl_flexcomm.o
 *fill*         0x10002f89        0x3 ff
 .rodata.__func__.8
                0x10002f8c       0x1b ./drivers/fsl_flexcomm.o
 *fill*         0x10002fa7        0x1 ff
 .rodata.__func__.7
                0x10002fa8       0x1b ./drivers/fsl_flexcomm.o
 *fill*         0x10002fc3        0x1 ff
 .rodata.__func__.6
                0x10002fc4       0x1b ./drivers/fsl_flexcomm.o
 *fill*         0x10002fdf        0x1 ff
 .rodata.__func__.5
                0x10002fe0       0x1b ./drivers/fsl_flexcomm.o
 *fill*         0x10002ffb        0x1 ff
 .rodata.__func__.4
                0x10002ffc       0x1b ./drivers/fsl_flexcomm.o
 *fill*         0x10003017        0x1 ff
 .rodata.__func__.3
                0x10003018       0x1b ./drivers/fsl_flexcomm.o
 *fill*         0x10003033        0x1 ff
 .rodata.__func__.2
                0x10003034       0x1b ./drivers/fsl_flexcomm.o
 *fill*         0x1000304f        0x1 ff
 .rodata.__func__.1
                0x10003050       0x1b ./drivers/fsl_flexcomm.o
 *fill*         0x1000306b        0x1 ff
 .rodata.__func__.0
                0x1000306c       0x1b ./drivers/fsl_flexcomm.o
 *fill*         0x10003087        0x1 ff
 .rodata.RESET_SetPeripheralReset.str1.4
                0x10003088       0x1c ./drivers/fsl_reset.o
 .rodata.__func__.1
                0x100030a4       0x19 ./drivers/fsl_reset.o
 *fill*         0x100030bd        0x3 ff
 .rodata.__func__.0
                0x100030c0       0x1b ./drivers/fsl_reset.o
 *fill*         0x100030db        0x1 ff
 .rodata.USART_GetInstance.str1.4
                0x100030dc        0xc ./drivers/fsl_usart.o
                                 0x14 (size before relaxing)
 .rodata.USART_Init.str1.4
                0x100030e8       0x3c ./drivers/fsl_usart.o
 .rodata.USART_GetDefaultConfig.str1.4
                0x10003124        0xf ./drivers/fsl_usart.o
 *fill*         0x10003133        0x1 ff
 .rodata.USART_SetBaudRate.str1.4
                0x10003134       0x3f ./drivers/fsl_usart.o
 *fill*         0x10003173        0x1 ff
 .rodata.USART_WriteBlocking.str1.4
                0x10003174       0x24 ./drivers/fsl_usart.o
 .rodata.__func__.13
                0x10003198        0xb ./drivers/fsl_usart.o
 *fill*         0x100031a3        0x1 ff
 .rodata.__func__.11
                0x100031a4       0x17 ./drivers/fsl_usart.o
 *fill*         0x100031bb        0x1 ff
 .rodata.__func__.10
                0x100031bc       0x12 ./drivers/fsl_usart.o
 *fill*         0x100031ce        0x2 ff
 .rodata.__func__.9
                0x100031d0       0x14 ./drivers/fsl_usart.o
 .rodata.s_UsartAdapterBase
                0x100031e4       0x20 ./component/uart/usart_adapter.o
 .rodata.HAL_UartInit.str1.4
                0x10003204       0x85 ./component/uart/usart_adapter.o
                                 0x8d (size before relaxing)
 *fill*         0x10003289        0x3 ff
 .rodata.HAL_UartReceiveBlocking.str1.4
                0x1000328c        0xf ./component/uart/usart_adapter.o
 *fill*         0x1000329b        0x1 ff
 .rodata.__func__.3
                0x1000329c        0xd ./component/uart/usart_adapter.o
 *fill*         0x100032a9        0x3 ff
 .rodata.__func__.0
                0x100032ac       0x15 ./component/uart/usart_adapter.o
 *fill*         0x100032c1        0x3 ff
 .rodata.SerialManager_Write.str1.4
                0x100032c4       0x27 ./component/serial_manager/serial_manager.o
                                 0x37 (size before relaxing)
 *fill*         0x100032eb        0x1 ff
 .rodata.SerialManager_Read.str1.4
                0x100032ec        0xb ./component/serial_manager/serial_manager.o
 *fill*         0x100032f7        0x1 ff
 .rodata.SerialManager_Init.str1.4
                0x100032f8        0xd ./component/serial_manager/serial_manager.o
                                 0x15 (size before relaxing)
 *fill*         0x10003305        0x3 ff
 .rodata.__func__.9
                0x10003308       0x14 ./component/serial_manager/serial_manager.o
 .rodata.__func__.7
                0x1000331c       0x13 ./component/serial_manager/serial_manager.o
 *fill*         0x1000332f        0x1 ff
 .rodata.__func__.5
                0x10003330       0x1e ./component/serial_manager/serial_manager.o
 *fill*         0x1000334e        0x2 ff
 .rodata.__func__.3
                0x10003350       0x1d ./component/serial_manager/serial_manager.o
 *fill*         0x1000336d        0x3 ff
 .rodata.Serial_UartInit.str1.4
                0x10003370       0x23 ./component/serial_manager/serial_port_uart.o
                                 0x31 (size before relaxing)
 .rodata.Serial_UartWrite.str1.4
                0x10003393        0xf ./component/serial_manager/serial_port_uart.o
 *fill*         0x10003393        0x1 ff
 .rodata.__func__.3
                0x10003394       0x10 ./component/serial_manager/serial_port_uart.o
 .rodata.__func__.1
                0x100033a4       0x11 ./component/serial_manager/serial_port_uart.o
                0x100033b8                . = ALIGN (0x4)
 *fill*         0x100033b5        0x3 ff
                0x100033b8                _etext = .

.glue_7         0x100033b8        0x0
 .glue_7        0x100033b8        0x0 linker stubs

.glue_7t        0x100033b8        0x0
 .glue_7t       0x100033b8        0x0 linker stubs

.vfp11_veneer   0x100033b8        0x0
 .vfp11_veneer  0x100033b8        0x0 linker stubs

.v4_bx          0x100033b8        0x0
 .v4_bx         0x100033b8        0x0 linker stubs

.iplt           0x100033b8        0x0
 .iplt          0x100033b8        0x0 ./utilities/fsl_assert.o

.rel.dyn        0x100033b8        0x0
 .rel.iplt      0x100033b8        0x0 ./utilities/fsl_assert.o

.uninit_RESERVED
                0x30000000        0x0
                0x30000000                _start_uninit_RESERVED = .
 *(SORT_BY_ALIGNMENT(.bss.$RESERVED*))
                0x30000000                . = ALIGN (0x4)
                0x30000000                _end_uninit_RESERVED = .

.data           0x30000000       0x68 load address 0x100033b8
 FILL mask 0xff
                0x30000000                _data = .
                [!provide]                PROVIDE (__start_data_RAM = .)
                [!provide]                PROVIDE (__start_data_Ram0 = .)
 *(SORT_BY_ALIGNMENT(vtable))
 *(SORT_BY_ALIGNMENT(.ramfunc*))
 *(SORT_BY_ALIGNMENT(CodeQuickAccess))
 *(SORT_BY_ALIGNMENT(DataQuickAccess))
 *(SORT_BY_ALIGNMENT(RamFunction))
 *(SORT_BY_ALIGNMENT(.data*))
 .data.SystemCoreClock
                0x30000000        0x4 ./device/system_LPC55S69_cm33_core0.o
                0x30000000                SystemCoreClock
 .data._impure_ptr
                0x30000004        0x4 c:/appz/nxp/mcuxpressoide_11.6.0_8187/ide/plugins/com.nxp.mcuxpresso.tools.win32_11.6.0.202112161359/tools/bin/../lib/gcc/arm-none-eabi/10.3.1/../../../../arm-none-eabi/lib/thumb/v8-m.main+fp/hard\libc_nano.a(lib_a-impure.o)
                0x30000004                _impure_ptr
 .data.impure_data
                0x30000008       0x60 c:/appz/nxp/mcuxpressoide_11.6.0_8187/ide/plugins/com.nxp.mcuxpresso.tools.win32_11.6.0.202112161359/tools/bin/../lib/gcc/arm-none-eabi/10.3.1/../../../../arm-none-eabi/lib/thumb/v8-m.main+fp/hard\libc_nano.a(lib_a-impure.o)
                0x30000068                . = ALIGN (0x4)
                0x30000068                _edata = .
                [!provide]                PROVIDE (__end_data_RAM = .)
                [!provide]                PROVIDE (__end_data_Ram0 = .)

.igot.plt       0x30000068        0x0 load address 0x10003420
 .igot.plt      0x30000068        0x0 ./utilities/fsl_assert.o

.bss            0x30000068       0x6c
                0x30000068                _bss = .
                [!provide]                PROVIDE (__start_bss_RAM = .)
                [!provide]                PROVIDE (__start_bss_Ram0 = .)
 *(SORT_BY_ALIGNMENT(.bss*))
 .bss.s_debugConsoleState
                0x30000068       0x1c ./utilities/fsl_debug_console.o
 .bss.g_serialHandle
                0x30000084        0x4 ./utilities/fsl_debug_console.o
                0x30000084                g_serialHandle
 .bss.s_flexcommIrqHandler
                0x30000088       0x24 ./drivers/fsl_flexcomm.o
 .bss.s_flexcommHandle
                0x300000ac       0x24 ./drivers/fsl_flexcomm.o
 .bss.errno     0x300000d0        0x4 c:/appz/nxp/mcuxpressoide_11.6.0_8187/ide/plugins/com.nxp.mcuxpresso.tools.win32_11.6.0.202112161359/tools/bin/../lib/gcc/arm-none-eabi/10.3.1/../../../../arm-none-eabi/lib/thumb/v8-m.main+fp/hard\libc_nano.a(lib_a-reent.o)
                0x300000d0                errno
 *(SORT_BY_ALIGNMENT(COMMON))
                0x300000d4                . = ALIGN (0x4)
                0x300000d4                _ebss = .
                [!provide]                PROVIDE (__end_bss_RAM = .)
                [!provide]                PROVIDE (__end_bss_Ram0 = .)
                [!provide]                PROVIDE (end = .)

.noinit         0x300000d4        0x0
                0x300000d4                _noinit = .
                [!provide]                PROVIDE (__start_noinit_RAM = .)
                [!provide]                PROVIDE (__start_noinit_Ram0 = .)
 *(SORT_BY_ALIGNMENT(.noinit*))
                0x300000d4                . = ALIGN (0x4)
                0x300000d4                _end_noinit = .
                [!provide]                PROVIDE (__end_noinit_RAM = .)
                [!provide]                PROVIDE (__end_noinit_Ram0 = .)

.ARM.extab
 *(SORT_BY_ALIGNMENT(.ARM.extab*) SORT_BY_ALIGNMENT(.gnu.linkonce.armextab.*))

.ARM.exidx      0x10003420        0x0
                0x10003420                __exidx_start = .
 *(SORT_BY_ALIGNMENT(.ARM.exidx*) SORT_BY_ALIGNMENT(.gnu.linkonce.armexidx.*))
                0x10003420                __exidx_end = .
                0x00000800                _HeapSize = 0x800

.heap           0x300000d4      0x800
                0x300000d4                _pvHeapStart = .
                0x300008d4                . = (. + _HeapSize)
 *fill*         0x300000d4      0x800 
                0x300008d4                . = ALIGN (0x4)
                0x300008d4                _pvHeapLimit = .
                0x00000800                _StackSize = 0x800

.heap2stackfill
                0x300008d4      0x800
                0x300010d4                . = (. + _StackSize)
 *fill*         0x300008d4      0x800 

.stack          0x30007800        0x0
                0x30007800                _vStackBase = .
                0x30007800                . = ALIGN (0x4)
                0x30008000                _vStackTop = (. + _StackSize)
                0x6fff4f18                PROVIDE (__valid_user_code_checksum = (0x0 - ((((((_vStackTop + (ResetISR + 0x1)) + (NMI_Handler + 0x1)) + (HardFault_Handler + 0x1)) + (DEFINED (MemManage_Handler)?MemManage_Handler:0x0 + 0x1)) + (DEFINED (BusFault_Handler)?BusFault_Handler:0x0 + 0x1)) + (DEFINED (UsageFault_Handler)?UsageFault_Handler:0x0 + 0x1))))
                0x10000000                _image_start = LOADADDR (.text)
                0x10003420                _image_end = (LOADADDR (.data) + SIZEOF (.data))
                0x00003420                _image_size = (_image_end - _image_start)
OUTPUT(lpcxpresso55s69_hello_world_s.axf elf32-littlearm)
LOAD linker stubs

.debug_info     0x00000000    0x140fc
 .debug_info    0x00000000       0xd8 ./utilities/fsl_assert.o
 .debug_info    0x000000d8      0xb24 ./utilities/fsl_debug_console.o
 .debug_info    0x00000bfc      0x4fe ./utilities/fsl_str.o
 .debug_info    0x000010fa      0xd8b ./trustzone/tzm_config.o
 .debug_info    0x00001e85      0x1da ./trustzone/veneer_table.o
 .debug_info    0x0000205f      0x6f4 ./startup/startup_lpc55s69_cm33_core0.o
 .debug_info    0x00002753      0x98e ./source/hello_world_s.o
 .debug_info    0x000030e1       0x3c ./source/semihost_hardfault.o
 .debug_info    0x0000311d     0x395c ./drivers/fsl_clock.o
 .debug_info    0x00006a79     0x1ca4 ./drivers/fsl_flexcomm.o
 .debug_info    0x0000871d     0x10c1 ./drivers/fsl_reset.o
 .debug_info    0x000097de     0x1805 ./drivers/fsl_usart.o
 .debug_info    0x0000afe3     0x1692 ./device/system_LPC55S69_cm33_core0.o
 .debug_info    0x0000c675      0xbfe ./component/uart/usart_adapter.o
 .debug_info    0x0000d273      0x837 ./component/serial_manager/serial_manager.o
 .debug_info    0x0000daaa      0x50b ./component/serial_manager/serial_port_uart.o
 .debug_info    0x0000dfb5      0x826 ./board/board.o
 .debug_info    0x0000e7db     0x1809 ./board/clock_config.o
 .debug_info    0x0000ffe4     0x112b ./board/pin_mux.o
 .debug_info    0x0001110f     0x2fed C:\Temp\MPC-MKS\lpcxpresso55s69_hello_world_s\libs\libpower_hardabi_s.a(fsl_power_lib.o)

.debug_abbrev   0x00000000     0x22a4
 .debug_abbrev  0x00000000       0x6b ./utilities/fsl_assert.o
 .debug_abbrev  0x0000006b      0x1fb ./utilities/fsl_debug_console.o
 .debug_abbrev  0x00000266      0x17a ./utilities/fsl_str.o
 .debug_abbrev  0x000003e0      0x112 ./trustzone/tzm_config.o
 .debug_abbrev  0x000004f2       0xee ./trustzone/veneer_table.o
 .debug_abbrev  0x000005e0      0x165 ./startup/startup_lpc55s69_cm33_core0.o
 .debug_abbrev  0x00000745      0x170 ./source/hello_world_s.o
 .debug_abbrev  0x000008b5       0x31 ./source/semihost_hardfault.o
 .debug_abbrev  0x000008e6      0x381 ./drivers/fsl_clock.o
 .debug_abbrev  0x00000c67      0x29e ./drivers/fsl_flexcomm.o
 .debug_abbrev  0x00000f05      0x14d ./drivers/fsl_reset.o
 .debug_abbrev  0x00001052      0x354 ./drivers/fsl_usart.o
 .debug_abbrev  0x000013a6      0x1e7 ./device/system_LPC55S69_cm33_core0.o
 .debug_abbrev  0x0000158d      0x1dc ./component/uart/usart_adapter.o
 .debug_abbrev  0x00001769      0x158 ./component/serial_manager/serial_manager.o
 .debug_abbrev  0x000018c1      0x13b ./component/serial_manager/serial_port_uart.o
 .debug_abbrev  0x000019fc       0xd1 ./board/board.o
 .debug_abbrev  0x00001acd      0x1bd ./board/clock_config.o
 .debug_abbrev  0x00001c8a      0x1d9 ./board/pin_mux.o
 .debug_abbrev  0x00001e63      0x441 C:\Temp\MPC-MKS\lpcxpresso55s69_hello_world_s\libs\libpower_hardabi_s.a(fsl_power_lib.o)

.debug_aranges  0x00000000      0xa30
 .debug_aranges
                0x00000000       0x20 ./utilities/fsl_assert.o
 .debug_aranges
                0x00000020       0x80 ./utilities/fsl_debug_console.o
 .debug_aranges
                0x000000a0       0x38 ./utilities/fsl_str.o
 .debug_aranges
                0x000000d8       0x20 ./trustzone/tzm_config.o
 .debug_aranges
                0x000000f8       0x30 ./trustzone/veneer_table.o
 .debug_aranges
                0x00000128      0x260 ./startup/startup_lpc55s69_cm33_core0.o
 .debug_aranges
                0x00000388       0x28 ./source/hello_world_s.o
 .debug_aranges
                0x000003b0       0x20 ./source/semihost_hardfault.o
 .debug_aranges
                0x000003d0      0x218 ./drivers/fsl_clock.o
 .debug_aranges
                0x000005e8       0x90 ./drivers/fsl_flexcomm.o
 .debug_aranges
                0x00000678       0x30 ./drivers/fsl_reset.o
 .debug_aranges
                0x000006a8       0xe0 ./drivers/fsl_usart.o
 .debug_aranges
                0x00000788       0x88 ./device/system_LPC55S69_cm33_core0.o
 .debug_aranges
                0x00000810       0x40 ./component/uart/usart_adapter.o
 .debug_aranges
                0x00000850       0x88 ./component/serial_manager/serial_manager.o
 .debug_aranges
                0x000008d8       0x38 ./component/serial_manager/serial_port_uart.o
 .debug_aranges
                0x00000910       0x28 ./board/board.o
 .debug_aranges
                0x00000938       0x40 ./board/clock_config.o
 .debug_aranges
                0x00000978       0x38 ./board/pin_mux.o
 .debug_aranges
                0x000009b0       0x80 C:\Temp\MPC-MKS\lpcxpresso55s69_hello_world_s\libs\libpower_hardabi_s.a(fsl_power_lib.o)

.debug_ranges   0x00000000      0x990
 .debug_ranges  0x00000000       0x10 ./utilities/fsl_assert.o
 .debug_ranges  0x00000010       0x70 ./utilities/fsl_debug_console.o
 .debug_ranges  0x00000080       0x28 ./utilities/fsl_str.o
 .debug_ranges  0x000000a8       0x10 ./trustzone/tzm_config.o
 .debug_ranges  0x000000b8       0x20 ./trustzone/veneer_table.o
 .debug_ranges  0x000000d8      0x250 ./startup/startup_lpc55s69_cm33_core0.o
 .debug_ranges  0x00000328       0x18 ./source/hello_world_s.o
 .debug_ranges  0x00000340       0x10 ./source/semihost_hardfault.o
 .debug_ranges  0x00000350      0x208 ./drivers/fsl_clock.o
 .debug_ranges  0x00000558       0x80 ./drivers/fsl_flexcomm.o
 .debug_ranges  0x000005d8       0x20 ./drivers/fsl_reset.o
 .debug_ranges  0x000005f8       0xd0 ./drivers/fsl_usart.o
 .debug_ranges  0x000006c8       0x78 ./device/system_LPC55S69_cm33_core0.o
 .debug_ranges  0x00000740       0x30 ./component/uart/usart_adapter.o
 .debug_ranges  0x00000770       0x78 ./component/serial_manager/serial_manager.o
 .debug_ranges  0x000007e8       0x28 ./component/serial_manager/serial_port_uart.o
 .debug_ranges  0x00000810       0x18 ./board/board.o
 .debug_ranges  0x00000828       0x30 ./board/clock_config.o
 .debug_ranges  0x00000858       0x28 ./board/pin_mux.o
 .debug_ranges  0x00000880      0x110 C:\Temp\MPC-MKS\lpcxpresso55s69_hello_world_s\libs\libpower_hardabi_s.a(fsl_power_lib.o)

.debug_macro    0x00000000    0x19d3e
 .debug_macro   0x00000000      0x228 ./utilities/fsl_assert.o
 .debug_macro   0x00000228      0xaae ./utilities/fsl_assert.o
 .debug_macro   0x00000cd6       0x22 ./utilities/fsl_assert.o
 .debug_macro   0x00000cf8       0x4c ./utilities/fsl_assert.o
 .debug_macro   0x00000d44       0x1e ./utilities/fsl_assert.o
 .debug_macro   0x00000d62       0x94 ./utilities/fsl_assert.o
 .debug_macro   0x00000df6       0x3c ./utilities/fsl_assert.o
 .debug_macro   0x00000e32       0x34 ./utilities/fsl_assert.o
 .debug_macro   0x00000e66       0x16 ./utilities/fsl_assert.o
 .debug_macro   0x00000e7c       0x22 ./utilities/fsl_assert.o
 .debug_macro   0x00000e9e      0x34e ./utilities/fsl_assert.o
 .debug_macro   0x000011ec      0x16d ./utilities/fsl_assert.o
 .debug_macro   0x00001359       0x16 ./utilities/fsl_assert.o
 .debug_macro   0x0000136f       0x43 ./utilities/fsl_assert.o
 .debug_macro   0x000013b2       0x57 ./utilities/fsl_assert.o
 .debug_macro   0x00001409       0x34 ./utilities/fsl_assert.o
 .debug_macro   0x0000143d       0x10 ./utilities/fsl_assert.o
 .debug_macro   0x0000144d       0x58 ./utilities/fsl_assert.o
 .debug_macro   0x000014a5       0x71 ./utilities/fsl_assert.o
 .debug_macro   0x00001516       0x10 ./utilities/fsl_assert.o
 .debug_macro   0x00001526      0x12a ./utilities/fsl_assert.o
 .debug_macro   0x00001650      0x35d ./utilities/fsl_assert.o
 .debug_macro   0x000019ad       0x10 ./utilities/fsl_assert.o
 .debug_macro   0x000019bd       0x35 ./utilities/fsl_assert.o
 .debug_macro   0x000019f2       0x16 ./utilities/fsl_assert.o
 .debug_macro   0x00001a08       0x16 ./utilities/fsl_assert.o
 .debug_macro   0x00001a1e       0x29 ./utilities/fsl_assert.o
 .debug_macro   0x00001a47       0x10 ./utilities/fsl_assert.o
 .debug_macro   0x00001a57       0x46 ./utilities/fsl_assert.o
 .debug_macro   0x00001a9d       0x1c ./utilities/fsl_assert.o
 .debug_macro   0x00001ab9       0x29 ./utilities/fsl_assert.o
 .debug_macro   0x00001ae2       0xd9 ./utilities/fsl_assert.o
 .debug_macro   0x00001bbb     0x1551 ./utilities/fsl_assert.o
 .debug_macro   0x0000310c       0x5e ./utilities/fsl_assert.o
 .debug_macro   0x0000316a       0x2e ./utilities/fsl_assert.o
 .debug_macro   0x00003198    0x1301c ./utilities/fsl_assert.o
 .debug_macro   0x000161b4      0x2a5 ./utilities/fsl_assert.o
 .debug_macro   0x00016459       0xc9 ./utilities/fsl_assert.o
 .debug_macro   0x00016522      0x2f4 ./utilities/fsl_assert.o
 .debug_macro   0x00016816       0xd2 ./utilities/fsl_assert.o
 .debug_macro   0x000168e8       0x34 ./utilities/fsl_assert.o
 .debug_macro   0x0001691c       0x10 ./utilities/fsl_assert.o
 .debug_macro   0x0001692c       0x32 ./utilities/fsl_assert.o
 .debug_macro   0x0001695e       0x2e ./utilities/fsl_assert.o
 .debug_macro   0x0001698c      0x27b ./utilities/fsl_debug_console.o
 .debug_macro   0x00016c07       0x58 ./utilities/fsl_debug_console.o
 .debug_macro   0x00016c5f      0x10e ./utilities/fsl_debug_console.o
 .debug_macro   0x00016d6d       0x86 ./utilities/fsl_debug_console.o
 .debug_macro   0x00016df3       0x5d ./utilities/fsl_debug_console.o
 .debug_macro   0x00016e50       0x16 ./utilities/fsl_debug_console.o
 .debug_macro   0x00016e66       0x34 ./utilities/fsl_debug_console.o
 .debug_macro   0x00016e9a      0x22b ./utilities/fsl_str.o
 .debug_macro   0x000170c5      0x19b ./utilities/fsl_str.o
 .debug_macro   0x00017260      0x230 ./trustzone/tzm_config.o
 .debug_macro   0x00017490      0x24b ./trustzone/veneer_table.o
 .debug_macro   0x000176db       0x63 ./trustzone/veneer_table.o
 .debug_macro   0x0001773e       0x29 ./startup/startup_lpc55s69_cm33_core0.o
 .debug_macro   0x00017767      0x296 ./source/hello_world_s.o
 .debug_macro   0x000179fd       0x28 ./source/hello_world_s.o
 .debug_macro   0x00017a25       0x10 ./source/hello_world_s.o
 .debug_macro   0x00017a35       0xf6 ./source/hello_world_s.o
 .debug_macro   0x00017b2b      0x255 ./source/hello_world_s.o
 .debug_macro   0x00017d80       0x2e ./source/hello_world_s.o
 .debug_macro   0x00017dae       0x11 ./source/semihost_hardfault.o
 .debug_macro   0x00017dbf      0x2a7 ./drivers/fsl_clock.o
 .debug_macro   0x00018066      0x41f ./drivers/fsl_clock.o
 .debug_macro   0x00018485      0x211 ./drivers/fsl_flexcomm.o
 .debug_macro   0x00018696       0x10 ./drivers/fsl_flexcomm.o
 .debug_macro   0x000186a6      0x208 ./drivers/fsl_reset.o
 .debug_macro   0x000188ae      0x220 ./drivers/fsl_usart.o
 .debug_macro   0x00018ace       0x16 ./drivers/fsl_usart.o
 .debug_macro   0x00018ae4       0xa9 ./device/system_LPC55S69_cm33_core0.o
 .debug_macro   0x00018b8d      0x21d ./component/uart/usart_adapter.o
 .debug_macro   0x00018daa       0x1c ./component/uart/usart_adapter.o
 .debug_macro   0x00018dc6       0x22 ./component/uart/usart_adapter.o
 .debug_macro   0x00018de8      0x23b ./component/serial_manager/serial_manager.o
 .debug_macro   0x00019023      0x22c ./component/serial_manager/serial_port_uart.o
 .debug_macro   0x0001924f       0x22 ./component/serial_manager/serial_port_uart.o
 .debug_macro   0x00019271      0x256 ./board/board.o
 .debug_macro   0x000194c7      0x228 ./board/clock_config.o
 .debug_macro   0x000196ef      0x419 ./board/clock_config.o
 .debug_macro   0x00019b08       0x22 ./board/clock_config.o
 .debug_macro   0x00019b2a      0x214 ./board/pin_mux.o

.debug_line     0x00000000     0xa8d0
 .debug_line    0x00000000      0x654 ./utilities/fsl_assert.o
 .debug_line    0x00000654      0x98d ./utilities/fsl_debug_console.o
 .debug_line    0x00000fe1      0xc85 ./utilities/fsl_str.o
 .debug_line    0x00001c66      0x788 ./trustzone/tzm_config.o
 .debug_line    0x000023ee      0x76a ./trustzone/veneer_table.o
 .debug_line    0x00002b58      0x6ad ./startup/startup_lpc55s69_cm33_core0.o
 .debug_line    0x00003205      0x7ad ./source/hello_world_s.o
 .debug_line    0x000039b2       0x59 ./source/semihost_hardfault.o
 .debug_line    0x00003a0b     0x19e9 ./drivers/fsl_clock.o
 .debug_line    0x000053f4      0x84c ./drivers/fsl_flexcomm.o
 .debug_line    0x00005c40      0x622 ./drivers/fsl_reset.o
 .debug_line    0x00006262      0xfc8 ./drivers/fsl_usart.o
 .debug_line    0x0000722a      0x636 ./device/system_LPC55S69_cm33_core0.o
 .debug_line    0x00007860      0x72c ./component/uart/usart_adapter.o
 .debug_line    0x00007f8c      0x8f6 ./component/serial_manager/serial_manager.o
 .debug_line    0x00008882      0x75a ./component/serial_manager/serial_port_uart.o
 .debug_line    0x00008fdc      0x6dd ./board/board.o
 .debug_line    0x000096b9      0x685 ./board/clock_config.o
 .debug_line    0x00009d3e      0x64c ./board/pin_mux.o
 .debug_line    0x0000a38a      0x546 C:\Temp\MPC-MKS\lpcxpresso55s69_hello_world_s\libs\libpower_hardabi_s.a(fsl_power_lib.o)

.debug_str      0x00000000    0xd35ac
 .debug_str     0x00000000    0xc7090 ./utilities/fsl_assert.o
                              0xc7282 (size before relaxing)
 .debug_str     0x000c7090     0x1457 ./utilities/fsl_debug_console.o
                              0xc87a7 (size before relaxing)
 .debug_str     0x000c84e7      0x9ca ./utilities/fsl_str.o
                              0xc7c35 (size before relaxing)
 .debug_str     0x000c8eb1      0x6d6 ./trustzone/tzm_config.o
                              0xc7615 (size before relaxing)
 .debug_str     0x000c9587      0x390 ./trustzone/veneer_table.o
                              0xc75e7 (size before relaxing)
 .debug_str     0x000c9917      0x677 ./startup/startup_lpc55s69_cm33_core0.o
                               0x348c (size before relaxing)
 .debug_str     0x000c9f8e     0x26a0 ./source/hello_world_s.o
                              0xc9d6a (size before relaxing)
 .debug_str     0x000cc62e       0x1f ./source/semihost_hardfault.o
                               0x2de1 (size before relaxing)
 .debug_str     0x000cc64d     0x3fba ./drivers/fsl_clock.o
                              0xcc7cb (size before relaxing)
 .debug_str     0x000d0607      0xce1 ./drivers/fsl_flexcomm.o
                              0xc94d7 (size before relaxing)
 .debug_str     0x000d12e8       0xae ./drivers/fsl_reset.o
                              0xc7e44 (size before relaxing)
 .debug_str     0x000d1396      0xba5 ./drivers/fsl_usart.o
                              0xc8b80 (size before relaxing)
 .debug_str     0x000d1f3b      0x120 ./device/system_LPC55S69_cm33_core0.o
                              0xc28ad (size before relaxing)
 .debug_str     0x000d205b      0x33f ./component/uart/usart_adapter.o
                              0xc82c6 (size before relaxing)
 .debug_str     0x000d239a      0x388 ./component/serial_manager/serial_manager.o
                              0xc772e (size before relaxing)
 .debug_str     0x000d2722       0xfc ./component/serial_manager/serial_port_uart.o
                              0xc77dc (size before relaxing)
 .debug_str     0x000d281e       0x54 ./board/board.o
                              0xc9ea9 (size before relaxing)
 .debug_str     0x000d2872       0x7c ./board/clock_config.o
                              0xca3fe (size before relaxing)
 .debug_str     0x000d28ee       0x7f ./board/pin_mux.o
                              0xc83b8 (size before relaxing)
 .debug_str     0x000d296d      0xc3f C:\Temp\MPC-MKS\lpcxpresso55s69_hello_world_s\libs\libpower_hardabi_s.a(fsl_power_lib.o)
                               0x3938 (size before relaxing)

.comment        0x00000000       0xc8
 .comment       0x00000000       0x49 ./utilities/fsl_assert.o
                                 0x4a (size before relaxing)
 .comment       0x00000049       0x4a ./utilities/fsl_debug_console.o
 .comment       0x00000049       0x4a ./utilities/fsl_str.o
 .comment       0x00000049       0x4a ./trustzone/tzm_config.o
 .comment       0x00000049       0x4a ./startup/startup_lpc55s69_cm33_core0.o
 .comment       0x00000049       0x4a ./source/hello_world_s.o
 .comment       0x00000049       0x4a ./source/semihost_hardfault.o
 .comment       0x00000049       0x4a ./drivers/fsl_clock.o
 .comment       0x00000049       0x4a ./drivers/fsl_flexcomm.o
 .comment       0x00000049       0x4a ./drivers/fsl_reset.o
 .comment       0x00000049       0x4a ./drivers/fsl_usart.o
 .comment       0x00000049       0x4a ./device/system_LPC55S69_cm33_core0.o
 .comment       0x00000049       0x4a ./component/uart/usart_adapter.o
 .comment       0x00000049       0x4a ./component/serial_manager/serial_manager.o
 .comment       0x00000049       0x4a ./component/serial_manager/serial_port_uart.o
 .comment       0x00000049       0x4a ./board/board.o
 .comment       0x00000049       0x4a ./board/clock_config.o
 .comment       0x00000049       0x4a ./board/pin_mux.o
 .comment       0x00000049       0x7f C:\Temp\MPC-MKS\lpcxpresso55s69_hello_world_s\libs\libpower_hardabi_s.a(fsl_power_lib.o)
                                 0x80 (size before relaxing)

.ARM.attributes
                0x00000000       0x38
 .ARM.attributes
                0x00000000       0x3a ./utilities/fsl_assert.o
 .ARM.attributes
                0x0000003a       0x3a ./utilities/fsl_debug_console.o
 .ARM.attributes
                0x00000074       0x3a ./utilities/fsl_str.o
 .ARM.attributes
                0x000000ae       0x3a ./trustzone/tzm_config.o
 .ARM.attributes
                0x000000e8       0x3a ./startup/startup_lpc55s69_cm33_core0.o
 .ARM.attributes
                0x00000122       0x3a ./source/hello_world_s.o
 .ARM.attributes
                0x0000015c       0x3a ./source/semihost_hardfault.o
 .ARM.attributes
                0x00000196       0x3a ./drivers/fsl_clock.o
 .ARM.attributes
                0x000001d0       0x3a ./drivers/fsl_flexcomm.o
 .ARM.attributes
                0x0000020a       0x3a ./drivers/fsl_reset.o
 .ARM.attributes
                0x00000244       0x3a ./drivers/fsl_usart.o
 .ARM.attributes
                0x0000027e       0x3a ./device/system_LPC55S69_cm33_core0.o
 .ARM.attributes
                0x000002b8       0x3a ./component/uart/usart_adapter.o
 .ARM.attributes
                0x000002f2       0x3a ./component/serial_manager/serial_manager.o
 .ARM.attributes
                0x0000032c       0x3a ./component/serial_manager/serial_port_uart.o
 .ARM.attributes
                0x00000366       0x3a ./board/board.o
 .ARM.attributes
                0x000003a0       0x3a ./board/clock_config.o
 .ARM.attributes
                0x000003da       0x3a ./board/pin_mux.o
 .ARM.attributes
                0x00000414       0x3c C:\Temp\MPC-MKS\lpcxpresso55s69_hello_world_s\libs\libpower_hardabi_s.a(fsl_power_lib.o)
 .ARM.attributes
                0x00000450       0x24 c:/appz/nxp/mcuxpressoide_11.6.0_8187/ide/plugins/com.nxp.mcuxpresso.tools.win32_11.6.0.202112161359/tools/bin/../lib/gcc/arm-none-eabi/10.3.1/thumb/v8-m.main+fp/hard\libgcc.a(cmse_nonsecure_call.o)
 .ARM.attributes
                0x00000474       0x22 c:/appz/nxp/mcuxpressoide_11.6.0_8187/ide/plugins/com.nxp.mcuxpresso.tools.win32_11.6.0.202112161359/tools/bin/../lib/gcc/arm-none-eabi/10.3.1/thumb/v8-m.main+fp/hard\libgcc.a(_arm_muldf3.o)
 .ARM.attributes
                0x00000496       0x22 c:/appz/nxp/mcuxpressoide_11.6.0_8187/ide/plugins/com.nxp.mcuxpresso.tools.win32_11.6.0.202112161359/tools/bin/../lib/gcc/arm-none-eabi/10.3.1/thumb/v8-m.main+fp/hard\libgcc.a(_arm_addsubdf3.o)
 .ARM.attributes
                0x000004b8       0x22 c:/appz/nxp/mcuxpressoide_11.6.0_8187/ide/plugins/com.nxp.mcuxpresso.tools.win32_11.6.0.202112161359/tools/bin/../lib/gcc/arm-none-eabi/10.3.1/thumb/v8-m.main+fp/hard\libgcc.a(_arm_truncdfsf2.o)
 .ARM.attributes
                0x000004da       0x38 c:/appz/nxp/mcuxpressoide_11.6.0_8187/ide/plugins/com.nxp.mcuxpresso.tools.win32_11.6.0.202112161359/tools/bin/../lib/gcc/arm-none-eabi/10.3.1/../../../../arm-none-eabi/lib/thumb/v8-m.main+fp/hard\libc_nano.a(lib_a-memset.o)
 .ARM.attributes
                0x00000512       0x17 c:/appz/nxp/mcuxpressoide_11.6.0_8187/ide/plugins/com.nxp.mcuxpresso.tools.win32_11.6.0.202112161359/tools/bin/../lib/gcc/arm-none-eabi/10.3.1/../../../../arm-none-eabi/lib/thumb/v8-m.main+fp/hard\libc_nano.a(lib_a-strlen.o)

.debug_frame    0x00000000     0x23d0
 .debug_frame   0x00000000       0x30 ./utilities/fsl_assert.o
 .debug_frame   0x00000030      0x208 ./utilities/fsl_debug_console.o
 .debug_frame   0x00000238       0xb4 ./utilities/fsl_str.o
 .debug_frame   0x000002ec       0x34 ./trustzone/tzm_config.o
 .debug_frame   0x00000320       0x8c ./trustzone/veneer_table.o
 .debug_frame   0x000003ac      0x694 ./startup/startup_lpc55s69_cm33_core0.o
 .debug_frame   0x00000a40       0x4c ./source/hello_world_s.o
 .debug_frame   0x00000a8c       0x20 ./source/semihost_hardfault.o
 .debug_frame   0x00000aac      0x960 ./drivers/fsl_clock.o
 .debug_frame   0x0000140c      0x1ec ./drivers/fsl_flexcomm.o
 .debug_frame   0x000015f8       0x7c ./drivers/fsl_reset.o
 .debug_frame   0x00001674      0x3b0 ./drivers/fsl_usart.o
 .debug_frame   0x00001a24      0x220 ./device/system_LPC55S69_cm33_core0.o
 .debug_frame   0x00001c44       0xc8 ./component/uart/usart_adapter.o
 .debug_frame   0x00001d0c      0x208 ./component/serial_manager/serial_manager.o
 .debug_frame   0x00001f14       0xa0 ./component/serial_manager/serial_port_uart.o
 .debug_frame   0x00001fb4       0x58 ./board/board.o
 .debug_frame   0x0000200c       0xb0 ./board/clock_config.o
 .debug_frame   0x000020bc       0xa0 ./board/pin_mux.o
 .debug_frame   0x0000215c      0x154 C:\Temp\MPC-MKS\lpcxpresso55s69_hello_world_s\libs\libpower_hardabi_s.a(fsl_power_lib.o)
 .debug_frame   0x000022b0       0x30 c:/appz/nxp/mcuxpressoide_11.6.0_8187/ide/plugins/com.nxp.mcuxpresso.tools.win32_11.6.0.202112161359/tools/bin/../lib/gcc/arm-none-eabi/10.3.1/thumb/v8-m.main+fp/hard\libgcc.a(_arm_muldf3.o)
 .debug_frame   0x000022e0       0xac c:/appz/nxp/mcuxpressoide_11.6.0_8187/ide/plugins/com.nxp.mcuxpresso.tools.win32_11.6.0.202112161359/tools/bin/../lib/gcc/arm-none-eabi/10.3.1/thumb/v8-m.main+fp/hard\libgcc.a(_arm_addsubdf3.o)
 .debug_frame   0x0000238c       0x24 c:/appz/nxp/mcuxpressoide_11.6.0_8187/ide/plugins/com.nxp.mcuxpresso.tools.win32_11.6.0.202112161359/tools/bin/../lib/gcc/arm-none-eabi/10.3.1/thumb/v8-m.main+fp/hard\libgcc.a(_arm_truncdfsf2.o)
 .debug_frame   0x000023b0       0x20 c:/appz/nxp/mcuxpressoide_11.6.0_8187/ide/plugins/com.nxp.mcuxpresso.tools.win32_11.6.0.202112161359/tools/bin/../lib/gcc/arm-none-eabi/10.3.1/../../../../arm-none-eabi/lib/thumb/v8-m.main+fp/hard\libc_nano.a(lib_a-memset.o)

.debug_loc      0x00000000      0x9d1
 .debug_loc     0x00000000      0x9d1 C:\Temp\MPC-MKS\lpcxpresso55s69_hello_world_s\libs\libpower_hardabi_s.a(fsl_power_lib.o)

Cross Reference Table

Symbol                                            File
ACMP_DriverIRQHandler                             ./startup/startup_lpc55s69_cm33_core0.o
ACMP_IRQHandler                                   ./startup/startup_lpc55s69_cm33_core0.o
ADC0_DriverIRQHandler                             ./startup/startup_lpc55s69_cm33_core0.o
ADC0_IRQHandler                                   ./startup/startup_lpc55s69_cm33_core0.o
BOARD_BootClockFRO12M                             ./board/clock_config.o
BOARD_BootClockFROHF96M                           ./board/clock_config.o
                                                  ./source/hello_world_s.o
BOARD_BootClockPLL100M                            ./board/clock_config.o
BOARD_InitBootClocks                              ./board/clock_config.o
BOARD_InitBootPins                                ./board/pin_mux.o
BOARD_InitDebugConsole                            ./board/board.o
                                                  ./source/hello_world_s.o
BOARD_InitDebugConsole_Core1                      ./board/board.o
BOARD_InitPins                                    ./board/pin_mux.o
                                                  ./source/hello_world_s.o
BOARD_InitTrustZone                               ./trustzone/tzm_config.o
                                                  ./source/hello_world_s.o
BusFault_Handler                                  ./startup/startup_lpc55s69_cm33_core0.o
CASER_DriverIRQHandler                            ./startup/startup_lpc55s69_cm33_core0.o
CASER_IRQHandler                                  ./startup/startup_lpc55s69_cm33_core0.o
CLOCK_AttachClk                                   ./drivers/fsl_clock.o
                                                  C:\Temp\MPC-MKS\lpcxpresso55s69_hello_world_s\libs\libpower_hardabi_s.a(fsl_power_lib.o)
                                                  ./board/clock_config.o
                                                  ./board/board.o
                                                  ./source/hello_world_s.o
CLOCK_EnableUsbfs0DeviceClock                     ./drivers/fsl_clock.o
CLOCK_EnableUsbfs0HostClock                       ./drivers/fsl_clock.o
CLOCK_EnableUsbhs0DeviceClock                     ./drivers/fsl_clock.o
CLOCK_EnableUsbhs0HostClock                       ./drivers/fsl_clock.o
CLOCK_EnableUsbhs0PhyPllClock                     ./drivers/fsl_clock.o
CLOCK_GetAdcClkFreq                               ./drivers/fsl_clock.o
CLOCK_GetCTimerClkFreq                            ./drivers/fsl_clock.o
CLOCK_GetClockAttachId                            ./drivers/fsl_clock.o
CLOCK_GetClockOutClkFreq                          ./drivers/fsl_clock.o
CLOCK_GetCoreSysClkFreq                           ./drivers/fsl_clock.o
CLOCK_GetExtClkFreq                               ./drivers/fsl_clock.o
CLOCK_GetFlexCommClkFreq                          ./drivers/fsl_clock.o
CLOCK_GetFlexCommInputClock                       ./drivers/fsl_clock.o
CLOCK_GetFreq                                     ./drivers/fsl_clock.o
CLOCK_GetFro12MFreq                               ./drivers/fsl_clock.o
CLOCK_GetFro1MFreq                                ./drivers/fsl_clock.o
CLOCK_GetFroHfFreq                                ./drivers/fsl_clock.o
CLOCK_GetHsLspiClkFreq                            ./drivers/fsl_clock.o
CLOCK_GetI2SMClkFreq                              ./drivers/fsl_clock.o
CLOCK_GetMclkClkFreq                              ./drivers/fsl_clock.o
CLOCK_GetOsc32KFreq                               ./drivers/fsl_clock.o
CLOCK_GetPLL0InClockRate                          ./drivers/fsl_clock.o
CLOCK_GetPLL0OutClockRate                         ./drivers/fsl_clock.o
CLOCK_GetPLL0OutFromSetup                         ./drivers/fsl_clock.o
CLOCK_GetPLL1InClockRate                          ./drivers/fsl_clock.o
CLOCK_GetPll0OutFreq                              ./drivers/fsl_clock.o
CLOCK_GetPll1OutFreq                              ./drivers/fsl_clock.o
CLOCK_GetSctClkFreq                               ./drivers/fsl_clock.o
CLOCK_GetSdioClkFreq                              ./drivers/fsl_clock.o
CLOCK_GetSystickClkFreq                           ./drivers/fsl_clock.o
CLOCK_GetUsb0ClkFreq                              ./drivers/fsl_clock.o
CLOCK_GetUsb1ClkFreq                              ./drivers/fsl_clock.o
CLOCK_GetWdtClkFreq                               ./drivers/fsl_clock.o
CLOCK_SetClkDiv                                   ./drivers/fsl_clock.o
                                                  C:\Temp\MPC-MKS\lpcxpresso55s69_hello_world_s\libs\libpower_hardabi_s.a(fsl_power_lib.o)
                                                  ./board/clock_config.o
CLOCK_SetFLASHAccessCyclesForFreq                 ./drivers/fsl_clock.o
                                                  ./board/clock_config.o
CLOCK_SetFlexCommClock                            ./drivers/fsl_clock.o
CLOCK_SetPLL0Freq                                 ./drivers/fsl_clock.o
                                                  ./board/clock_config.o
CLOCK_SetPLL1Freq                                 ./drivers/fsl_clock.o
CLOCK_SetRtc1hzClkDiv                             ./drivers/fsl_clock.o
CLOCK_SetRtc1khzClkDiv                            ./drivers/fsl_clock.o
CLOCK_SetStoredPLL0ClockRate                      ./drivers/fsl_clock.o
CLOCK_SetupExtClocking                            ./drivers/fsl_clock.o
                                                  ./board/clock_config.o
CLOCK_SetupFROClocking                            ./drivers/fsl_clock.o
                                                  ./board/clock_config.o
CLOCK_SetupI2SMClkClocking                        ./drivers/fsl_clock.o
CLOCK_SetupPLL0Data                               ./drivers/fsl_clock.o
CLOCK_SetupPLL0Mult                               ./drivers/fsl_clock.o
CLOCK_SetupPLL0Prec                               ./drivers/fsl_clock.o
CTIMER0_DriverIRQHandler                          ./startup/startup_lpc55s69_cm33_core0.o
CTIMER0_IRQHandler                                ./startup/startup_lpc55s69_cm33_core0.o
CTIMER1_DriverIRQHandler                          ./startup/startup_lpc55s69_cm33_core0.o
CTIMER1_IRQHandler                                ./startup/startup_lpc55s69_cm33_core0.o
CTIMER2_DriverIRQHandler                          ./startup/startup_lpc55s69_cm33_core0.o
CTIMER2_IRQHandler                                ./startup/startup_lpc55s69_cm33_core0.o
CTIMER3_DriverIRQHandler                          ./startup/startup_lpc55s69_cm33_core0.o
CTIMER3_IRQHandler                                ./startup/startup_lpc55s69_cm33_core0.o
CTIMER4_DriverIRQHandler                          ./startup/startup_lpc55s69_cm33_core0.o
CTIMER4_IRQHandler                                ./startup/startup_lpc55s69_cm33_core0.o
DMA0_DriverIRQHandler                             ./startup/startup_lpc55s69_cm33_core0.o
DMA0_IRQHandler                                   ./startup/startup_lpc55s69_cm33_core0.o
DMA1_DriverIRQHandler                             ./startup/startup_lpc55s69_cm33_core0.o
DMA1_IRQHandler                                   ./startup/startup_lpc55s69_cm33_core0.o
DbgConsole_Deinit                                 ./utilities/fsl_debug_console.o
DbgConsole_Flush                                  ./utilities/fsl_debug_console.o
DbgConsole_Getchar                                ./utilities/fsl_debug_console.o
DbgConsole_Init                                   ./utilities/fsl_debug_console.o
                                                  ./board/board.o
DbgConsole_Printf                                 ./utilities/fsl_debug_console.o
                                                  ./source/hello_world_s.o
                                                  ./trustzone/veneer_table.o
                                                  ./utilities/fsl_assert.o
DbgConsole_Printf_NSE                             ./trustzone/veneer_table.o
DbgConsole_Putchar                                ./utilities/fsl_debug_console.o
DbgConsole_ReadCharacter                          ./utilities/fsl_debug_console.o
DbgConsole_ReadLine                               ./utilities/fsl_debug_console.o
DbgConsole_ReadOneCharacter                       ./utilities/fsl_debug_console.o
DbgConsole_Scanf                                  ./utilities/fsl_debug_console.o
DbgConsole_SendData                               ./utilities/fsl_debug_console.o
DbgConsole_SendDataReliable                       ./utilities/fsl_debug_console.o
DebugMon_Handler                                  ./startup/startup_lpc55s69_cm33_core0.o
DisableDeepSleepIRQ                               ./drivers/fsl_common.o
EnableDeepSleepIRQ                                ./drivers/fsl_common.o
FLEXCOMM0_DriverIRQHandler                        ./drivers/fsl_flexcomm.o
                                                  ./startup/startup_lpc55s69_cm33_core0.o
FLEXCOMM0_IRQHandler                              ./startup/startup_lpc55s69_cm33_core0.o
FLEXCOMM1_DriverIRQHandler                        ./drivers/fsl_flexcomm.o
                                                  ./startup/startup_lpc55s69_cm33_core0.o
FLEXCOMM1_IRQHandler                              ./startup/startup_lpc55s69_cm33_core0.o
FLEXCOMM2_DriverIRQHandler                        ./drivers/fsl_flexcomm.o
                                                  ./startup/startup_lpc55s69_cm33_core0.o
FLEXCOMM2_IRQHandler                              ./startup/startup_lpc55s69_cm33_core0.o
FLEXCOMM3_DriverIRQHandler                        ./drivers/fsl_flexcomm.o
                                                  ./startup/startup_lpc55s69_cm33_core0.o
FLEXCOMM3_IRQHandler                              ./startup/startup_lpc55s69_cm33_core0.o
FLEXCOMM4_DriverIRQHandler                        ./drivers/fsl_flexcomm.o
                                                  ./startup/startup_lpc55s69_cm33_core0.o
FLEXCOMM4_IRQHandler                              ./startup/startup_lpc55s69_cm33_core0.o
FLEXCOMM5_DriverIRQHandler                        ./drivers/fsl_flexcomm.o
                                                  ./startup/startup_lpc55s69_cm33_core0.o
FLEXCOMM5_IRQHandler                              ./startup/startup_lpc55s69_cm33_core0.o
FLEXCOMM6_DriverIRQHandler                        ./drivers/fsl_flexcomm.o
                                                  ./startup/startup_lpc55s69_cm33_core0.o
FLEXCOMM6_IRQHandler                              ./startup/startup_lpc55s69_cm33_core0.o
FLEXCOMM7_DriverIRQHandler                        ./drivers/fsl_flexcomm.o
                                                  ./startup/startup_lpc55s69_cm33_core0.o
FLEXCOMM7_IRQHandler                              ./startup/startup_lpc55s69_cm33_core0.o
FLEXCOMM8_DriverIRQHandler                        ./drivers/fsl_flexcomm.o
                                                  ./startup/startup_lpc55s69_cm33_core0.o
FLEXCOMM8_IRQHandler                              ./startup/startup_lpc55s69_cm33_core0.o
FLEXCOMM_GetInstance                              ./drivers/fsl_flexcomm.o
FLEXCOMM_Init                                     ./drivers/fsl_flexcomm.o
                                                  ./drivers/fsl_usart.o
FLEXCOMM_SetIRQHandler                            ./drivers/fsl_flexcomm.o
                                                  ./drivers/fsl_usart.o
GINT0_DriverIRQHandler                            ./startup/startup_lpc55s69_cm33_core0.o
GINT0_IRQHandler                                  ./startup/startup_lpc55s69_cm33_core0.o
GINT1_DriverIRQHandler                            ./startup/startup_lpc55s69_cm33_core0.o
GINT1_IRQHandler                                  ./startup/startup_lpc55s69_cm33_core0.o
GPIO_PinInit                                      ./drivers/fsl_gpio.o
GPIO_PortInit                                     ./drivers/fsl_gpio.o
HAL_UartDeinit                                    ./component/uart/usart_adapter.o
                                                  ./component/serial_manager/serial_port_uart.o
HAL_UartInit                                      ./component/uart/usart_adapter.o
                                                  ./component/serial_manager/serial_port_uart.o
HAL_UartReceiveBlocking                           ./component/uart/usart_adapter.o
                                                  ./component/serial_manager/serial_port_uart.o
HAL_UartSendBlocking                              ./component/uart/usart_adapter.o
                                                  ./component/serial_manager/serial_port_uart.o
HASHCRYPT_DriverIRQHandler                        ./startup/startup_lpc55s69_cm33_core0.o
HASHCRYPT_IRQHandler                              ./startup/startup_lpc55s69_cm33_core0.o
HardFault_Handler                                 ./source/semihost_hardfault.o
                                                  ./startup/startup_lpc55s69_cm33_core0.o
IntDefaultHandler                                 ./startup/startup_lpc55s69_cm33_core0.o
LIST_AddHead                                      ./component/lists/generic_list.o
LIST_AddPrevElement                               ./component/lists/generic_list.o
LIST_AddTail                                      ./component/lists/generic_list.o
LIST_GetAvailableSize                             ./component/lists/generic_list.o
LIST_GetHead                                      ./component/lists/generic_list.o
LIST_GetList                                      ./component/lists/generic_list.o
LIST_GetNext                                      ./component/lists/generic_list.o
LIST_GetPrev                                      ./component/lists/generic_list.o
LIST_GetSize                                      ./component/lists/generic_list.o
LIST_Init                                         ./component/lists/generic_list.o
LIST_RemoveElement                                ./component/lists/generic_list.o
LIST_RemoveHead                                   ./component/lists/generic_list.o
MAILBOX_DriverIRQHandler                          ./startup/startup_lpc55s69_cm33_core0.o
MAILBOX_IRQHandler                                ./startup/startup_lpc55s69_cm33_core0.o
MRT0_DriverIRQHandler                             ./startup/startup_lpc55s69_cm33_core0.o
MRT0_IRQHandler                                   ./startup/startup_lpc55s69_cm33_core0.o
MemManage_Handler                                 ./startup/startup_lpc55s69_cm33_core0.o
NMI_Handler                                       ./startup/startup_lpc55s69_cm33_core0.o
OS_EVENT_DriverIRQHandler                         ./startup/startup_lpc55s69_cm33_core0.o
OS_EVENT_IRQHandler                               ./startup/startup_lpc55s69_cm33_core0.o
PIN_INT0_DriverIRQHandler                         ./startup/startup_lpc55s69_cm33_core0.o
PIN_INT0_IRQHandler                               ./startup/startup_lpc55s69_cm33_core0.o
PIN_INT1_DriverIRQHandler                         ./startup/startup_lpc55s69_cm33_core0.o
PIN_INT1_IRQHandler                               ./startup/startup_lpc55s69_cm33_core0.o
PIN_INT2_DriverIRQHandler                         ./startup/startup_lpc55s69_cm33_core0.o
PIN_INT2_IRQHandler                               ./startup/startup_lpc55s69_cm33_core0.o
PIN_INT3_DriverIRQHandler                         ./startup/startup_lpc55s69_cm33_core0.o
PIN_INT3_IRQHandler                               ./startup/startup_lpc55s69_cm33_core0.o
PIN_INT4_DriverIRQHandler                         ./startup/startup_lpc55s69_cm33_core0.o
PIN_INT4_IRQHandler                               ./startup/startup_lpc55s69_cm33_core0.o
PIN_INT5_DriverIRQHandler                         ./startup/startup_lpc55s69_cm33_core0.o
PIN_INT5_IRQHandler                               ./startup/startup_lpc55s69_cm33_core0.o
PIN_INT6_DriverIRQHandler                         ./startup/startup_lpc55s69_cm33_core0.o
PIN_INT6_IRQHandler                               ./startup/startup_lpc55s69_cm33_core0.o
PIN_INT7_DriverIRQHandler                         ./startup/startup_lpc55s69_cm33_core0.o
PIN_INT7_IRQHandler                               ./startup/startup_lpc55s69_cm33_core0.o
PLU_DriverIRQHandler                              ./startup/startup_lpc55s69_cm33_core0.o
PLU_IRQHandler                                    ./startup/startup_lpc55s69_cm33_core0.o
POWER_CycleCpuAndFlash                            C:\Temp\MPC-MKS\lpcxpresso55s69_hello_world_s\libs\libpower_hardabi_s.a(fsl_power_lib.o)
POWER_EnterDeepPowerDown                          C:\Temp\MPC-MKS\lpcxpresso55s69_hello_world_s\libs\libpower_hardabi_s.a(fsl_power_lib.o)
POWER_EnterDeepSleep                              C:\Temp\MPC-MKS\lpcxpresso55s69_hello_world_s\libs\libpower_hardabi_s.a(fsl_power_lib.o)
POWER_EnterLowPower                               C:\Temp\MPC-MKS\lpcxpresso55s69_hello_world_s\libs\libpower_hardabi_s.a(fsl_power_lib.o)
POWER_EnterPowerDown                              C:\Temp\MPC-MKS\lpcxpresso55s69_hello_world_s\libs\libpower_hardabi_s.a(fsl_power_lib.o)
POWER_EnterSleep                                  C:\Temp\MPC-MKS\lpcxpresso55s69_hello_world_s\libs\libpower_hardabi_s.a(fsl_power_lib.o)
POWER_GetLibVersion                               C:\Temp\MPC-MKS\lpcxpresso55s69_hello_world_s\libs\libpower_hardabi_s.a(fsl_power_lib.o)
POWER_SetVoltageForFreq                           C:\Temp\MPC-MKS\lpcxpresso55s69_hello_world_s\libs\libpower_hardabi_s.a(fsl_power_lib.o)
                                                  ./board/clock_config.o
                                                  ./drivers/fsl_clock.o
POWER_SetXtal16mhzLdo                             C:\Temp\MPC-MKS\lpcxpresso55s69_hello_world_s\libs\libpower_hardabi_s.a(fsl_power_lib.o)
POWER_SetXtal16mhzTrim                            C:\Temp\MPC-MKS\lpcxpresso55s69_hello_world_s\libs\libpower_hardabi_s.a(fsl_power_lib.o)
POWER_Xtal16mhzCapabankTrim                       C:\Temp\MPC-MKS\lpcxpresso55s69_hello_world_s\libs\libpower_hardabi_s.a(fsl_power_lib.o)
POWER_Xtal32khzCapabankTrim                       C:\Temp\MPC-MKS\lpcxpresso55s69_hello_world_s\libs\libpower_hardabi_s.a(fsl_power_lib.o)
PQ_DriverIRQHandler                               ./startup/startup_lpc55s69_cm33_core0.o
PQ_IRQHandler                                     ./startup/startup_lpc55s69_cm33_core0.o
PUF_DriverIRQHandler                              ./startup/startup_lpc55s69_cm33_core0.o
PUF_IRQHandler                                    ./startup/startup_lpc55s69_cm33_core0.o
PendSV_Handler                                    ./startup/startup_lpc55s69_cm33_core0.o
RESET_ClearPeripheralReset                        ./drivers/fsl_reset.o
                                                  ./board/board.o
RESET_PeripheralReset                             ./drivers/fsl_reset.o
                                                  ./drivers/fsl_gpio.o
                                                  ./drivers/fsl_flexcomm.o
RESET_SetPeripheralReset                          ./drivers/fsl_reset.o
RTC_DriverIRQHandler                              ./startup/startup_lpc55s69_cm33_core0.o
RTC_IRQHandler                                    ./startup/startup_lpc55s69_cm33_core0.o
Reserved39_DriverIRQHandler                       ./startup/startup_lpc55s69_cm33_core0.o
Reserved39_IRQHandler                             ./startup/startup_lpc55s69_cm33_core0.o
Reserved41_DriverIRQHandler                       ./startup/startup_lpc55s69_cm33_core0.o
Reserved41_IRQHandler                             ./startup/startup_lpc55s69_cm33_core0.o
Reserved42_DriverIRQHandler                       ./startup/startup_lpc55s69_cm33_core0.o
Reserved42_IRQHandler                             ./startup/startup_lpc55s69_cm33_core0.o
Reserved46_DriverIRQHandler                       ./startup/startup_lpc55s69_cm33_core0.o
Reserved46_IRQHandler                             ./startup/startup_lpc55s69_cm33_core0.o
Reserved55_DriverIRQHandler                       ./startup/startup_lpc55s69_cm33_core0.o
Reserved55_IRQHandler                             ./startup/startup_lpc55s69_cm33_core0.o
Reserved56_DriverIRQHandler                       ./startup/startup_lpc55s69_cm33_core0.o
Reserved56_IRQHandler                             ./startup/startup_lpc55s69_cm33_core0.o
Reserved57_DriverIRQHandler                       ./startup/startup_lpc55s69_cm33_core0.o
Reserved57_IRQHandler                             ./startup/startup_lpc55s69_cm33_core0.o
Reserved59_DriverIRQHandler                       ./startup/startup_lpc55s69_cm33_core0.o
Reserved59_IRQHandler                             ./startup/startup_lpc55s69_cm33_core0.o
Reserved60_DriverIRQHandler                       ./startup/startup_lpc55s69_cm33_core0.o
Reserved60_IRQHandler                             ./startup/startup_lpc55s69_cm33_core0.o
Reserved61_DriverIRQHandler                       ./startup/startup_lpc55s69_cm33_core0.o
Reserved61_IRQHandler                             ./startup/startup_lpc55s69_cm33_core0.o
ResetISR                                          ./startup/startup_lpc55s69_cm33_core0.o
SCT0_DriverIRQHandler                             ./startup/startup_lpc55s69_cm33_core0.o
SCT0_IRQHandler                                   ./startup/startup_lpc55s69_cm33_core0.o
SDIO_DriverIRQHandler                             ./startup/startup_lpc55s69_cm33_core0.o
SDIO_IRQHandler                                   ./startup/startup_lpc55s69_cm33_core0.o
SDK_DelayAtLeastUs                                ./drivers/fsl_clock.o
SDK_Free                                          ./drivers/fsl_common.o
SDK_Malloc                                        ./drivers/fsl_common.o
SEC_GPIO_INT0_IRQ0_DriverIRQHandler               ./startup/startup_lpc55s69_cm33_core0.o
SEC_GPIO_INT0_IRQ0_IRQHandler                     ./startup/startup_lpc55s69_cm33_core0.o
SEC_GPIO_INT0_IRQ1_DriverIRQHandler               ./startup/startup_lpc55s69_cm33_core0.o
SEC_GPIO_INT0_IRQ1_IRQHandler                     ./startup/startup_lpc55s69_cm33_core0.o
SEC_HYPERVISOR_CALL_DriverIRQHandler              ./startup/startup_lpc55s69_cm33_core0.o
SEC_HYPERVISOR_CALL_IRQHandler                    ./startup/startup_lpc55s69_cm33_core0.o
SEC_VIO_DriverIRQHandler                          ./startup/startup_lpc55s69_cm33_core0.o
SEC_VIO_IRQHandler                                ./startup/startup_lpc55s69_cm33_core0.o
SVC_Handler                                       ./startup/startup_lpc55s69_cm33_core0.o
SerialManager_CloseReadHandle                     ./component/serial_manager/serial_manager.o
                                                  ./utilities/fsl_debug_console.o
SerialManager_CloseWriteHandle                    ./component/serial_manager/serial_manager.o
                                                  ./utilities/fsl_debug_console.o
SerialManager_Deinit                              ./component/serial_manager/serial_manager.o
SerialManager_EnterLowpower                       ./component/serial_manager/serial_manager.o
SerialManager_ExitLowpower                        ./component/serial_manager/serial_manager.o
SerialManager_Init                                ./component/serial_manager/serial_manager.o
                                                  ./utilities/fsl_debug_console.o
SerialManager_OpenReadHandle                      ./component/serial_manager/serial_manager.o
                                                  ./utilities/fsl_debug_console.o
SerialManager_OpenWriteHandle                     ./component/serial_manager/serial_manager.o
                                                  ./utilities/fsl_debug_console.o
SerialManager_ReadBlocking                        ./component/serial_manager/serial_manager.o
                                                  ./utilities/fsl_debug_console.o
SerialManager_WriteBlocking                       ./component/serial_manager/serial_manager.o
                                                  ./utilities/fsl_debug_console.o
Serial_UartDeinit                                 ./component/serial_manager/serial_port_uart.o